[
{
    
    "platform" : "smaato",
    "date" : "2018-01-20",
    
    "adspaceid" : "130289685",
    "total_impressions" : 7371,
    "resold_impressions" : 45,
    "revenue" : 0.02,
    "revenue_dict" : {
        "EUR" : 0.016369,
        "USD" : 0.02
    },
    "placement_id" : "10554571"
}

,
{
    
    "platform" : "smaato",
    "date" : "2018-01-20",
    
    "adspaceid" : "130289683",
    "total_impressions" : 1450,
    "resold_impressions" : 13,
    "revenue" : 0.01,
    "revenue_dict" : {
        "EUR" : 0.008185,
        "USD" : 0.01
    },
    "placement_id" : "10554576"
}

,
{
    
    "platform" : "smaato",
    "date" : "2018-01-20",
    
    "adspaceid" : "130289675",
    "total_impressions" : 297,
    "resold_impressions" : 5,
    "revenue" : 0.0,
    "revenue_dict" : {
        "EUR" : 0.0,
        "USD" : 0.0
    },
    "placement_id" : "10554577"
}

,
{
    
    "platform" : "smaato",
    "date" : "2018-01-20",
    
    "adspaceid" : "130271187",
    "total_impressions" : 372,
    "resold_impressions" : 10,
    "revenue" : 0.01,
    "revenue_dict" : {
        "EUR" : 0.008185,
        "USD" : 0.01
    },
    "placement_id" : "10889411"
}

,
{
    
    "platform" : "smaato",
    "date" : "2018-01-20",
    
    "adspaceid" : "130271188",
    "total_impressions" : 227,
    "resold_impressions" : 4,
    "revenue" : 0.0,
    "revenue_dict" : {
        "EUR" : 0.0,
        "USD" : 0.0
    },
    "placement_id" : "10889414"
}

,
{
    
    "platform" : "smaato",
    "date" : "2018-01-20",
    
    "adspaceid" : "130275945",
    "total_impressions" : 12139,
    "resold_impressions" : 172,
    "revenue" : 0.06,
    "revenue_dict" : {
        "EUR" : 0.049107,
        "USD" : 0.06
    },
    "placement_id" : "10895217"
}

,
{
    
    "platform" : "smaato",
    "date" : "2018-01-20",
    
    "adspaceid" : "130275979",
    "total_impressions" : 1442,
    "resold_impressions" : 7,
    "revenue" : 0.0,
    "revenue_dict" : {
        "EUR" : 0.0,
        "USD" : 0.0
    },
    "placement_id" : "11071848"
}

,
{
    
    "platform" : "smaato",
    "date" : "2018-01-20",
    
    "adspaceid" : "130289877",
    "total_impressions" : 107926,
    "resold_impressions" : 1842,
    "revenue" : 0.61,
    "revenue_dict" : {
        "EUR" : 0.499254,
        "USD" : 0.61
    },
    "placement_id" : "11140981"
}

,
{
    
    "platform" : "smaato",
    "date" : "2018-01-20",
    
    "adspaceid" : "130273944",
    "total_impressions" : 1,
    "resold_impressions" : 0,
    "revenue" : 0.0,
    "revenue_dict" : {
        "EUR" : 0.0,
        "USD" : 0.0
    },
    "placement_id" : "11141004"
}

,
{
    
    "platform" : "smaato",
    "date" : "2018-01-20",
    
    "adspaceid" : "130289439",
    "total_impressions" : 2140,
    "resold_impressions" : 26,
    "revenue" : 0.0,
    "revenue_dict" : {
        "EUR" : 0.0,
        "USD" : 0.0
    },
    "placement_id" : "11182528"
}

,
{
    
    "platform" : "smaato",
    "date" : "2018-01-20",
    
    "adspaceid" : "130289432",
    "total_impressions" : 3532,
    "resold_impressions" : 44,
    "revenue" : 0.01,
    "revenue_dict" : {
        "EUR" : 0.008185,
        "USD" : 0.01
    },
    "placement_id" : "11182531"
}

,
{
    
    "platform" : "smaato",
    "date" : "2018-01-20",
    
    "adspaceid" : "130289436",
    "total_impressions" : 4034,
    "resold_impressions" : 99,
    "revenue" : 0.01,
    "revenue_dict" : {
        "EUR" : 0.008185,
        "USD" : 0.01
    },
    "placement_id" : "11182532"
}

,
{
    
    "platform" : "smaato",
    "date" : "2018-01-20",
    
    "adspaceid" : "130288706",
    "total_impressions" : 3843,
    "resold_impressions" : 133,
    "revenue" : 0.02,
    "revenue_dict" : {
        "EUR" : 0.016369,
        "USD" : 0.02
    },
    "placement_id" : "11182539"
}

,
{
    
    "platform" : "smaato",
    "date" : "2018-01-20",
    
    "adspaceid" : "130288707",
    "total_impressions" : 4056,
    "resold_impressions" : 137,
    "revenue" : 0.02,
    "revenue_dict" : {
        "EUR" : 0.016369,
        "USD" : 0.02
    },
    "placement_id" : "11182540"
}

,
{
    
    "platform" : "smaato",
    "date" : "2018-01-20",
    
    "adspaceid" : "130288708",
    "total_impressions" : 4862,
    "resold_impressions" : 202,
    "revenue" : 0.03,
    "revenue_dict" : {
        "EUR" : 0.024553,
        "USD" : 0.03
    },
    "placement_id" : "11182541"
}

,
{
    
    "platform" : "smaato",
    "date" : "2018-01-20",
    
    "adspaceid" : "130289441",
    "total_impressions" : 55,
    "resold_impressions" : 0,
    "revenue" : 0.0,
    "revenue_dict" : {
        "EUR" : 0.0,
        "USD" : 0.0
    },
    "placement_id" : "11182548"
}

,
{
    
    "platform" : "smaato",
    "date" : "2018-01-20",
    
    "adspaceid" : "130289442",
    "total_impressions" : 74,
    "resold_impressions" : 0,
    "revenue" : 0.0,
    "revenue_dict" : {
        "EUR" : 0.0,
        "USD" : 0.0
    },
    "placement_id" : "11182549"
}

,
{
    
    "platform" : "smaato",
    "date" : "2018-01-20",
    
    "adspaceid" : "130289437",
    "total_impressions" : 434,
    "resold_impressions" : 6,
    "revenue" : 0.0,
    "revenue_dict" : {
        "EUR" : 0.0,
        "USD" : 0.0
    },
    "placement_id" : "11182555"
}

,
{
    
    "platform" : "smaato",
    "date" : "2018-01-20",
    
    "adspaceid" : "130281105",
    "total_impressions" : 67,
    "resold_impressions" : 28,
    "revenue" : 0.0,
    "revenue_dict" : {
        "EUR" : 0.0,
        "USD" : 0.0
    },
    "placement_id" : "11286112"
}

,
{
    
    "platform" : "smaato",
    "date" : "2018-01-20",
    
    "adspaceid" : "130289482",
    "total_impressions" : 1,
    "resold_impressions" : 0,
    "revenue" : 0.0,
    "revenue_dict" : {
        "EUR" : 0.0,
        "USD" : 0.0
    },
    "placement_id" : "11348518"
}

,
{
    
    "platform" : "smaato",
    "date" : "2018-01-20",
    
    "adspaceid" : "130288439",
    "total_impressions" : 52805,
    "resold_impressions" : 600,
    "revenue" : 0.21,
    "revenue_dict" : {
        "EUR" : 0.171874,
        "USD" : 0.21
    },
    "placement_id" : "11409049"
}

,
{
    
    "platform" : "smaato",
    "date" : "2018-01-20",
    
    "adspaceid" : "130289445",
    "total_impressions" : 1328,
    "resold_impressions" : 4,
    "revenue" : 0.0,
    "revenue_dict" : {
        "EUR" : 0.0,
        "USD" : 0.0
    },
    "placement_id" : "11409757"
}

,
{
    
    "platform" : "smaato",
    "date" : "2018-01-20",
    
    "adspaceid" : "130289703",
    "total_impressions" : 799,
    "resold_impressions" : 90,
    "revenue" : 0.01,
    "revenue_dict" : {
        "EUR" : 0.008185,
        "USD" : 0.01
    },
    "placement_id" : "11441368"
}

,
{
    
    "platform" : "smaato",
    "date" : "2018-01-20",
    
    "adspaceid" : "130289702",
    "total_impressions" : 11043,
    "resold_impressions" : 353,
    "revenue" : 0.04,
    "revenue_dict" : {
        "EUR" : 0.032738,
        "USD" : 0.04
    },
    "placement_id" : "11441369"
}

,
{
    
    "platform" : "smaato",
    "date" : "2018-01-20",
    
    "adspaceid" : "130291000",
    "total_impressions" : 42635,
    "resold_impressions" : 236,
    "revenue" : 0.03,
    "revenue_dict" : {
        "EUR" : 0.024553,
        "USD" : 0.03
    },
    "placement_id" : "11441369"
}

,
{
    
    "platform" : "smaato",
    "date" : "2018-01-20",
    
    "adspaceid" : "130289704",
    "total_impressions" : 7721,
    "resold_impressions" : 241,
    "revenue" : 0.03,
    "revenue_dict" : {
        "EUR" : 0.024553,
        "USD" : 0.03
    },
    "placement_id" : "11441371"
}

,
{
    
    "platform" : "smaato",
    "date" : "2018-01-20",
    
    "adspaceid" : "130291001",
    "total_impressions" : 28327,
    "resold_impressions" : 156,
    "revenue" : 0.02,
    "revenue_dict" : {
        "EUR" : 0.016369,
        "USD" : 0.02
    },
    "placement_id" : "11441371"
}

,
{
    
    "platform" : "smaato",
    "date" : "2018-01-20",
    
    "adspaceid" : "130289686",
    "total_impressions" : 8288,
    "resold_impressions" : 249,
    "revenue" : 0.03,
    "revenue_dict" : {
        "EUR" : 0.024553,
        "USD" : 0.03
    },
    "placement_id" : "11441372"
}

,
{
    
    "platform" : "smaato",
    "date" : "2018-01-20",
    
    "adspaceid" : "130291005",
    "total_impressions" : 31506,
    "resold_impressions" : 159,
    "revenue" : 0.02,
    "revenue_dict" : {
        "EUR" : 0.016369,
        "USD" : 0.02
    },
    "placement_id" : "11441372"
}

,
{
    
    "platform" : "smaato",
    "date" : "2018-01-20",
    
    "adspaceid" : "130289732",
    "total_impressions" : 4277,
    "resold_impressions" : 205,
    "revenue" : 0.02,
    "revenue_dict" : {
        "EUR" : 0.016369,
        "USD" : 0.02
    },
    "placement_id" : "11441379"
}

,
{
    
    "platform" : "smaato",
    "date" : "2018-01-20",
    
    "adspaceid" : "130291006",
    "total_impressions" : 15691,
    "resold_impressions" : 58,
    "revenue" : 0.01,
    "revenue_dict" : {
        "EUR" : 0.008185,
        "USD" : 0.01
    },
    "placement_id" : "11441379"
}

,
{
    
    "platform" : "smaato",
    "date" : "2018-01-20",
    
    "adspaceid" : "130289705",
    "total_impressions" : 1850,
    "resold_impressions" : 81,
    "revenue" : 0.01,
    "revenue_dict" : {
        "EUR" : 0.008185,
        "USD" : 0.01
    },
    "placement_id" : "11441380"
}

,
{
    
    "platform" : "smaato",
    "date" : "2018-01-20",
    
    "adspaceid" : "130291007",
    "total_impressions" : 13694,
    "resold_impressions" : 31,
    "revenue" : 0.0,
    "revenue_dict" : {
        "EUR" : 0.0,
        "USD" : 0.0
    },
    "placement_id" : "11441380"
}

,
{
    
    "platform" : "smaato",
    "date" : "2018-01-20",
    
    "adspaceid" : "130291008",
    "total_impressions" : 12064,
    "resold_impressions" : 20,
    "revenue" : 0.0,
    "revenue_dict" : {
        "EUR" : 0.0,
        "USD" : 0.0
    },
    "placement_id" : "11441381"
}

,
{
    
    "platform" : "smaato",
    "date" : "2018-01-20",
    
    "adspaceid" : "130291009",
    "total_impressions" : 589,
    "resold_impressions" : 7,
    "revenue" : 0.0,
    "revenue_dict" : {
        "EUR" : 0.0,
        "USD" : 0.0
    },
    "placement_id" : "11441384"
}

,
{
    
    "platform" : "smaato",
    "date" : "2018-01-20",
    
    "adspaceid" : "130291010",
    "total_impressions" : 3490,
    "resold_impressions" : 28,
    "revenue" : 0.0,
    "revenue_dict" : {
        "EUR" : 0.0,
        "USD" : 0.0
    },
    "placement_id" : "11441385"
}

,
{
    
    "platform" : "smaato",
    "date" : "2018-01-20",
    
    "adspaceid" : "130291011",
    "total_impressions" : 2252,
    "resold_impressions" : 8,
    "revenue" : 0.0,
    "revenue_dict" : {
        "EUR" : 0.0,
        "USD" : 0.0
    },
    "placement_id" : "11441386"
}

,
{
    
    "platform" : "smaato",
    "date" : "2018-01-20",
    
    "adspaceid" : "130291012",
    "total_impressions" : 1281,
    "resold_impressions" : 8,
    "revenue" : 0.0,
    "revenue_dict" : {
        "EUR" : 0.0,
        "USD" : 0.0
    },
    "placement_id" : "11441387"
}

,
{
    
    "platform" : "smaato",
    "date" : "2018-01-20",
    
    "adspaceid" : "130289729",
    "total_impressions" : 4069,
    "resold_impressions" : 233,
    "revenue" : 0.03,
    "revenue_dict" : {
        "EUR" : 0.024553,
        "USD" : 0.03
    },
    "placement_id" : "11441392"
}

,
{
    
    "platform" : "smaato",
    "date" : "2018-01-20",
    
    "adspaceid" : "130291015",
    "total_impressions" : 13574,
    "resold_impressions" : 50,
    "revenue" : 0.01,
    "revenue_dict" : {
        "EUR" : 0.008185,
        "USD" : 0.01
    },
    "placement_id" : "11441392"
}

,
{
    
    "platform" : "smaato",
    "date" : "2018-01-20",
    
    "adspaceid" : "130289730",
    "total_impressions" : 8014,
    "resold_impressions" : 442,
    "revenue" : 0.05,
    "revenue_dict" : {
        "EUR" : 0.040923,
        "USD" : 0.05
    },
    "placement_id" : "11441433"
}

,
{
    
    "platform" : "smaato",
    "date" : "2018-01-20",
    
    "adspaceid" : "130291017",
    "total_impressions" : 30674,
    "resold_impressions" : 143,
    "revenue" : 0.02,
    "revenue_dict" : {
        "EUR" : 0.016369,
        "USD" : 0.02
    },
    "placement_id" : "11441433"
}

,
{
    
    "platform" : "smaato",
    "date" : "2018-01-20",
    
    "adspaceid" : "130289215",
    "total_impressions" : 494,
    "resold_impressions" : 3,
    "revenue" : 0.0,
    "revenue_dict" : {
        "EUR" : 0.0,
        "USD" : 0.0
    },
    "placement_id" : "11500669"
}

,
{
    
    "platform" : "smaato",
    "date" : "2018-01-20",
    
    "adspaceid" : "130289874",
    "total_impressions" : 2,
    "resold_impressions" : 0,
    "revenue" : 0.0,
    "revenue_dict" : {
        "EUR" : 0.0,
        "USD" : 0.0
    },
    "placement_id" : "11576927"
}

,
{
    
    "platform" : "smaato",
    "date" : "2018-01-20",
    
    "adspaceid" : "130289443",
    "total_impressions" : 8736,
    "resold_impressions" : 38,
    "revenue" : 0.01,
    "revenue_dict" : {
        "EUR" : 0.008185,
        "USD" : 0.01
    },
    "placement_id" : "11604830"
}

,
{
    
    "platform" : "smaato",
    "date" : "2018-01-20",
    
    "adspaceid" : "130289498",
    "total_impressions" : 15757,
    "resold_impressions" : 158,
    "revenue" : 0.07,
    "revenue_dict" : {
        "EUR" : 0.057292,
        "USD" : 0.07
    },
    "placement_id" : "3841456"
}

,
{
    
    "platform" : "smaato",
    "date" : "2018-01-20",
    
    "adspaceid" : "130289495",
    "total_impressions" : 351,
    "resold_impressions" : 0,
    "revenue" : 0.0,
    "revenue_dict" : {
        "EUR" : 0.0,
        "USD" : 0.0
    },
    "placement_id" : "3841465"
}

,
{
    
    "platform" : "smaato",
    "date" : "2018-01-20",
    
    "adspaceid" : "130275932",
    "total_impressions" : 11655,
    "resold_impressions" : 37,
    "revenue" : 0.02,
    "revenue_dict" : {
        "EUR" : 0.016369,
        "USD" : 0.02
    },
    "placement_id" : "3858539"
}

,
{
    
    "platform" : "smaato",
    "date" : "2018-01-20",
    
    "adspaceid" : "130275974",
    "total_impressions" : 1168,
    "resold_impressions" : 3,
    "revenue" : 0.0,
    "revenue_dict" : {
        "EUR" : 0.0,
        "USD" : 0.0
    },
    "placement_id" : "3894269"
}

,
{
    
    "platform" : "smaato",
    "date" : "2018-01-20",
    
    "adspaceid" : "130282785",
    "total_impressions" : 8761,
    "resold_impressions" : 84,
    "revenue" : 0.02,
    "revenue_dict" : {
        "EUR" : 0.016369,
        "USD" : 0.02
    },
    "placement_id" : "3894541"
}

,
{
    
    "platform" : "smaato",
    "date" : "2018-01-20",
    
    "adspaceid" : "130272503",
    "total_impressions" : 13039,
    "resold_impressions" : 16,
    "revenue" : 0.0,
    "revenue_dict" : {
        "EUR" : 0.0,
        "USD" : 0.0
    },
    "placement_id" : "3894559"
}

,
{
    
    "platform" : "smaato",
    "date" : "2018-01-20",
    
    "adspaceid" : "130289671",
    "total_impressions" : 45132,
    "resold_impressions" : 164,
    "revenue" : 0.08,
    "revenue_dict" : {
        "EUR" : 0.065476,
        "USD" : 0.08
    },
    "placement_id" : "3962860"
}

,
{
    
    "platform" : "smaato",
    "date" : "2018-01-20",
    
    "adspaceid" : "130289672",
    "total_impressions" : 69016,
    "resold_impressions" : 1231,
    "revenue" : 0.16,
    "revenue_dict" : {
        "EUR" : 0.130952,
        "USD" : 0.16
    },
    "placement_id" : "4207409"
}

,
{
    
    "platform" : "smaato",
    "date" : "2018-01-20",
    
    "adspaceid" : "130289674",
    "total_impressions" : 64849,
    "resold_impressions" : 1657,
    "revenue" : 0.23,
    "revenue_dict" : {
        "EUR" : 0.188244,
        "USD" : 0.23
    },
    "placement_id" : "4207423"
}

,
{
    
    "platform" : "smaato",
    "date" : "2018-01-20",
    
    "adspaceid" : "130275958",
    "total_impressions" : 99,
    "resold_impressions" : 1,
    "revenue" : 0.0,
    "revenue_dict" : {
        "EUR" : 0.0,
        "USD" : 0.0
    },
    "placement_id" : "5576507"
}

,
{
    
    "platform" : "smaato",
    "date" : "2018-01-20",
    
    "adspaceid" : "130275931",
    "total_impressions" : 38729,
    "resold_impressions" : 520,
    "revenue" : 0.17,
    "revenue_dict" : {
        "EUR" : 0.139137,
        "USD" : 0.17
    },
    "placement_id" : "5973531"
}

,
{
    
    "platform" : "smaato",
    "date" : "2018-01-20",
    
    "adspaceid" : "130284311",
    "total_impressions" : 32674,
    "resold_impressions" : 275,
    "revenue" : 0.1,
    "revenue_dict" : {
        "EUR" : 0.081845,
        "USD" : 0.1
    },
    "placement_id" : "6387213"
}

,
{
    
    "platform" : "smaato",
    "date" : "2018-01-20",
    
    "adspaceid" : "130275987",
    "total_impressions" : 16335,
    "resold_impressions" : 276,
    "revenue" : 0.09,
    "revenue_dict" : {
        "EUR" : 0.073661,
        "USD" : 0.09
    },
    "placement_id" : "7166205"
}

,
{
    
    "platform" : "smaato",
    "date" : "2018-01-20",
    
    "adspaceid" : "130275936",
    "total_impressions" : 18161,
    "resold_impressions" : 262,
    "revenue" : 0.09,
    "revenue_dict" : {
        "EUR" : 0.073661,
        "USD" : 0.09
    },
    "placement_id" : "7169904"
}

,
{
    
    "platform" : "smaato",
    "date" : "2018-01-20",
    
    "adspaceid" : "130275935",
    "total_impressions" : 67549,
    "resold_impressions" : 197,
    "revenue" : 0.07,
    "revenue_dict" : {
        "EUR" : 0.057292,
        "USD" : 0.07
    },
    "placement_id" : "7169907"
}

,
{
    
    "platform" : "smaato",
    "date" : "2018-01-20",
    
    "adspaceid" : "130273945",
    "total_impressions" : 9292,
    "resold_impressions" : 98,
    "revenue" : 0.03,
    "revenue_dict" : {
        "EUR" : 0.024553,
        "USD" : 0.03
    },
    "placement_id" : "7491677"
}

,
{
    
    "platform" : "smaato",
    "date" : "2018-01-20",
    
    "adspaceid" : "130273946",
    "total_impressions" : 8593,
    "resold_impressions" : 135,
    "revenue" : 0.04,
    "revenue_dict" : {
        "EUR" : 0.032738,
        "USD" : 0.04
    },
    "placement_id" : "7491680"
}

,
{
    
    "platform" : "smaato",
    "date" : "2018-01-20",
    
    "adspaceid" : "130275966",
    "total_impressions" : 1574,
    "resold_impressions" : 12,
    "revenue" : 0.0,
    "revenue_dict" : {
        "EUR" : 0.0,
        "USD" : 0.0
    },
    "placement_id" : "7491770"
}

,
{
    
    "platform" : "smaato",
    "date" : "2018-01-20",
    
    "adspaceid" : "130275967",
    "total_impressions" : 1862,
    "resold_impressions" : 3,
    "revenue" : 0.0,
    "revenue_dict" : {
        "EUR" : 0.0,
        "USD" : 0.0
    },
    "placement_id" : "7491781"
}

,
{
    
    "platform" : "smaato",
    "date" : "2018-01-20",
    
    "adspaceid" : "130275939",
    "total_impressions" : 25902,
    "resold_impressions" : 41,
    "revenue" : 0.01,
    "revenue_dict" : {
        "EUR" : 0.008185,
        "USD" : 0.01
    },
    "placement_id" : "7491842"
}

,
{
    
    "platform" : "smaato",
    "date" : "2018-01-20",
    
    "adspaceid" : "130275981",
    "total_impressions" : 9921,
    "resold_impressions" : 4,
    "revenue" : 0.0,
    "revenue_dict" : {
        "EUR" : 0.0,
        "USD" : 0.0
    },
    "placement_id" : "7491929"
}

,
{
    
    "platform" : "smaato",
    "date" : "2018-01-20",
    
    "adspaceid" : "130275972",
    "total_impressions" : 5992,
    "resold_impressions" : 11,
    "revenue" : 0.0,
    "revenue_dict" : {
        "EUR" : 0.0,
        "USD" : 0.0
    },
    "placement_id" : "7491932"
}

,
{
    
    "platform" : "smaato",
    "date" : "2018-01-20",
    
    "adspaceid" : "130275973",
    "total_impressions" : 2704,
    "resold_impressions" : 2,
    "revenue" : 0.0,
    "revenue_dict" : {
        "EUR" : 0.0,
        "USD" : 0.0
    },
    "placement_id" : "7491935"
}

,
{
    
    "platform" : "smaato",
    "date" : "2018-01-20",
    
    "adspaceid" : "130275982",
    "total_impressions" : 2670,
    "resold_impressions" : 19,
    "revenue" : 0.01,
    "revenue_dict" : {
        "EUR" : 0.008185,
        "USD" : 0.01
    },
    "placement_id" : "9017397"
}

,
{
    
    "platform" : "smaato",
    "date" : "2018-01-20",
    
    "adspaceid" : "130275983",
    "total_impressions" : 6696,
    "resold_impressions" : 10,
    "revenue" : 0.0,
    "revenue_dict" : {
        "EUR" : 0.0,
        "USD" : 0.0
    },
    "placement_id" : "9017446"
}

,
{
    
    "platform" : "smaato",
    "date" : "2018-01-20",
    
    "adspaceid" : "130282484",
    "total_impressions" : 19,
    "resold_impressions" : 0,
    "revenue" : 0.0,
    "revenue_dict" : {
        "EUR" : 0.0,
        "USD" : 0.0
    },
    "placement_id" : "9030502"
}

,
{
    
    "platform" : "smaato",
    "date" : "2018-01-20",
    
    "adspaceid" : "130275942",
    "total_impressions" : 5561,
    "resold_impressions" : 179,
    "revenue" : 0.06,
    "revenue_dict" : {
        "EUR" : 0.049107,
        "USD" : 0.06
    },
    "placement_id" : "9052098"
}

,
{
    
    "platform" : "smaato",
    "date" : "2018-01-20",
    
    "adspaceid" : "130275941",
    "total_impressions" : 9774,
    "resold_impressions" : 260,
    "revenue" : 0.08,
    "revenue_dict" : {
        "EUR" : 0.065476,
        "USD" : 0.08
    },
    "placement_id" : "9052099"
}

,
{
    
    "platform" : "smaato",
    "date" : "2018-01-20",
    
    "adspaceid" : "130275940",
    "total_impressions" : 6646,
    "resold_impressions" : 236,
    "revenue" : 0.07,
    "revenue_dict" : {
        "EUR" : 0.057292,
        "USD" : 0.07
    },
    "placement_id" : "9052100"
}

,
{
    
    "platform" : "smaato",
    "date" : "2018-01-20",
    
    "adspaceid" : "130273951",
    "total_impressions" : 22670,
    "resold_impressions" : 370,
    "revenue" : 0.12,
    "revenue_dict" : {
        "EUR" : 0.098214,
        "USD" : 0.12
    },
    "placement_id" : "9525439"
}

,
{
    
    "platform" : "smaato",
    "date" : "2018-01-20",
    
    "adspaceid" : "130273948",
    "total_impressions" : 128314,
    "resold_impressions" : 1700,
    "revenue" : 0.6,
    "revenue_dict" : {
        "EUR" : 0.49107,
        "USD" : 0.6
    },
    "placement_id" : "9525460"
}

,
{
    
    "platform" : "smaato",
    "date" : "2018-01-20",
    
    "adspaceid" : "130273949",
    "total_impressions" : 92023,
    "resold_impressions" : 1292,
    "revenue" : 0.43,
    "revenue_dict" : {
        "EUR" : 0.351934,
        "USD" : 0.43
    },
    "placement_id" : "9525477"
}

,
{
    
    "platform" : "smaato",
    "date" : "2018-01-20",
    
    "adspaceid" : "130274625",
    "total_impressions" : 5064,
    "resold_impressions" : 723,
    "revenue" : 0.1,
    "revenue_dict" : {
        "EUR" : 0.081845,
        "USD" : 0.1
    },
    "placement_id" : "9720268"
}

,
{
    
    "platform" : "smaato",
    "date" : "2018-01-20",
    
    "adspaceid" : "130273956",
    "total_impressions" : 11991,
    "resold_impressions" : 145,
    "revenue" : 0.05,
    "revenue_dict" : {
        "EUR" : 0.040923,
        "USD" : 0.05
    },
    "placement_id" : "9791862"
}

,
{
    
    "platform" : "smaato",
    "date" : "2018-01-20",
    
    "adspaceid" : "130289474",
    "total_impressions" : 13313,
    "resold_impressions" : 99,
    "revenue" : 0.03,
    "revenue_dict" : {
        "EUR" : 0.024553,
        "USD" : 0.03
    },
    "placement_id" : "9905336"
}

,
{
    
    "platform" : "smaato",
    "date" : "2018-01-20",
    
    "adspaceid" : "130289469",
    "total_impressions" : 10767,
    "resold_impressions" : 86,
    "revenue" : 0.03,
    "revenue_dict" : {
        "EUR" : 0.024553,
        "USD" : 0.03
    },
    "placement_id" : "9905337"
}

,
{
    
    "platform" : "smaato",
    "date" : "2018-01-20",
    
    "adspaceid" : "130289668",
    "total_impressions" : 8094,
    "resold_impressions" : 2727,
    "revenue" : 0.11,
    "revenue_dict" : {
        "EUR" : 0.090029,
        "USD" : 0.11
    },
    "placement_id" : "9906187"
}

,
{
    
    "platform" : "smaato",
    "date" : "2018-01-20",
    
    "adspaceid" : "130289657",
    "total_impressions" : 15206,
    "resold_impressions" : 5614,
    "revenue" : 0.22,
    "revenue_dict" : {
        "EUR" : 0.180059,
        "USD" : 0.22
    },
    "placement_id" : "9917139"
}

,
{
    
    "platform" : "smaato",
    "date" : "2018-01-20",
    
    "adspaceid" : "130289669",
    "total_impressions" : 39385,
    "resold_impressions" : 620,
    "revenue" : 0.08,
    "revenue_dict" : {
        "EUR" : 0.065476,
        "USD" : 0.08
    },
    "placement_id" : "9923652"
}

,
{
    
    "platform" : "smaato",
    "date" : "2018-01-20",
    
    "adspaceid" : "130289670",
    "total_impressions" : 28657,
    "resold_impressions" : 167,
    "revenue" : 0.02,
    "revenue_dict" : {
        "EUR" : 0.016369,
        "USD" : 0.02
    },
    "placement_id" : "9923655"
}
]
