{"('79093 - inRead - showbiz.com.cy_11445228', '2018-01-21')": {"revenue_dict": {"EUR": 0.007, "USD": 0.008555}, "placement_name": "79093 - inRead - showbiz.com.cy_11445228", "platform": "teads", "resold_impressions": 2, "date": "2018-01-21", "revenue": 0.007, "total_impressions": 2, "placement_id": "11445228"}, "('78414 - inRead - mediafax.ro_10642881', '2018-01-21')": {"revenue_dict": {"EUR": 1.098, "USD": 1.341905}, "placement_name": "78414 - inRead - mediafax.ro_10642881", "platform": "teads", "resold_impressions": 732, "date": "2018-01-21", "revenue": 1.098, "total_impressions": 744, "placement_id": "10642881"}, "('78426 - inRead - holdpont.hu_7198944', '2018-01-21')": {"revenue_dict": {"EUR": 0.0925, "USD": 0.113048}, "placement_name": "78426 - inRead - holdpont.hu_7198944", "platform": "teads", "resold_impressions": 37, "date": "2018-01-21", "revenue": 0.0925, "total_impressions": 40, "placement_id": "7198944"}, "('85261 - inRead - peoplegreece.com_11725649', '2018-01-21')": {"revenue_dict": {"EUR": 2.2505, "USD": 2.750416}, "placement_name": "85261 - inRead - peoplegreece.com_11725649", "platform": "teads", "resold_impressions": 643, "date": "2018-01-21", "revenue": 2.2505, "total_impressions": 652, "placement_id": "11725649"}, "('77788 - inRead - kerkida.net_11487651', '2018-01-21')": {"revenue_dict": {"EUR": 0.154, "USD": 0.188209}, "placement_name": "77788 - inRead - kerkida.net_11487651", "platform": "teads", "resold_impressions": 44, "date": "2018-01-21", "revenue": 0.154, "total_impressions": 45, "placement_id": "11487651"}, "('85260 - inRead - instyle.gr_11767707', '2018-01-21')": {"revenue_dict": {"EUR": 0.049, "USD": 0.059885}, "placement_name": "85260 - inRead - instyle.gr_11767707", "platform": "teads", "resold_impressions": 14, "date": "2018-01-21", "revenue": 0.049, "total_impressions": 14, "placement_id": "11767707"}, "('78415 - inRead - businessmagazin.ro_10642596', '2018-01-21')": {"revenue_dict": {"EUR": 0.252, "USD": 0.307978}, "placement_name": "78415 - inRead - businessmagazin.ro_10642596", "platform": "teads", "resold_impressions": 168, "date": "2018-01-21", "revenue": 0.252, "total_impressions": 169, "placement_id": "10642596"}, "('77790 - inRead - newsbomb.gr_11482558', '2018-01-21')": {"revenue_dict": {"EUR": 1.5085, "USD": 1.843591}, "placement_name": "77790 - inRead - newsbomb.gr_11482558", "platform": "teads", "resold_impressions": 431, "date": "2018-01-21", "revenue": 1.5085, "total_impressions": 432, "placement_id": "11482558"}, "('78356 - inRead - romaniatv.net_5708891', '2018-01-21')": {"revenue_dict": {"EUR": 9.339, "USD": 11.413522}, "placement_name": "78356 - inRead - romaniatv.net_5708891", "platform": "teads", "resold_impressions": 6226, "date": "2018-01-21", "revenue": 9.339, "total_impressions": 6337, "placement_id": "5708891"}, "('77794 - inRead - pagenews.gr_10497287', '2018-01-21')": {"revenue_dict": {"EUR": 0.133, "USD": 0.162544}, "placement_name": "77794 - inRead - pagenews.gr_10497287", "platform": "teads", "resold_impressions": 38, "date": "2018-01-21", "revenue": 0.133, "total_impressions": 38, "placement_id": "10497287"}, "('77810 - inRead - newsauto.gr_9926879', '2018-01-21')": {"revenue_dict": {"EUR": 0.497, "USD": 0.607401}, "placement_name": "77810 - inRead - newsauto.gr_9926879", "platform": "teads", "resold_impressions": 142, "date": "2018-01-21", "revenue": 0.497, "total_impressions": 142, "placement_id": "9926879"}, "('78410 - inRead - descopera.ro_10643488', '2018-01-21')": {"revenue_dict": {"EUR": 0.4425, "USD": 0.540795}, "placement_name": "78410 - inRead - descopera.ro_10643488", "platform": "teads", "resold_impressions": 295, "date": "2018-01-21", "revenue": 0.4425, "total_impressions": 295, "placement_id": "10643488"}, "('78349 - inRead - apropotv.ro_10642498', '2018-01-21')": {"revenue_dict": {"EUR": 0.1155, "USD": 0.141157}, "placement_name": "78349 - inRead - apropotv.ro_10642498", "platform": "teads", "resold_impressions": 77, "date": "2018-01-21", "revenue": 0.1155, "total_impressions": 78, "placement_id": "10642498"}, "('77771 - inRead - addiyar.com_6125539', '2018-01-21')": {"revenue_dict": {"EUR": 4.9805, "USD": 6.086845}, "placement_name": "77771 - inRead - addiyar.com_6125539", "platform": "teads", "resold_impressions": 1423, "date": "2018-01-21", "revenue": 4.9805, "total_impressions": 1449, "placement_id": "6125539"}, "('77813 - inRead - mothersblog.gr_8846423', '2018-01-21')": {"revenue_dict": {"EUR": 0.189, "USD": 0.230984}, "placement_name": "77813 - inRead - mothersblog.gr_8846423", "platform": "teads", "resold_impressions": 54, "date": "2018-01-21", "revenue": 0.189, "total_impressions": 54, "placement_id": "8846423"}, "('78461 - inRead - ahdath24.com_11175308', '2018-01-21')": {"revenue_dict": {"EUR": 0.028, "USD": 0.03422}, "placement_name": "78461 - inRead - ahdath24.com_11175308", "platform": "teads", "resold_impressions": 8, "date": "2018-01-21", "revenue": 0.028, "total_impressions": 8, "placement_id": "11175308"}, "('77815 - inRead - astrology.gr_11482557', '2018-01-21')": {"revenue_dict": {"EUR": 0.098, "USD": 0.119769}, "placement_name": "77815 - inRead - astrology.gr_11482557", "platform": "teads", "resold_impressions": 28, "date": "2018-01-21", "revenue": 0.098, "total_impressions": 28, "placement_id": "11482557"}, "('77797 - inRead - faysbook.gr_10190401', '2018-01-21')": {"revenue_dict": {"EUR": 0.119, "USD": 0.145434}, "placement_name": "77797 - inRead - faysbook.gr_10190401", "platform": "teads", "resold_impressions": 34, "date": "2018-01-21", "revenue": 0.119, "total_impressions": 35, "placement_id": "10190401"}, "('77789 - inRead - bovary.gr_10571039', '2018-01-21')": {"revenue_dict": {"EUR": 0.7455, "USD": 0.911102}, "placement_name": "77789 - inRead - bovary.gr_10571039", "platform": "teads", "resold_impressions": 213, "date": "2018-01-21", "revenue": 0.7455, "total_impressions": 215, "placement_id": "10571039"}, "('77778 - inRead - star.gr_6044519', '2018-01-21')": {"revenue_dict": {"EUR": 1.225, "USD": 1.497116}, "placement_name": "77778 - inRead - star.gr_6044519", "platform": "teads", "resold_impressions": 350, "date": "2018-01-21", "revenue": 1.225, "total_impressions": 354, "placement_id": "6044519"}, "('78478 - inRead - avopolis.gr_5688328', '2018-01-21')": {"revenue_dict": {"EUR": 0.0035, "USD": 0.004277}, "placement_name": "78478 - inRead - avopolis.gr_5688328", "platform": "teads", "resold_impressions": 1, "date": "2018-01-21", "revenue": 0.0035, "total_impressions": 1, "placement_id": "5688328"}, "('78417 - inRead - prosport.ro_10642810', '2018-01-21')": {"revenue_dict": {"EUR": 2.973, "USD": 3.633408}, "placement_name": "78417 - inRead - prosport.ro_10642810", "platform": "teads", "resold_impressions": 1982, "date": "2018-01-21", "revenue": 2.973, "total_impressions": 1990, "placement_id": "10642810"}, "('77814 - inRead - alfavita.gr_9435214', '2018-01-21')": {"revenue_dict": {"EUR": 0.077, "USD": 0.094104}, "placement_name": "77814 - inRead - alfavita.gr_9435214", "platform": "teads", "resold_impressions": 22, "date": "2018-01-21", "revenue": 0.077, "total_impressions": 22, "placement_id": "9435214"}, "('78411 - inRead - gandul.info_10642949', '2018-01-21')": {"revenue_dict": {"EUR": 1.755, "USD": 2.144847}, "placement_name": "78411 - inRead - gandul.info_10642949", "platform": "teads", "resold_impressions": 1170, "date": "2018-01-21", "revenue": 1.755, "total_impressions": 1181, "placement_id": "10642949"}, "('77809 - inRead - offsite.com.cy_11487634', '2018-01-21')": {"revenue_dict": {"EUR": 0.0665, "USD": 0.081272}, "placement_name": "77809 - inRead - offsite.com.cy_11487634", "platform": "teads", "resold_impressions": 19, "date": "2018-01-21", "revenue": 0.0665, "total_impressions": 19, "placement_id": "11487634"}, "('77795 - inRead - cnn.gr_8846422', '2018-01-21')": {"revenue_dict": {"EUR": 0.196, "USD": 0.239539}, "placement_name": "77795 - inRead - cnn.gr_8846422", "platform": "teads", "resold_impressions": 56, "date": "2018-01-21", "revenue": 0.196, "total_impressions": 56, "placement_id": "8846422"}, "('79094 - inRead - toarkoudi.gr_7631030', '2018-01-21')": {"revenue_dict": {"EUR": 0.0455, "USD": 0.055607}, "placement_name": "79094 - inRead - toarkoudi.gr_7631030", "platform": "teads", "resold_impressions": 13, "date": "2018-01-21", "revenue": 0.0455, "total_impressions": 13, "placement_id": "7631030"}, "('79101 - inRead - zafafi.com_6034516', '2018-01-21')": {"revenue_dict": {"EUR": 0.0385, "USD": 0.047052}, "placement_name": "79101 - inRead - zafafi.com_6034516", "platform": "teads", "resold_impressions": 11, "date": "2018-01-21", "revenue": 0.0385, "total_impressions": 12, "placement_id": "6034516"}, "('77796 - inRead - queen.gr_8846410', '2018-01-21')": {"revenue_dict": {"EUR": 0.539, "USD": 0.658731}, "placement_name": "77796 - inRead - queen.gr_8846410", "platform": "teads", "resold_impressions": 154, "date": "2018-01-21", "revenue": 0.539, "total_impressions": 155, "placement_id": "8846410"}, "('77567 - inRead - jenny.gr_9035045', '2018-01-21')": {"revenue_dict": {"EUR": 0.14, "USD": 0.171099}, "placement_name": "77567 - inRead - jenny.gr_9035045", "platform": "teads", "resold_impressions": 40, "date": "2018-01-21", "revenue": 0.14, "total_impressions": 40, "placement_id": "9035045"}, "('77568 - inRead - real.gr_6928703', '2018-01-21')": {"revenue_dict": {"EUR": 0.21, "USD": 0.256648}, "placement_name": "77568 - inRead - real.gr_6928703", "platform": "teads", "resold_impressions": 60, "date": "2018-01-21", "revenue": 0.21, "total_impressions": 60, "placement_id": "6928703"}, "('85264 - inRead - themamagers.gr_12350620', '2018-01-21')": {"revenue_dict": {"EUR": 0.007, "USD": 0.008555}, "placement_name": "85264 - inRead - themamagers.gr_12350620", "platform": "teads", "resold_impressions": 2, "date": "2018-01-21", "revenue": 0.007, "total_impressions": 2, "placement_id": "12350620"}, "('77563 - inRead - athinorama.gr_5989527', '2018-01-21')": {"revenue_dict": {"EUR": 0.0945, "USD": 0.115492}, "placement_name": "77563 - inRead - athinorama.gr_5989527", "platform": "teads", "resold_impressions": 27, "date": "2018-01-21", "revenue": 0.0945, "total_impressions": 28, "placement_id": "5989527"}, "('77647 - inRead - filantropikum.com_7482017', '2018-01-21')": {"revenue_dict": {"EUR": 0.34, "USD": 0.415526}, "placement_name": "77647 - inRead - filantropikum.com_7482017", "platform": "teads", "resold_impressions": 136, "date": "2018-01-21", "revenue": 0.34, "total_impressions": 144, "placement_id": "7482017"}, "('77422 - inRead -  sportfm.gr_5687603', '2018-01-21')": {"revenue_dict": {"EUR": 2.6635, "USD": 3.255157}, "placement_name": "77422 - inRead -  sportfm.gr_5687603", "platform": "teads", "resold_impressions": 761, "date": "2018-01-21", "revenue": 2.6635, "total_impressions": 763, "placement_id": "5687603"}, "('77817 - inRead - protathlima.com_11445232', '2018-01-21')": {"revenue_dict": {"EUR": 0.224, "USD": 0.273758}, "placement_name": "77817 - inRead - protathlima.com_11445232", "platform": "teads", "resold_impressions": 64, "date": "2018-01-21", "revenue": 0.224, "total_impressions": 65, "placement_id": "11445232"}, "('77650 - inRead - arabiaweather.com_6044297', '2018-01-21')": {"revenue_dict": {"EUR": 0.0595, "USD": 0.072717}, "placement_name": "77650 - inRead - arabiaweather.com_6044297", "platform": "teads", "resold_impressions": 17, "date": "2018-01-21", "revenue": 0.0595, "total_impressions": 19, "placement_id": "6044297"}, "('78416 - inread - csid.ro_10643469', '2018-01-21')": {"revenue_dict": {"EUR": 0.357, "USD": 0.436302}, "placement_name": "78416 - inread - csid.ro_10643469", "platform": "teads", "resold_impressions": 238, "date": "2018-01-21", "revenue": 0.357, "total_impressions": 238, "placement_id": "10643469"}, "('77811 - inRead - insider.gr_11468627', '2018-01-21')": {"revenue_dict": {"EUR": 2.751, "USD": 3.362094}, "placement_name": "77811 - inRead - insider.gr_11468627", "platform": "teads", "resold_impressions": 786, "date": "2018-01-21", "revenue": 2.751, "total_impressions": 787, "placement_id": "11468627"}, "('78418 - inRead - zf.ro_10642778', '2018-01-21')": {"revenue_dict": {"EUR": 1.2705, "USD": 1.552723}, "placement_name": "78418 - inRead - zf.ro_10642778", "platform": "teads", "resold_impressions": 847, "date": "2018-01-21", "revenue": 1.2705, "total_impressions": 857, "placement_id": "10642778"}, "('78427 - inRead - beszeljukmac.com_6045377', '2018-01-21')": {"revenue_dict": {"EUR": 0.2375, "USD": 0.290257}, "placement_name": "78427 - inRead - beszeljukmac.com_6045377", "platform": "teads", "resold_impressions": 95, "date": "2018-01-21", "revenue": 0.2375, "total_impressions": 116, "placement_id": "6045377"}, "('78346 - inRead - go4it.ro_10643501', '2018-01-21')": {"revenue_dict": {"EUR": 0.3825, "USD": 0.467467}, "placement_name": "78346 - inRead - go4it.ro_10643501", "platform": "teads", "resold_impressions": 255, "date": "2018-01-21", "revenue": 0.3825, "total_impressions": 257, "placement_id": "10643501"}, "('77657 - inRead - antenna.gr_6116380', '2018-01-21')": {"revenue_dict": {"EUR": 0.1015, "USD": 0.124047}, "placement_name": "77657 - inRead - antenna.gr_6116380", "platform": "teads", "resold_impressions": 29, "date": "2018-01-21", "revenue": 0.1015, "total_impressions": 29, "placement_id": "6116380"}, "('77646 - inRead - vital.hu_7196214', '2018-01-21')": {"revenue_dict": {"EUR": 0.395, "USD": 0.482743}, "placement_name": "77646 - inRead - vital.hu_7196214", "platform": "teads", "resold_impressions": 158, "date": "2018-01-21", "revenue": 0.395, "total_impressions": 172, "placement_id": "7196214"}, "('79096 - inread - meteorologos.gr_11550271', '2018-01-21')": {"revenue_dict": {"EUR": 0.0035, "USD": 0.004277}, "placement_name": "79096 - inread - meteorologos.gr_11550271", "platform": "teads", "resold_impressions": 1, "date": "2018-01-21", "revenue": 0.0035, "total_impressions": 1, "placement_id": "11550271"}, "('77775 - inRead - jordanzad.com_11462402', '2018-01-21')": {"revenue_dict": {"EUR": 0.182, "USD": 0.222429}, "placement_name": "77775 - inRead - jordanzad.com_11462402", "platform": "teads", "resold_impressions": 52, "date": "2018-01-21", "revenue": 0.182, "total_impressions": 53, "placement_id": "11462402"}, "('78425 - inRead - kezdo5.hu_6045649', '2018-01-21')": {"revenue_dict": {"EUR": 0.1525, "USD": 0.186376}, "placement_name": "78425 - inRead - kezdo5.hu_6045649", "platform": "teads", "resold_impressions": 61, "date": "2018-01-21", "revenue": 0.1525, "total_impressions": 67, "placement_id": "6045649"}, "('85259 - inRead - fortunegreece.com_11783445', '2018-01-21')": {"revenue_dict": {"EUR": 0.5705, "USD": 0.697228}, "placement_name": "85259 - inRead - fortunegreece.com_11783445", "platform": "teads", "resold_impressions": 163, "date": "2018-01-21", "revenue": 0.5705, "total_impressions": 165, "placement_id": "11783445"}, "('77772 - inRead - iefimerida.gr_5585216', '2018-01-21')": {"revenue_dict": {"EUR": 2.366, "USD": 2.891572}, "placement_name": "77772 - inRead - iefimerida.gr_5585216", "platform": "teads", "resold_impressions": 676, "date": "2018-01-21", "revenue": 2.366, "total_impressions": 685, "placement_id": "5585216"}, "('85262 - inRead - shape.gr_12142222', '2018-01-21')": {"revenue_dict": {"EUR": 0.1015, "USD": 0.124047}, "placement_name": "85262 - inRead - shape.gr_12142222", "platform": "teads", "resold_impressions": 29, "date": "2018-01-21", "revenue": 0.1015, "total_impressions": 29, "placement_id": "12142222"}, "('77774 - inRead - eurohoops.net_10857685', '2018-01-21')": {"revenue_dict": {"EUR": 0.546, "USD": 0.667286}, "placement_name": "77774 - inRead - eurohoops.net_10857685", "platform": "teads", "resold_impressions": 156, "date": "2018-01-21", "revenue": 0.546, "total_impressions": 158, "placement_id": "10857685"}, "('78630 - inRead - one.ro_10643135', '2018-01-21')": {"revenue_dict": {"EUR": 0.153, "USD": 0.186987}, "placement_name": "78630 - inRead - one.ro_10643135", "platform": "teads", "resold_impressions": 102, "date": "2018-01-21", "revenue": 0.153, "total_impressions": 107, "placement_id": "10643135"}, "('78463 - inRead - voria.gr_9931705', '2018-01-21')": {"revenue_dict": {"EUR": 0.5495, "USD": 0.671563}, "placement_name": "78463 - inRead - voria.gr_9931705", "platform": "teads", "resold_impressions": 157, "date": "2018-01-21", "revenue": 0.5495, "total_impressions": 161, "placement_id": "9931705"}, "('77651 - inRead - sawaleif.com_11342477', '2018-01-21')": {"revenue_dict": {"EUR": 0.028, "USD": 0.03422}, "placement_name": "77651 - inRead - sawaleif.com_11342477", "platform": "teads", "resold_impressions": 8, "date": "2018-01-21", "revenue": 0.028, "total_impressions": 9, "placement_id": "11342477"}, "('78455 - inRead - focimagazin.hu_6045645', '2018-01-21')": {"revenue_dict": {"EUR": 0.8375, "USD": 1.023538}, "placement_name": "78455 - inRead - focimagazin.hu_6045645", "platform": "teads", "resold_impressions": 335, "date": "2018-01-21", "revenue": 0.8375, "total_impressions": 382, "placement_id": "6045645"}, "('78428 - inRead - egeszsegtukor.hu_6045641', '2018-01-21')": {"revenue_dict": {"EUR": 0.265, "USD": 0.323866}, "placement_name": "78428 - inRead - egeszsegtukor.hu_6045641", "platform": "teads", "resold_impressions": 106, "date": "2018-01-21", "revenue": 0.265, "total_impressions": 114, "placement_id": "6045641"}, "('78575 - inRead - elculture.gr_7295784', '2018-01-21')": {"revenue_dict": {"EUR": 0.007, "USD": 0.008555}, "placement_name": "78575 - inRead - elculture.gr_7295784", "platform": "teads", "resold_impressions": 2, "date": "2018-01-21", "revenue": 0.007, "total_impressions": 2, "placement_id": "7295784"}, "('79097 - inRead - jamaluk.com_6034518', '2018-01-21')": {"revenue_dict": {"EUR": 0.014, "USD": 0.01711}, "placement_name": "79097 - inRead - jamaluk.com_6034518", "platform": "teads", "resold_impressions": 4, "date": "2018-01-21", "revenue": 0.014, "total_impressions": 6, "placement_id": "6034518"}, "('77558 - inRead - alphatv.gr_5600646', '2018-01-21')": {"revenue_dict": {"EUR": 0.0805, "USD": 0.098382}, "placement_name": "77558 - inRead - alphatv.gr_5600646", "platform": "teads", "resold_impressions": 23, "date": "2018-01-21", "revenue": 0.0805, "total_impressions": 23, "placement_id": "5600646"}, "('77791 - inRead - skai.gr_5556969', '2018-01-21')": {"revenue_dict": {"EUR": 0.8785, "USD": 1.073646}, "placement_name": "77791 - inRead - skai.gr_5556969", "platform": "teads", "resold_impressions": 251, "date": "2018-01-21", "revenue": 0.8785, "total_impressions": 252, "placement_id": "5556969"}, "('78408 - inRead - economica.net_5700830', '2018-01-21')": {"revenue_dict": {"EUR": 0.306, "USD": 0.373973}, "placement_name": "78408 - inRead - economica.net_5700830", "platform": "teads", "resold_impressions": 204, "date": "2018-01-21", "revenue": 0.306, "total_impressions": 205, "placement_id": "5700830"}, "('78474 - inRead - travelstories.gr_5917716', '2018-01-21')": {"revenue_dict": {"EUR": 0.189, "USD": 0.230984}, "placement_name": "78474 - inRead - travelstories.gr_5917716", "platform": "teads", "resold_impressions": 54, "date": "2018-01-21", "revenue": 0.189, "total_impressions": 54, "placement_id": "5917716"}, "('78576 - inRead - ant1iwo.com_11444833', '2018-01-21')": {"revenue_dict": {"EUR": 0.063, "USD": 0.076995}, "placement_name": "78576 - inRead - ant1iwo.com_11444833", "platform": "teads", "resold_impressions": 18, "date": "2018-01-21", "revenue": 0.063, "total_impressions": 18, "placement_id": "11444833"}}
