{"('9905337_alphatv.gr_ros-4_300x250', '2018-01-20')": {"revenue_dict": {"USD": 0.03, "EUR": 0.024553}, "resold_impressions": 86, "placement_name": "9905337_alphatv.gr_ros-4_300x250", "total_impressions": 10767, "revenue": 0.03, "platform": "smaato", "placement_id": "9905337", "date": "2018-01-20", "adspaceid": "130289469"}, "('7169904_m.prosport.ro_ros1_300x250', '2018-01-20')": {"revenue_dict": {"USD": 0.09, "EUR": 0.073661}, "resold_impressions": 262, "placement_name": "7169904_m.prosport.ro_ros1_300x250", "total_impressions": 18161, "revenue": 0.09, "platform": "smaato", "placement_id": "7169904", "date": "2018-01-20", "adspaceid": "130275936"}, "('7491932_m.csid.ro_ros-1_300x250', '2018-01-20')": {"revenue_dict": {"USD": 0.0, "EUR": 0.0}, "resold_impressions": 11, "placement_name": "7491932_m.csid.ro_ros-1_300x250", "total_impressions": 5992, "revenue": 0.0, "platform": "smaato", "placement_id": "7491932", "date": "2018-01-20", "adspaceid": "130275972"}, "('11441380_xe.gr_business-results-2_300x600', '2018-01-20')": {"revenue_dict": {"USD": 0.0, "EUR": 0.0}, "resold_impressions": 31, "placement_name": "11441380_xe.gr_business-results-2_300x600", "total_impressions": 13694, "revenue": 0.0, "platform": "smaato", "placement_id": "11441380", "date": "2018-01-20", "adspaceid": "130291007"}, "('6387213_m.elle.ro_allsite_300x250', '2018-01-20')": {"revenue_dict": {"USD": 0.1, "EUR": 0.081845}, "resold_impressions": 275, "placement_name": "6387213_m.elle.ro_allsite_300x250", "total_impressions": 32674, "revenue": 0.1, "platform": "smaato", "placement_id": "6387213", "date": "2018-01-20", "adspaceid": "130284311"}, "('11348518_freegossip.gr_ros-perf_300x250', '2018-01-20')": {"revenue_dict": {"USD": 0.0, "EUR": 0.0}, "resold_impressions": 0, "placement_name": "11348518_freegossip.gr_ros-perf_300x250", "total_impressions": 1, "revenue": 0.0, "platform": "smaato", "placement_id": "11348518", "date": "2018-01-20", "adspaceid": "130289482"}, "('11576927_3sk.tv_ros_300x250', '2018-01-20')": {"revenue_dict": {"USD": 0.0, "EUR": 0.0}, "resold_impressions": 0, "placement_name": "11576927_3sk.tv_ros_300x250", "total_impressions": 2, "revenue": 0.0, "platform": "smaato", "placement_id": "11576927", "date": "2018-01-20", "adspaceid": "130289874"}, "('11441368_xe.gr_property-results-1_300x250', '2018-01-20')": {"revenue_dict": {"USD": 0.01, "EUR": 0.008185}, "resold_impressions": 90, "placement_name": "11441368_xe.gr_property-results-1_300x250", "total_impressions": 799, "revenue": 0.01, "platform": "smaato", "placement_id": "11441368", "date": "2018-01-20", "adspaceid": "130289703"}, "('11441392_xe.gr_stelexos-results-2_300x600', '2018-01-20')": {"revenue_dict": {"USD": 0.01, "EUR": 0.008185}, "resold_impressions": 50, "placement_name": "11441392_xe.gr_stelexos-results-2_300x600", "total_impressions": 13574, "revenue": 0.01, "platform": "smaato", "placement_id": "11441392", "date": "2018-01-20", "adspaceid": "130291015"}, "('9525460_m.libertatea.ro_hp-categ-interarticle3-BTF_300x250', '2018-01-20')": {"revenue_dict": {"USD": 0.6, "EUR": 0.49107}, "resold_impressions": 1700, "placement_name": "9525460_m.libertatea.ro_hp-categ-interarticle3-BTF_300x250", "total_impressions": 128314, "revenue": 0.6, "platform": "smaato", "placement_id": "9525460", "date": "2018-01-20", "adspaceid": "130273948"}, "('9923652_real.gr_homepage-2_300x250', '2018-01-20')": {"revenue_dict": {"USD": 0.08, "EUR": 0.065476}, "resold_impressions": 620, "placement_name": "9923652_real.gr_homepage-2_300x250", "total_impressions": 39385, "revenue": 0.08, "platform": "smaato", "placement_id": "9923652", "date": "2018-01-20", "adspaceid": "130289669"}, "('11441379_xe.gr_business-results-1_300x600', '2018-01-20')": {"revenue_dict": {"USD": 0.01, "EUR": 0.008185}, "resold_impressions": 58, "placement_name": "11441379_xe.gr_business-results-1_300x600", "total_impressions": 15691, "revenue": 0.01, "platform": "smaato", "placement_id": "11441379", "date": "2018-01-20", "adspaceid": "130291006"}, "('11286112_mindenkilapja.hu_ROS_300x250', '2018-01-20')": {"revenue_dict": {"USD": 0.0, "EUR": 0.0}, "resold_impressions": 28, "placement_name": "11286112_mindenkilapja.hu_ROS_300x250", "total_impressions": 67, "revenue": 0.0, "platform": "smaato", "placement_id": "11286112", "date": "2018-01-20", "adspaceid": "130281105"}, "('9017446_m.promotor.ro_Box-2_300x250', '2018-01-20')": {"revenue_dict": {"USD": 0.0, "EUR": 0.0}, "resold_impressions": 10, "placement_name": "9017446_m.promotor.ro_Box-2_300x250", "total_impressions": 6696, "revenue": 0.0, "platform": "smaato", "placement_id": "9017446", "date": "2018-01-20", "adspaceid": "130275983"}, "('7169907_m.prosport.ro_ros3_300x250', '2018-01-20')": {"revenue_dict": {"USD": 0.07, "EUR": 0.057292}, "resold_impressions": 197, "placement_name": "7169907_m.prosport.ro_ros3_300x250", "total_impressions": 67549, "revenue": 0.07, "platform": "smaato", "placement_id": "7169907", "date": "2018-01-20", "adspaceid": "130275935"}, "('9017397_m.go4it.ro_Box-2_300x250', '2018-01-20')": {"revenue_dict": {"USD": 0.01, "EUR": 0.008185}, "resold_impressions": 19, "placement_name": "9017397_m.go4it.ro_Box-2_300x250", "total_impressions": 2670, "revenue": 0.01, "platform": "smaato", "placement_id": "9017397", "date": "2018-01-20", "adspaceid": "130275982"}, "('9923655_real.gr_homepage-4_300x250', '2018-01-20')": {"revenue_dict": {"USD": 0.02, "EUR": 0.016369}, "resold_impressions": 167, "placement_name": "9923655_real.gr_homepage-4_300x250", "total_impressions": 28657, "revenue": 0.02, "platform": "smaato", "placement_id": "9923655", "date": "2018-01-20", "adspaceid": "130289670"}, "('3894559_m.romaniatv.net_allsite_300x250', '2018-01-20')": {"revenue_dict": {"USD": 0.0, "EUR": 0.0}, "resold_impressions": 16, "placement_name": "3894559_m.romaniatv.net_allsite_300x250", "total_impressions": 13039, "revenue": 0.0, "platform": "smaato", "placement_id": "3894559", "date": "2018-01-20", "adspaceid": "130272503"}, "('11500669_insider.gr_ros-2-mobile_300x250', '2018-01-20')": {"revenue_dict": {"USD": 0.0, "EUR": 0.0}, "resold_impressions": 3, "placement_name": "11500669_insider.gr_ros-2-mobile_300x250", "total_impressions": 494, "revenue": 0.0, "platform": "smaato", "placement_id": "11500669", "date": "2018-01-20", "adspaceid": "130289215"}, "('9791862_m.sfatulparintilor.ro_ros_300x250', '2018-01-20')": {"revenue_dict": {"USD": 0.05, "EUR": 0.040923}, "resold_impressions": 145, "placement_name": "9791862_m.sfatulparintilor.ro_ros_300x250", "total_impressions": 11991, "revenue": 0.05, "platform": "smaato", "placement_id": "9791862", "date": "2018-01-20", "adspaceid": "130273956"}, "('7491781_m.businessmagazin.ro_ros-3_300x250', '2018-01-20')": {"revenue_dict": {"USD": 0.0, "EUR": 0.0}, "resold_impressions": 3, "placement_name": "7491781_m.businessmagazin.ro_ros-3_300x250", "total_impressions": 1862, "revenue": 0.0, "platform": "smaato", "placement_id": "7491781", "date": "2018-01-20", "adspaceid": "130275967"}, "('11182531_star.gr_homepage-3_300x250', '2018-01-20')": {"revenue_dict": {"USD": 0.01, "EUR": 0.008185}, "resold_impressions": 44, "placement_name": "11182531_star.gr_homepage-3_300x250", "total_impressions": 3532, "revenue": 0.01, "platform": "smaato", "placement_id": "11182531", "date": "2018-01-20", "adspaceid": "130289432"}, "('11441385_xe.gr_automoto-results-1_300x600', '2018-01-20')": {"revenue_dict": {"USD": 0.0, "EUR": 0.0}, "resold_impressions": 28, "placement_name": "11441385_xe.gr_automoto-results-1_300x600", "total_impressions": 3490, "revenue": 0.0, "platform": "smaato", "placement_id": "11441385", "date": "2018-01-20", "adspaceid": "130291010"}, "('11182540_star.gr_ros-2_300x250', '2018-01-20')": {"revenue_dict": {"USD": 0.02, "EUR": 0.016369}, "resold_impressions": 137, "placement_name": "11182540_star.gr_ros-2_300x250", "total_impressions": 4056, "revenue": 0.02, "platform": "smaato", "placement_id": "11182540", "date": "2018-01-20", "adspaceid": "130288707"}, "('7491770_m.businessmagazin.ro_ros-2_300x250', '2018-01-20')": {"revenue_dict": {"USD": 0.0, "EUR": 0.0}, "resold_impressions": 12, "placement_name": "7491770_m.businessmagazin.ro_ros-2_300x250", "total_impressions": 1574, "revenue": 0.0, "platform": "smaato", "placement_id": "7491770", "date": "2018-01-20", "adspaceid": "130275966"}, "('11182541_star.gr_ros-3_300x250', '2018-01-20')": {"revenue_dict": {"USD": 0.03, "EUR": 0.024553}, "resold_impressions": 202, "placement_name": "11182541_star.gr_ros-3_300x250", "total_impressions": 4862, "revenue": 0.03, "platform": "smaato", "placement_id": "11182541", "date": "2018-01-20", "adspaceid": "130288708"}, "('11441381_xe.gr_business-ad-details_300x600', '2018-01-20')": {"revenue_dict": {"USD": 0.0, "EUR": 0.0}, "resold_impressions": 20, "placement_name": "11441381_xe.gr_business-ad-details_300x600", "total_impressions": 12064, "revenue": 0.0, "platform": "smaato", "placement_id": "11441381", "date": "2018-01-20", "adspaceid": "130291008"}, "('4207423_sportfm.gr_soccer-top_300x250', '2018-01-20')": {"revenue_dict": {"USD": 0.23, "EUR": 0.188244}, "resold_impressions": 1657, "placement_name": "4207423_sportfm.gr_soccer-top_300x250", "total_impressions": 64849, "revenue": 0.23, "platform": "smaato", "placement_id": "4207423", "date": "2018-01-20", "adspaceid": "130289674"}, "('9030502_eparena.com_Medium-Rectangle_300x250', '2018-01-20')": {"revenue_dict": {"USD": 0.0, "EUR": 0.0}, "resold_impressions": 0, "placement_name": "9030502_eparena.com_Medium-Rectangle_300x250", "total_impressions": 19, "revenue": 0.0, "platform": "smaato", "placement_id": "9030502", "date": "2018-01-20", "adspaceid": "130282484"}, "('11182528_star.gr_homepage-1_300x250', '2018-01-20')": {"revenue_dict": {"USD": 0.0, "EUR": 0.0}, "resold_impressions": 26, "placement_name": "11182528_star.gr_homepage-1_300x250", "total_impressions": 2140, "revenue": 0.0, "platform": "smaato", "placement_id": "11182528", "date": "2018-01-20", "adspaceid": "130289439"}, "('11441380_xe.gr_business-results-2_300x250', '2018-01-20')": {"revenue_dict": {"USD": 0.01, "EUR": 0.008185}, "resold_impressions": 81, "placement_name": "11441380_xe.gr_business-results-2_300x250", "total_impressions": 1850, "revenue": 0.01, "platform": "smaato", "placement_id": "11441380", "date": "2018-01-20", "adspaceid": "130289705"}, "('11441369_xe.gr_property-results-2_300x600', '2018-01-20')": {"revenue_dict": {"USD": 0.03, "EUR": 0.024553}, "resold_impressions": 236, "placement_name": "11441369_xe.gr_property-results-2_300x600", "total_impressions": 42635, "revenue": 0.03, "platform": "smaato", "placement_id": "11441369", "date": "2018-01-20", "adspaceid": "130291000"}, "('11409757_insider.gr_ros_300x250', '2018-01-20')": {"revenue_dict": {"USD": 0.0, "EUR": 0.0}, "resold_impressions": 4, "placement_name": "11409757_insider.gr_ros_300x250", "total_impressions": 1328, "revenue": 0.0, "platform": "smaato", "placement_id": "11409757", "date": "2018-01-20", "adspaceid": "130289445"}, "('9525477_m.libertatea.ro_content-intext-BTF_300x250', '2018-01-20')": {"revenue_dict": {"USD": 0.43, "EUR": 0.351934}, "resold_impressions": 1292, "placement_name": "9525477_m.libertatea.ro_content-intext-BTF_300x250", "total_impressions": 92023, "revenue": 0.43, "platform": "smaato", "placement_id": "9525477", "date": "2018-01-20", "adspaceid": "130273949"}, "('11182539_star.gr_ros-1_300x250', '2018-01-20')": {"revenue_dict": {"USD": 0.02, "EUR": 0.016369}, "resold_impressions": 133, "placement_name": "11182539_star.gr_ros-1_300x250", "total_impressions": 3843, "revenue": 0.02, "platform": "smaato", "placement_id": "11182539", "date": "2018-01-20", "adspaceid": "130288706"}, "('11182549_star.gr_politics-economy-3_300x250', '2018-01-20')": {"revenue_dict": {"USD": 0.0, "EUR": 0.0}, "resold_impressions": 0, "placement_name": "11182549_star.gr_politics-economy-3_300x250", "total_impressions": 74, "revenue": 0.0, "platform": "smaato", "placement_id": "11182549", "date": "2018-01-20", "adspaceid": "130289442"}, "('9052098_m.gandul.info_All-site-box-1_300x250', '2018-01-20')": {"revenue_dict": {"USD": 0.06, "EUR": 0.049107}, "resold_impressions": 179, "placement_name": "9052098_m.gandul.info_All-site-box-1_300x250", "total_impressions": 5561, "revenue": 0.06, "platform": "smaato", "placement_id": "9052098", "date": "2018-01-20", "adspaceid": "130275942"}, "('11071848_m.observator.tv_homepage_300x250', '2018-01-20')": {"revenue_dict": {"USD": 0.0, "EUR": 0.0}, "resold_impressions": 7, "placement_name": "11071848_m.observator.tv_homepage_300x250", "total_impressions": 1442, "revenue": 0.0, "platform": "smaato", "placement_id": "11071848", "date": "2018-01-20", "adspaceid": "130275979"}, "('7491842_m.mediafax.ro_ros-1_300x250', '2018-01-20')": {"revenue_dict": {"USD": 0.01, "EUR": 0.008185}, "resold_impressions": 41, "placement_name": "7491842_m.mediafax.ro_ros-1_300x250", "total_impressions": 25902, "revenue": 0.01, "platform": "smaato", "placement_id": "7491842", "date": "2018-01-20", "adspaceid": "130275939"}, "('11441392_xe.gr_stelexos-results-2_300x250', '2018-01-20')": {"revenue_dict": {"USD": 0.03, "EUR": 0.024553}, "resold_impressions": 233, "placement_name": "11441392_xe.gr_stelexos-results-2_300x250", "total_impressions": 4069, "revenue": 0.03, "platform": "smaato", "placement_id": "11441392", "date": "2018-01-20", "adspaceid": "130289729"}, "('11441369_xe.gr_property-results-2_300x250', '2018-01-20')": {"revenue_dict": {"USD": 0.04, "EUR": 0.032738}, "resold_impressions": 353, "placement_name": "11441369_xe.gr_property-results-2_300x250", "total_impressions": 11043, "revenue": 0.04, "platform": "smaato", "placement_id": "11441369", "date": "2018-01-20", "adspaceid": "130289702"}, "('11441371_xe.gr_property-ad-details-1_300x600', '2018-01-20')": {"revenue_dict": {"USD": 0.02, "EUR": 0.016369}, "resold_impressions": 156, "placement_name": "11441371_xe.gr_property-ad-details-1_300x600", "total_impressions": 28327, "revenue": 0.02, "platform": "smaato", "placement_id": "11441371", "date": "2018-01-20", "adspaceid": "130291001"}, "('3962860_skai.gr_webtv_300x250', '2018-01-20')": {"revenue_dict": {"USD": 0.08, "EUR": 0.065476}, "resold_impressions": 164, "placement_name": "3962860_skai.gr_webtv_300x250", "total_impressions": 45132, "revenue": 0.08, "platform": "smaato", "placement_id": "3962860", "date": "2018-01-20", "adspaceid": "130289671"}, "('7491929_m.mediafax.ro_ros-2_300x250', '2018-01-20')": {"revenue_dict": {"USD": 0.0, "EUR": 0.0}, "resold_impressions": 4, "placement_name": "7491929_m.mediafax.ro_ros-2_300x250", "total_impressions": 9921, "revenue": 0.0, "platform": "smaato", "placement_id": "7491929", "date": "2018-01-20", "adspaceid": "130275981"}, "('11441387_xe.gr_automoto-ad-details_300x600', '2018-01-20')": {"revenue_dict": {"USD": 0.0, "EUR": 0.0}, "resold_impressions": 8, "placement_name": "11441387_xe.gr_automoto-ad-details_300x600", "total_impressions": 1281, "revenue": 0.0, "platform": "smaato", "placement_id": "11441387", "date": "2018-01-20", "adspaceid": "130291012"}, "('11441433_xe.gr_stelexos-ad-details-1_300x250', '2018-01-20')": {"revenue_dict": {"USD": 0.05, "EUR": 0.040923}, "resold_impressions": 442, "placement_name": "11441433_xe.gr_stelexos-ad-details-1_300x250", "total_impressions": 8014, "revenue": 0.05, "platform": "smaato", "placement_id": "11441433", "date": "2018-01-20", "adspaceid": "130289730"}, "('7491680_m.zf.ro_ros-2_300x250', '2018-01-20')": {"revenue_dict": {"USD": 0.04, "EUR": 0.032738}, "resold_impressions": 135, "placement_name": "7491680_m.zf.ro_ros-2_300x250", "total_impressions": 8593, "revenue": 0.04, "platform": "smaato", "placement_id": "7491680", "date": "2018-01-20", "adspaceid": "130273946"}, "('3841465_meteo.gr_cities_300x250', '2018-01-20')": {"revenue_dict": {"USD": 0.0, "EUR": 0.0}, "resold_impressions": 0, "placement_name": "3841465_meteo.gr_cities_300x250", "total_impressions": 351, "revenue": 0.0, "platform": "smaato", "placement_id": "3841465", "date": "2018-01-20", "adspaceid": "130289495"}, "('11441379_xe.gr_business-results-1_300x250', '2018-01-20')": {"revenue_dict": {"USD": 0.02, "EUR": 0.016369}, "resold_impressions": 205, "placement_name": "11441379_xe.gr_business-results-1_300x250", "total_impressions": 4277, "revenue": 0.02, "platform": "smaato", "placement_id": "11441379", "date": "2018-01-20", "adspaceid": "130289732"}, "('10554577_eurohoops.net_euroleague-ATF_300x250', '2018-01-20')": {"revenue_dict": {"USD": 0.0, "EUR": 0.0}, "resold_impressions": 5, "placement_name": "10554577_eurohoops.net_euroleague-ATF_300x250", "total_impressions": 297, "revenue": 0.0, "platform": "smaato", "placement_id": "10554577", "date": "2018-01-20", "adspaceid": "130289675"}, "('11441371_xe.gr_property-ad-details-1_300x250', '2018-01-20')": {"revenue_dict": {"USD": 0.03, "EUR": 0.024553}, "resold_impressions": 241, "placement_name": "11441371_xe.gr_property-ad-details-1_300x250", "total_impressions": 7721, "revenue": 0.03, "platform": "smaato", "placement_id": "11441371", "date": "2018-01-20", "adspaceid": "130289704"}, "('5576507_m.reyada.com_Mobile_300x250', '2018-01-20')": {"revenue_dict": {"USD": 0.0, "EUR": 0.0}, "resold_impressions": 1, "placement_name": "5576507_m.reyada.com_Mobile_300x250", "total_impressions": 99, "revenue": 0.0, "platform": "smaato", "placement_id": "5576507", "date": "2018-01-20", "adspaceid": "130275958"}, "('7166205_m.jurnalul.ro_ros_300x250', '2018-01-20')": {"revenue_dict": {"USD": 0.09, "EUR": 0.073661}, "resold_impressions": 276, "placement_name": "7166205_m.jurnalul.ro_ros_300x250", "total_impressions": 16335, "revenue": 0.09, "platform": "smaato", "placement_id": "7166205", "date": "2018-01-20", "adspaceid": "130275987"}, "('3841456_meteo.gr_homepage-2_300x250', '2018-01-20')": {"revenue_dict": {"USD": 0.07, "EUR": 0.057292}, "resold_impressions": 158, "placement_name": "3841456_meteo.gr_homepage-2_300x250", "total_impressions": 15757, "revenue": 0.07, "platform": "smaato", "placement_id": "3841456", "date": "2018-01-20", "adspaceid": "130289498"}, "('10895217_m.kmkz.ro_ros-2_300x250', '2018-01-20')": {"revenue_dict": {"USD": 0.06, "EUR": 0.049107}, "resold_impressions": 172, "placement_name": "10895217_m.kmkz.ro_ros-2_300x250", "total_impressions": 12139, "revenue": 0.06, "platform": "smaato", "placement_id": "10895217", "date": "2018-01-20", "adspaceid": "130275945"}, "('11441372_xe.gr_property-ad-details-2_300x250', '2018-01-20')": {"revenue_dict": {"USD": 0.03, "EUR": 0.024553}, "resold_impressions": 249, "placement_name": "11441372_xe.gr_property-ad-details-2_300x250", "total_impressions": 8288, "revenue": 0.03, "platform": "smaato", "placement_id": "11441372", "date": "2018-01-20", "adspaceid": "130289686"}, "('11441384_xe.gr_automoto-home_300x600', '2018-01-20')": {"revenue_dict": {"USD": 0.0, "EUR": 0.0}, "resold_impressions": 7, "placement_name": "11441384_xe.gr_automoto-home_300x600", "total_impressions": 589, "revenue": 0.0, "platform": "smaato", "placement_id": "11441384", "date": "2018-01-20", "adspaceid": "130291009"}, "('3894269_m.economica.net_allsite_300x250', '2018-01-20')": {"revenue_dict": {"USD": 0.0, "EUR": 0.0}, "resold_impressions": 3, "placement_name": "3894269_m.economica.net_allsite_300x250", "total_impressions": 1168, "revenue": 0.0, "platform": "smaato", "placement_id": "3894269", "date": "2018-01-20", "adspaceid": "130275974"}, "('11141004_m.zutv.ro_ros_300x250', '2018-01-20')": {"revenue_dict": {"USD": 0.0, "EUR": 0.0}, "resold_impressions": 0, "placement_name": "11141004_m.zutv.ro_ros_300x250", "total_impressions": 1, "revenue": 0.0, "platform": "smaato", "placement_id": "11141004", "date": "2018-01-20", "adspaceid": "130273944"}, "('11441386_xe.gr_automoto-results-2_300x600', '2018-01-20')": {"revenue_dict": {"USD": 0.0, "EUR": 0.0}, "resold_impressions": 8, "placement_name": "11441386_xe.gr_automoto-results-2_300x600", "total_impressions": 2252, "revenue": 0.0, "platform": "smaato", "placement_id": "11441386", "date": "2018-01-20", "adspaceid": "130291011"}, "('9906187_newsauto.gr_ros-2_300x250', '2018-01-20')": {"revenue_dict": {"USD": 0.11, "EUR": 0.090029}, "resold_impressions": 2727, "placement_name": "9906187_newsauto.gr_ros-2_300x250", "total_impressions": 8094, "revenue": 0.11, "platform": "smaato", "placement_id": "9906187", "date": "2018-01-20", "adspaceid": "130289668"}, "('11182532_star.gr_homepage-4_300x250', '2018-01-20')": {"revenue_dict": {"USD": 0.01, "EUR": 0.008185}, "resold_impressions": 99, "placement_name": "11182532_star.gr_homepage-4_300x250", "total_impressions": 4034, "revenue": 0.01, "platform": "smaato", "placement_id": "11182532", "date": "2018-01-20", "adspaceid": "130289436"}, "('10554576_eurohoops.net_euroleague-ATF_300x250', '2018-01-20')": {"revenue_dict": {"USD": 0.01, "EUR": 0.008185}, "resold_impressions": 13, "placement_name": "10554576_eurohoops.net_euroleague-ATF_300x250", "total_impressions": 1450, "revenue": 0.01, "platform": "smaato", "placement_id": "10554576", "date": "2018-01-20", "adspaceid": "130289683"}, "('11140981_spynews.ro_ros-2_300x250', '2018-01-20')": {"revenue_dict": {"USD": 0.61, "EUR": 0.499254}, "resold_impressions": 1842, "placement_name": "11140981_spynews.ro_ros-2_300x250", "total_impressions": 107926, "revenue": 0.61, "platform": "smaato", "placement_id": "11140981", "date": "2018-01-20", "adspaceid": "130289877"}, "('11441372_xe.gr_property-ad-details-2_300x600', '2018-01-20')": {"revenue_dict": {"USD": 0.02, "EUR": 0.016369}, "resold_impressions": 159, "placement_name": "11441372_xe.gr_property-ad-details-2_300x600", "total_impressions": 31506, "revenue": 0.02, "platform": "smaato", "placement_id": "11441372", "date": "2018-01-20", "adspaceid": "130291005"}, "('11604830_insider.gr_ros-new_300x250', '2018-01-20')": {"revenue_dict": {"USD": 0.01, "EUR": 0.008185}, "resold_impressions": 38, "placement_name": "11604830_insider.gr_ros-new_300x250", "total_impressions": 8736, "revenue": 0.01, "platform": "smaato", "placement_id": "11604830", "date": "2018-01-20", "adspaceid": "130289443"}, "('9525439_m.libertatea.ro_hp-categ-interarticle1-BTF_300x250', '2018-01-20')": {"revenue_dict": {"USD": 0.12, "EUR": 0.098214}, "resold_impressions": 370, "placement_name": "9525439_m.libertatea.ro_hp-categ-interarticle1-BTF_300x250", "total_impressions": 22670, "revenue": 0.12, "platform": "smaato", "placement_id": "9525439", "date": "2018-01-20", "adspaceid": "130273951"}, "('9905336_alphatv.gr_ros-3_300x250', '2018-01-20')": {"revenue_dict": {"USD": 0.03, "EUR": 0.024553}, "resold_impressions": 99, "placement_name": "9905336_alphatv.gr_ros-3_300x250", "total_impressions": 13313, "revenue": 0.03, "platform": "smaato", "placement_id": "9905336", "date": "2018-01-20", "adspaceid": "130289474"}, "('9917139_newsauto.gr_article-bottom-1_300x250', '2018-01-20')": {"revenue_dict": {"USD": 0.22, "EUR": 0.180059}, "resold_impressions": 5614, "placement_name": "9917139_newsauto.gr_article-bottom-1_300x250", "total_impressions": 15206, "revenue": 0.22, "platform": "smaato", "placement_id": "9917139", "date": "2018-01-20", "adspaceid": "130289657"}, "('10889411_m.saaih.com_ros-2_300x250', '2018-01-20')": {"revenue_dict": {"USD": 0.01, "EUR": 0.008185}, "resold_impressions": 10, "placement_name": "10889411_m.saaih.com_ros-2_300x250", "total_impressions": 372, "revenue": 0.01, "platform": "smaato", "placement_id": "10889411", "date": "2018-01-20", "adspaceid": "130271187"}, "('9052100_m.gandul.info_All-site-box-3_300x250', '2018-01-20')": {"revenue_dict": {"USD": 0.07, "EUR": 0.057292}, "resold_impressions": 236, "placement_name": "9052100_m.gandul.info_All-site-box-3_300x250", "total_impressions": 6646, "revenue": 0.07, "platform": "smaato", "placement_id": "9052100", "date": "2018-01-20", "adspaceid": "130275940"}, "('7491677_m.zf.ro_ros-1_300x250', '2018-01-20')": {"revenue_dict": {"USD": 0.03, "EUR": 0.024553}, "resold_impressions": 98, "placement_name": "7491677_m.zf.ro_ros-1_300x250", "total_impressions": 9292, "revenue": 0.03, "platform": "smaato", "placement_id": "7491677", "date": "2018-01-20", "adspaceid": "130273945"}, "('11441433_xe.gr_stelexos-ad-details-1_300x600', '2018-01-20')": {"revenue_dict": {"USD": 0.02, "EUR": 0.016369}, "resold_impressions": 143, "placement_name": "11441433_xe.gr_stelexos-ad-details-1_300x600", "total_impressions": 30674, "revenue": 0.02, "platform": "smaato", "placement_id": "11441433", "date": "2018-01-20", "adspaceid": "130291017"}, "('10554571_eurohoops.net_home-BTF_300x250', '2018-01-20')": {"revenue_dict": {"USD": 0.02, "EUR": 0.016369}, "resold_impressions": 45, "placement_name": "10554571_eurohoops.net_home-BTF_300x250", "total_impressions": 7371, "revenue": 0.02, "platform": "smaato", "placement_id": "10554571", "date": "2018-01-20", "adspaceid": "130289685"}, "('7491935_m.csid.ro_ros-2_300x250', '2018-01-20')": {"revenue_dict": {"USD": 0.0, "EUR": 0.0}, "resold_impressions": 2, "placement_name": "7491935_m.csid.ro_ros-2_300x250", "total_impressions": 2704, "revenue": 0.0, "platform": "smaato", "placement_id": "7491935", "date": "2018-01-20", "adspaceid": "130275973"}, "('9052099_m.gandul.info_All-site-box-2_300x250', '2018-01-20')": {"revenue_dict": {"USD": 0.08, "EUR": 0.065476}, "resold_impressions": 260, "placement_name": "9052099_m.gandul.info_All-site-box-2_300x250", "total_impressions": 9774, "revenue": 0.08, "platform": "smaato", "placement_id": "9052099", "date": "2018-01-20", "adspaceid": "130275941"}, "('11182548_star.gr_politics-economy-2_300x250', '2018-01-20')": {"revenue_dict": {"USD": 0.0, "EUR": 0.0}, "resold_impressions": 0, "placement_name": "11182548_star.gr_politics-economy-2_300x250", "total_impressions": 55, "revenue": 0.0, "platform": "smaato", "placement_id": "11182548", "date": "2018-01-20", "adspaceid": "130289441"}, "('3894541_romaniatv.net_life_300x250', '2018-01-20')": {"revenue_dict": {"USD": 0.02, "EUR": 0.016369}, "resold_impressions": 84, "placement_name": "3894541_romaniatv.net_life_300x250", "total_impressions": 8761, "revenue": 0.02, "platform": "smaato", "placement_id": "3894541", "date": "2018-01-20", "adspaceid": "130282785"}, "('5973531_m.avantaje.ro_allsite_300x250', '2018-01-20')": {"revenue_dict": {"USD": 0.17, "EUR": 0.139137}, "resold_impressions": 520, "placement_name": "5973531_m.avantaje.ro_allsite_300x250", "total_impressions": 38729, "revenue": 0.17, "platform": "smaato", "placement_id": "5973531", "date": "2018-01-20", "adspaceid": "130275931"}, "('11409049_m.b1.ro_ros_300x250', '2018-01-20')": {"revenue_dict": {"USD": 0.21, "EUR": 0.171874}, "resold_impressions": 600, "placement_name": "11409049_m.b1.ro_ros_300x250", "total_impressions": 52805, "revenue": 0.21, "platform": "smaato", "placement_id": "11409049", "date": "2018-01-20", "adspaceid": "130288439"}, "('11182555_star.gr_lifestyle-2_300x250', '2018-01-20')": {"revenue_dict": {"USD": 0.0, "EUR": 0.0}, "resold_impressions": 6, "placement_name": "11182555_star.gr_lifestyle-2_300x250", "total_impressions": 434, "revenue": 0.0, "platform": "smaato", "placement_id": "11182555", "date": "2018-01-20", "adspaceid": "130289437"}, "('10889414_m.saaih.com_ros-1_300x250', '2018-01-20')": {"revenue_dict": {"USD": 0.0, "EUR": 0.0}, "resold_impressions": 4, "placement_name": "10889414_m.saaih.com_ros-1_300x250", "total_impressions": 227, "revenue": 0.0, "platform": "smaato", "placement_id": "10889414", "date": "2018-01-20", "adspaceid": "130271188"}, "('9720268_real.gr_ros_300x250', '2018-01-20')": {"revenue_dict": {"USD": 0.1, "EUR": 0.081845}, "resold_impressions": 723, "placement_name": "9720268_real.gr_ros_300x250", "total_impressions": 5064, "revenue": 0.1, "platform": "smaato", "placement_id": "9720268", "date": "2018-01-20", "adspaceid": "130274625"}, "('4207409_sportfm.gr_soccer-middle_300x250', '2018-01-20')": {"revenue_dict": {"USD": 0.16, "EUR": 0.130952}, "resold_impressions": 1231, "placement_name": "4207409_sportfm.gr_soccer-middle_300x250", "total_impressions": 69016, "revenue": 0.16, "platform": "smaato", "placement_id": "4207409", "date": "2018-01-20", "adspaceid": "130289672"}, "('3858539_m.unica.ro_ros_300x250', '2018-01-20')": {"revenue_dict": {"USD": 0.02, "EUR": 0.016369}, "resold_impressions": 37, "placement_name": "3858539_m.unica.ro_ros_300x250", "total_impressions": 11655, "revenue": 0.02, "platform": "smaato", "placement_id": "3858539", "date": "2018-01-20", "adspaceid": "130275932"}}
