{"('77651 - inRead - sawaleif.com_11342477', '2018-01-20')": {"revenue": 0.0245, "total_impressions": 8, "platform": "teads", "placement_name": "77651 - inRead - sawaleif.com_11342477", "placement_id": "11342477", "revenue_dict": {"USD": 0.029935, "EUR": 0.0245}, "resold_impressions": 7, "date": "2018-01-20"}, "('77815 - inRead - astrology.gr_11482557', '2018-01-20')": {"revenue": 0.154, "total_impressions": 43, "platform": "teads", "placement_name": "77815 - inRead - astrology.gr_11482557", "placement_id": "11482557", "revenue_dict": {"USD": 0.188161, "EUR": 0.154}, "resold_impressions": 44, "date": "2018-01-20"}, "('77795 - inRead - cnn.gr_8846422', '2018-01-20')": {"revenue": 0.1855, "total_impressions": 53, "platform": "teads", "placement_name": "77795 - inRead - cnn.gr_8846422", "placement_id": "8846422", "revenue_dict": {"USD": 0.226648, "EUR": 0.1855}, "resold_impressions": 53, "date": "2018-01-20"}, "('85261 - inRead - peoplegreece.com_11725649', '2018-01-20')": {"revenue": 1.2285, "total_impressions": 354, "platform": "teads", "placement_name": "85261 - inRead - peoplegreece.com_11725649", "placement_id": "11725649", "revenue_dict": {"USD": 1.501008, "EUR": 1.2285}, "resold_impressions": 351, "date": "2018-01-20"}, "('78416 - inread - csid.ro_10643469', '2018-01-20')": {"revenue": 0.3465, "total_impressions": 234, "platform": "teads", "placement_name": "78416 - inread - csid.ro_10643469", "placement_id": "10643469", "revenue_dict": {"USD": 0.423361, "EUR": 0.3465}, "resold_impressions": 231, "date": "2018-01-20"}, "('78414 - inRead - mediafax.ro_10642881', '2018-01-20')": {"revenue": 1.1985, "total_impressions": 813, "platform": "teads", "placement_name": "78414 - inRead - mediafax.ro_10642881", "placement_id": "10642881", "revenue_dict": {"USD": 1.464353, "EUR": 1.1985}, "resold_impressions": 799, "date": "2018-01-20"}, "('77791 - inRead - skai.gr_5556969', '2018-01-20')": {"revenue": 0.861, "total_impressions": 247, "platform": "teads", "placement_name": "77791 - inRead - skai.gr_5556969", "placement_id": "5556969", "revenue_dict": {"USD": 1.051989, "EUR": 0.861}, "resold_impressions": 246, "date": "2018-01-20"}, "('79093 - inRead - showbiz.com.cy_11445228', '2018-01-20')": {"revenue": 0.0035, "total_impressions": 1, "platform": "teads", "placement_name": "79093 - inRead - showbiz.com.cy_11445228", "placement_id": "11445228", "revenue_dict": {"USD": 0.004276, "EUR": 0.0035}, "resold_impressions": 1, "date": "2018-01-20"}, "('77650 - inRead - arabiaweather.com_6044297', '2018-01-20')": {"revenue": 0.0875, "total_impressions": 27, "platform": "teads", "placement_name": "77650 - inRead - arabiaweather.com_6044297", "placement_id": "6044297", "revenue_dict": {"USD": 0.106909, "EUR": 0.0875}, "resold_impressions": 25, "date": "2018-01-20"}, "('85259 - inRead - fortunegreece.com_11783445', '2018-01-20')": {"revenue": 0.098, "total_impressions": 28, "platform": "teads", "placement_name": "85259 - inRead - fortunegreece.com_11783445", "placement_id": "11783445", "revenue_dict": {"USD": 0.119739, "EUR": 0.098}, "resold_impressions": 28, "date": "2018-01-20"}, "('78426 - inRead - holdpont.hu_7198944', '2018-01-20')": {"revenue": 0.1075, "total_impressions": 44, "platform": "teads", "placement_name": "78426 - inRead - holdpont.hu_7198944", "placement_id": "7198944", "revenue_dict": {"USD": 0.131346, "EUR": 0.1075}, "resold_impressions": 43, "date": "2018-01-20"}, "('77775 - inRead - jordanzad.com_11462402', '2018-01-20')": {"revenue": 0.091, "total_impressions": 29, "platform": "teads", "placement_name": "77775 - inRead - jordanzad.com_11462402", "placement_id": "11462402", "revenue_dict": {"USD": 0.111186, "EUR": 0.091}, "resold_impressions": 26, "date": "2018-01-20"}, "('78409 - inRead - sport1x2.ro_11389927', '2018-01-20')": {"revenue": 0.0045, "total_impressions": 3, "platform": "teads", "placement_name": "78409 - inRead - sport1x2.ro_11389927", "placement_id": "11389927", "revenue_dict": {"USD": 0.005498, "EUR": 0.0045}, "resold_impressions": 3, "date": "2018-01-20"}, "('77563 - inRead - athinorama.gr_5989527', '2018-01-20')": {"revenue": 0.084, "total_impressions": 24, "platform": "teads", "placement_name": "77563 - inRead - athinorama.gr_5989527", "placement_id": "5989527", "revenue_dict": {"USD": 0.102633, "EUR": 0.084}, "resold_impressions": 24, "date": "2018-01-20"}, "('78455 - inRead - focimagazin.hu_6045645', '2018-01-20')": {"revenue": 0.7275, "total_impressions": 330, "platform": "teads", "placement_name": "78455 - inRead - focimagazin.hu_6045645", "placement_id": "6045645", "revenue_dict": {"USD": 0.888875, "EUR": 0.7275}, "resold_impressions": 291, "date": "2018-01-20"}, "('79094 - inRead - toarkoudi.gr_7631030', '2018-01-20')": {"revenue": 0.035, "total_impressions": 10, "platform": "teads", "placement_name": "79094 - inRead - toarkoudi.gr_7631030", "placement_id": "7631030", "revenue_dict": {"USD": 0.042764, "EUR": 0.035}, "resold_impressions": 10, "date": "2018-01-20"}, "('77771 - inRead - addiyar.com_6125539', '2018-01-20')": {"revenue": 6.132, "total_impressions": 1776, "platform": "teads", "placement_name": "77771 - inRead - addiyar.com_6125539", "placement_id": "6125539", "revenue_dict": {"USD": 7.492211, "EUR": 6.132}, "resold_impressions": 1752, "date": "2018-01-20"}, "('77813 - inRead - mothersblog.gr_8846423', '2018-01-20')": {"revenue": 0.2415, "total_impressions": 69, "platform": "teads", "placement_name": "77813 - inRead - mothersblog.gr_8846423", "placement_id": "8846423", "revenue_dict": {"USD": 0.29507, "EUR": 0.2415}, "resold_impressions": 69, "date": "2018-01-20"}, "('78470 - inRead - allyou.gr_5688330', '2018-01-20')": {"revenue": 0.0035, "total_impressions": 1, "platform": "teads", "placement_name": "78470 - inRead - allyou.gr_5688330", "placement_id": "5688330", "revenue_dict": {"USD": 0.004276, "EUR": 0.0035}, "resold_impressions": 1, "date": "2018-01-20"}, "('77657 - inRead - antenna.gr_6116380', '2018-01-20')": {"revenue": 0.1155, "total_impressions": 33, "platform": "teads", "placement_name": "77657 - inRead - antenna.gr_6116380", "placement_id": "6116380", "revenue_dict": {"USD": 0.14112, "EUR": 0.1155}, "resold_impressions": 33, "date": "2018-01-20"}, "('78428 - inRead - egeszsegtukor.hu_6045641', '2018-01-20')": {"revenue": 0.305, "total_impressions": 137, "platform": "teads", "placement_name": "78428 - inRead - egeszsegtukor.hu_6045641", "placement_id": "6045641", "revenue_dict": {"USD": 0.372656, "EUR": 0.305}, "resold_impressions": 122, "date": "2018-01-20"}, "('79101 - inRead - zafafi.com_6034516', '2018-01-20')": {"revenue": 0.0175, "total_impressions": 5, "platform": "teads", "placement_name": "79101 - inRead - zafafi.com_6034516", "placement_id": "6034516", "revenue_dict": {"USD": 0.021382, "EUR": 0.0175}, "resold_impressions": 5, "date": "2018-01-20"}, "('77810 - inRead - newsauto.gr_9926879', '2018-01-20')": {"revenue": 0.574, "total_impressions": 166, "platform": "teads", "placement_name": "77810 - inRead - newsauto.gr_9926879", "placement_id": "9926879", "revenue_dict": {"USD": 0.701326, "EUR": 0.574}, "resold_impressions": 164, "date": "2018-01-20"}, "('79092 - inRead - happyparenting.gr_9016308', '2018-01-20')": {"revenue": 0.0035, "total_impressions": 1, "platform": "teads", "placement_name": "79092 - inRead - happyparenting.gr_9016308", "placement_id": "9016308", "revenue_dict": {"USD": 0.004276, "EUR": 0.0035}, "resold_impressions": 1, "date": "2018-01-20"}, "('79095 - inRead - mother.gr_5682289', '2018-01-20')": {"revenue": 0.0035, "total_impressions": 1, "platform": "teads", "placement_name": "79095 - inRead - mother.gr_5682289", "placement_id": "5682289", "revenue_dict": {"USD": 0.004276, "EUR": 0.0035}, "resold_impressions": 1, "date": "2018-01-20"}, "('78427 - inRead - beszeljukmac.com_6045377', '2018-01-20')": {"revenue": 0.2775, "total_impressions": 133, "platform": "teads", "placement_name": "78427 - inRead - beszeljukmac.com_6045377", "placement_id": "6045377", "revenue_dict": {"USD": 0.339056, "EUR": 0.2775}, "resold_impressions": 111, "date": "2018-01-20"}, "('78349 - inRead - apropotv.ro_10642498', '2018-01-20')": {"revenue": 0.135, "total_impressions": 91, "platform": "teads", "placement_name": "78349 - inRead - apropotv.ro_10642498", "placement_id": "10642498", "revenue_dict": {"USD": 0.164946, "EUR": 0.135}, "resold_impressions": 90, "date": "2018-01-20"}, "('77796 - inRead - queen.gr_8846410', '2018-01-20')": {"revenue": 0.441, "total_impressions": 128, "platform": "teads", "placement_name": "77796 - inRead - queen.gr_8846410", "placement_id": "8846410", "revenue_dict": {"USD": 0.538823, "EUR": 0.441}, "resold_impressions": 126, "date": "2018-01-20"}, "('78425 - inRead - kezdo5.hu_6045649', '2018-01-20')": {"revenue": 0.115, "total_impressions": 49, "platform": "teads", "placement_name": "78425 - inRead - kezdo5.hu_6045649", "placement_id": "6045649", "revenue_dict": {"USD": 0.140509, "EUR": 0.115}, "resold_impressions": 46, "date": "2018-01-20"}, "('77647 - inRead - filantropikum.com_7482017', '2018-01-20')": {"revenue": 0.1625, "total_impressions": 65, "platform": "teads", "placement_name": "77647 - inRead - filantropikum.com_7482017", "placement_id": "7482017", "revenue_dict": {"USD": 0.198546, "EUR": 0.1625}, "resold_impressions": 65, "date": "2018-01-20"}, "('77778 - inRead - star.gr_6044519', '2018-01-20')": {"revenue": 1.099, "total_impressions": 316, "platform": "teads", "placement_name": "77778 - inRead - star.gr_6044519", "placement_id": "6044519", "revenue_dict": {"USD": 1.342782, "EUR": 1.099}, "resold_impressions": 314, "date": "2018-01-20"}, "('78476 - inRead - followme.gr_6125290', '2018-01-20')": {"revenue": 0.014, "total_impressions": 4, "platform": "teads", "placement_name": "78476 - inRead - followme.gr_6125290", "placement_id": "6125290", "revenue_dict": {"USD": 0.017106, "EUR": 0.014}, "resold_impressions": 4, "date": "2018-01-20"}, "('78356 - inRead - romaniatv.net_5708891', '2018-01-20')": {"revenue": 7.0065, "total_impressions": 4749, "platform": "teads", "placement_name": "78356 - inRead - romaniatv.net_5708891", "placement_id": "5708891", "revenue_dict": {"USD": 8.560694, "EUR": 7.0065}, "resold_impressions": 4671, "date": "2018-01-20"}, "('78576 - inRead - ant1iwo.com_11444833', '2018-01-20')": {"revenue": 0.0385, "total_impressions": 11, "platform": "teads", "placement_name": "78576 - inRead - ant1iwo.com_11444833", "placement_id": "11444833", "revenue_dict": {"USD": 0.04704, "EUR": 0.0385}, "resold_impressions": 11, "date": "2018-01-20"}, "('77774 - inRead - eurohoops.net_10857685', '2018-01-20')": {"revenue": 0.329, "total_impressions": 96, "platform": "teads", "placement_name": "77774 - inRead - eurohoops.net_10857685", "placement_id": "10857685", "revenue_dict": {"USD": 0.401979, "EUR": 0.329}, "resold_impressions": 94, "date": "2018-01-20"}, "('77568 - inRead - real.gr_6928703', '2018-01-20')": {"revenue": 0.168, "total_impressions": 48, "platform": "teads", "placement_name": "77568 - inRead - real.gr_6928703", "placement_id": "6928703", "revenue_dict": {"USD": 0.205266, "EUR": 0.168}, "resold_impressions": 48, "date": "2018-01-20"}, "('78418 - inRead - zf.ro_10642778', '2018-01-20')": {"revenue": 1.14, "total_impressions": 768, "platform": "teads", "placement_name": "78418 - inRead - zf.ro_10642778", "placement_id": "10642778", "revenue_dict": {"USD": 1.392877, "EUR": 1.14}, "resold_impressions": 760, "date": "2018-01-20"}, "('77814 - inRead - alfavita.gr_9435214', '2018-01-20')": {"revenue": 0.049, "total_impressions": 14, "platform": "teads", "placement_name": "77814 - inRead - alfavita.gr_9435214", "placement_id": "9435214", "revenue_dict": {"USD": 0.059869, "EUR": 0.049}, "resold_impressions": 14, "date": "2018-01-20"}, "('78574 - inRead - rocking.gr_10024543', '2018-01-20')": {"revenue": 0.0175, "total_impressions": 5, "platform": "teads", "placement_name": "78574 - inRead - rocking.gr_10024543", "placement_id": "10024543", "revenue_dict": {"USD": 0.021382, "EUR": 0.0175}, "resold_impressions": 5, "date": "2018-01-20"}, "('77797 - inRead - faysbook.gr_10190401', '2018-01-20')": {"revenue": 0.2485, "total_impressions": 72, "platform": "teads", "placement_name": "77797 - inRead - faysbook.gr_10190401", "placement_id": "10190401", "revenue_dict": {"USD": 0.303623, "EUR": 0.2485}, "resold_impressions": 71, "date": "2018-01-20"}, "('77567 - inRead - jenny.gr_9035045', '2018-01-20')": {"revenue": 0.175, "total_impressions": 51, "platform": "teads", "placement_name": "77567 - inRead - jenny.gr_9035045", "placement_id": "9035045", "revenue_dict": {"USD": 0.213819, "EUR": 0.175}, "resold_impressions": 50, "date": "2018-01-20"}, "('77811 - inRead - insider.gr_11468627', '2018-01-20')": {"revenue": 2.786, "total_impressions": 799, "platform": "teads", "placement_name": "77811 - inRead - insider.gr_11468627", "placement_id": "11468627", "revenue_dict": {"USD": 3.403995, "EUR": 2.786}, "resold_impressions": 796, "date": "2018-01-20"}, "('77788 - inRead - kerkida.net_11487651', '2018-01-20')": {"revenue": 0.175, "total_impressions": 52, "platform": "teads", "placement_name": "77788 - inRead - kerkida.net_11487651", "placement_id": "11487651", "revenue_dict": {"USD": 0.213819, "EUR": 0.175}, "resold_impressions": 50, "date": "2018-01-20"}, "('79098 - inRead - childit.gr_11584842', '2018-01-20')": {"revenue": 0.0035, "total_impressions": 1, "platform": "teads", "placement_name": "79098 - inRead - childit.gr_11584842", "placement_id": "11584842", "revenue_dict": {"USD": 0.004276, "EUR": 0.0035}, "resold_impressions": 1, "date": "2018-01-20"}, "('78575 - inRead - elculture.gr_7295784', '2018-01-20')": {"revenue": 0.0035, "total_impressions": 1, "platform": "teads", "placement_name": "78575 - inRead - elculture.gr_7295784", "placement_id": "7295784", "revenue_dict": {"USD": 0.004276, "EUR": 0.0035}, "resold_impressions": 1, "date": "2018-01-20"}, "('78461 - inRead - ahdath24.com_11175308', '2018-01-20')": {"revenue": 0.0945, "total_impressions": 27, "platform": "teads", "placement_name": "78461 - inRead - ahdath24.com_11175308", "placement_id": "11175308", "revenue_dict": {"USD": 0.115462, "EUR": 0.0945}, "resold_impressions": 27, "date": "2018-01-20"}, "('77422 - inRead -  sportfm.gr_5687603', '2018-01-20')": {"revenue": 2.674, "total_impressions": 770, "platform": "teads", "placement_name": "77422 - inRead -  sportfm.gr_5687603", "placement_id": "5687603", "revenue_dict": {"USD": 3.267151, "EUR": 2.674}, "resold_impressions": 764, "date": "2018-01-20"}, "('77789 - inRead - bovary.gr_10571039', '2018-01-20')": {"revenue": 1.1375, "total_impressions": 329, "platform": "teads", "placement_name": "77789 - inRead - bovary.gr_10571039", "placement_id": "10571039", "revenue_dict": {"USD": 1.389822, "EUR": 1.1375}, "resold_impressions": 325, "date": "2018-01-20"}, "('77809 - inRead - offsite.com.cy_11487634', '2018-01-20')": {"revenue": 0.056, "total_impressions": 16, "platform": "teads", "placement_name": "77809 - inRead - offsite.com.cy_11487634", "placement_id": "11487634", "revenue_dict": {"USD": 0.068422, "EUR": 0.056}, "resold_impressions": 16, "date": "2018-01-20"}, "('78474 - inRead - travelstories.gr_5917716', '2018-01-20')": {"revenue": 0.189, "total_impressions": 54, "platform": "teads", "placement_name": "78474 - inRead - travelstories.gr_5917716", "placement_id": "5917716", "revenue_dict": {"USD": 0.230924, "EUR": 0.189}, "resold_impressions": 54, "date": "2018-01-20"}, "('78630 - inRead - one.ro_10643135', '2018-01-20')": {"revenue": 0.1695, "total_impressions": 114, "platform": "teads", "placement_name": "78630 - inRead - one.ro_10643135", "placement_id": "10643135", "revenue_dict": {"USD": 0.207099, "EUR": 0.1695}, "resold_impressions": 113, "date": "2018-01-20"}, "('78346 - inRead - go4it.ro_10643501', '2018-01-20')": {"revenue": 0.468, "total_impressions": 314, "platform": "teads", "placement_name": "78346 - inRead - go4it.ro_10643501", "placement_id": "10643501", "revenue_dict": {"USD": 0.571813, "EUR": 0.468}, "resold_impressions": 312, "date": "2018-01-20"}, "('78408 - inRead - economica.net_5700830', '2018-01-20')": {"revenue": 0.438, "total_impressions": 294, "platform": "teads", "placement_name": "78408 - inRead - economica.net_5700830", "placement_id": "5700830", "revenue_dict": {"USD": 0.535158, "EUR": 0.438}, "resold_impressions": 292, "date": "2018-01-20"}, "('77794 - inRead - pagenews.gr_10497287', '2018-01-20')": {"revenue": 0.098, "total_impressions": 28, "platform": "teads", "placement_name": "77794 - inRead - pagenews.gr_10497287", "placement_id": "10497287", "revenue_dict": {"USD": 0.119739, "EUR": 0.098}, "resold_impressions": 28, "date": "2018-01-20"}, "('77790 - inRead - newsbomb.gr_11482558', '2018-01-20')": {"revenue": 1.841, "total_impressions": 529, "platform": "teads", "placement_name": "77790 - inRead - newsbomb.gr_11482558", "placement_id": "11482558", "revenue_dict": {"USD": 2.249374, "EUR": 1.841}, "resold_impressions": 526, "date": "2018-01-20"}, "('78411 - inRead - gandul.info_10642949', '2018-01-20')": {"revenue": 1.179, "total_impressions": 791, "platform": "teads", "placement_name": "78411 - inRead - gandul.info_10642949", "placement_id": "10642949", "revenue_dict": {"USD": 1.440528, "EUR": 1.179}, "resold_impressions": 786, "date": "2018-01-20"}, "('77817 - inRead - protathlima.com_11445232', '2018-01-20')": {"revenue": 0.1295, "total_impressions": 37, "platform": "teads", "placement_name": "77817 - inRead - protathlima.com_11445232", "placement_id": "11445232", "revenue_dict": {"USD": 0.158226, "EUR": 0.1295}, "resold_impressions": 37, "date": "2018-01-20"}, "('85262 - inRead - shape.gr_12142222', '2018-01-20')": {"revenue": 0.0945, "total_impressions": 28, "platform": "teads", "placement_name": "85262 - inRead - shape.gr_12142222", "placement_id": "12142222", "revenue_dict": {"USD": 0.115462, "EUR": 0.0945}, "resold_impressions": 27, "date": "2018-01-20"}, "('78417 - inRead - prosport.ro_10642810', '2018-01-20')": {"revenue": 1.965, "total_impressions": 1327, "platform": "teads", "placement_name": "78417 - inRead - prosport.ro_10642810", "placement_id": "10642810", "revenue_dict": {"USD": 2.40088, "EUR": 1.965}, "resold_impressions": 1310, "date": "2018-01-20"}, "('77558 - inRead - alphatv.gr_5600646', '2018-01-20')": {"revenue": 0.0315, "total_impressions": 9, "platform": "teads", "placement_name": "77558 - inRead - alphatv.gr_5600646", "placement_id": "5600646", "revenue_dict": {"USD": 0.038487, "EUR": 0.0315}, "resold_impressions": 9, "date": "2018-01-20"}, "('85260 - inRead - instyle.gr_11767707', '2018-01-20')": {"revenue": 0.0525, "total_impressions": 15, "platform": "teads", "placement_name": "85260 - inRead - instyle.gr_11767707", "placement_id": "11767707", "revenue_dict": {"USD": 0.064146, "EUR": 0.0525}, "resold_impressions": 15, "date": "2018-01-20"}, "('79097 - inRead - jamaluk.com_6034518', '2018-01-20')": {"revenue": 0.014, "total_impressions": 4, "platform": "teads", "placement_name": "79097 - inRead - jamaluk.com_6034518", "placement_id": "6034518", "revenue_dict": {"USD": 0.017106, "EUR": 0.014}, "resold_impressions": 4, "date": "2018-01-20"}, "('78410 - inRead - descopera.ro_10643488', '2018-01-20')": {"revenue": 0.3015, "total_impressions": 203, "platform": "teads", "placement_name": "78410 - inRead - descopera.ro_10643488", "placement_id": "10643488", "revenue_dict": {"USD": 0.368379, "EUR": 0.3015}, "resold_impressions": 201, "date": "2018-01-20"}, "('79096 - inread - meteorologos.gr_11550271', '2018-01-20')": {"revenue": 0.0105, "total_impressions": 3, "platform": "teads", "placement_name": "79096 - inread - meteorologos.gr_11550271", "placement_id": "11550271", "revenue_dict": {"USD": 0.012829, "EUR": 0.0105}, "resold_impressions": 3, "date": "2018-01-20"}, "('78463 - inRead - voria.gr_9931705', '2018-01-20')": {"revenue": 0.3815, "total_impressions": 110, "platform": "teads", "placement_name": "78463 - inRead - voria.gr_9931705", "placement_id": "9931705", "revenue_dict": {"USD": 0.466125, "EUR": 0.3815}, "resold_impressions": 109, "date": "2018-01-20"}, "('85264 - inRead - themamagers.gr_12350620', '2018-01-20')": {"revenue": 0.014, "total_impressions": 4, "platform": "teads", "placement_name": "85264 - inRead - themamagers.gr_12350620", "placement_id": "12350620", "revenue_dict": {"USD": 0.017106, "EUR": 0.014}, "resold_impressions": 4, "date": "2018-01-20"}, "('78415 - inRead - businessmagazin.ro_10642596', '2018-01-20')": {"revenue": 0.345, "total_impressions": 237, "platform": "teads", "placement_name": "78415 - inRead - businessmagazin.ro_10642596", "placement_id": "10642596", "revenue_dict": {"USD": 0.421528, "EUR": 0.345}, "resold_impressions": 230, "date": "2018-01-20"}, "('77772 - inRead - iefimerida.gr_5585216', '2018-01-20')": {"revenue": 2.2225, "total_impressions": 645, "platform": "teads", "placement_name": "77772 - inRead - iefimerida.gr_5585216", "placement_id": "5585216", "revenue_dict": {"USD": 2.715499, "EUR": 2.2225}, "resold_impressions": 635, "date": "2018-01-20"}, "('77646 - inRead - vital.hu_7196214', '2018-01-20')": {"revenue": 0.25, "total_impressions": 106, "platform": "teads", "placement_name": "77646 - inRead - vital.hu_7196214", "placement_id": "7196214", "revenue_dict": {"USD": 0.305455, "EUR": 0.25}, "resold_impressions": 100, "date": "2018-01-20"}}
