{"('12552398_pazar3.mk_postBid_970x250', '2018-04-21')": {"platform": "adsense", "size": "970x250", "revenue_dict": {"USD": 0.245743, "EUR": 0.2}, "clicks": 3, "placement_name": "12552398_pazar3.mk_postBid_970x250", "date": "2018-04-21", "revenue": 0.2, "total_impressions": 61225, "placement_id": "12552398", "resold_impressions": 994}, "('12531388_savoirville.gr_homepage-1_728x90', '2018-04-21')": {"platform": "adsense", "size": "728x90", "revenue_dict": {"USD": 0.0, "EUR": 0.0}, "clicks": 0, "placement_name": "12531388_savoirville.gr_homepage-1_728x90", "date": "2018-04-21", "revenue": 0.0, "total_impressions": 7, "placement_id": "12531388", "resold_impressions": 7}, "('12780277_missbloom.gr_ros-1_300x600', '2018-04-21')": {"platform": "adsense", "size": "300x600", "revenue_dict": {"USD": 0.012287, "EUR": 0.01}, "clicks": 1, "placement_name": "12780277_missbloom.gr_ros-1_300x600", "date": "2018-04-21", "revenue": 0.01, "total_impressions": 6723, "placement_id": "12780277", "resold_impressions": 3265}, "('12210123_yupiii.gr_Home-buttonB-new_300x150', '2018-04-21')": {"platform": "adsense", "size": "300x100", "revenue_dict": {"USD": 0.0, "EUR": 0.0}, "clicks": 0, "placement_name": "12210123_yupiii.gr_Home-buttonB-new_300x150", "date": "2018-04-21", "revenue": 0.0, "total_impressions": 6466, "placement_id": "12210123", "resold_impressions": 800}, "('12896040_missbloom.bg_homepage-ros-b-perf_300x250', '2018-04-21')": {"platform": "adsense", "size": "300x250", "revenue_dict": {"USD": 0.012287, "EUR": 0.01}, "clicks": 0, "placement_name": "12896040_missbloom.bg_homepage-ros-b-perf_300x250", "date": "2018-04-21", "revenue": 0.01, "total_impressions": 3753, "placement_id": "12896040", "resold_impressions": 1820}, "('12798941_sarayanews.com_ros_300x600', '2018-04-21')": {"platform": "adsense", "size": "300x600", "revenue_dict": {"USD": 0.0, "EUR": 0.0}, "clicks": 0, "placement_name": "12798941_sarayanews.com_ros_300x600", "date": "2018-04-21", "revenue": 0.0, "total_impressions": 1, "placement_id": "12798941", "resold_impressions": 0}, "('12723493_antenastars.ro_ros_728x90', '2018-04-21')": {"platform": "adsense", "size": "728x90", "revenue_dict": {"USD": 0.0, "EUR": 0.0}, "clicks": 0, "placement_name": "12723493_antenastars.ro_ros_728x90", "date": "2018-04-21", "revenue": 0.0, "total_impressions": 15, "placement_id": "12723493", "resold_impressions": 8}, "('12552383_m.pazar3.mk_postBid_300x250', '2018-04-21')": {"platform": "adsense", "size": "300x250", "revenue_dict": {"USD": 2.002801, "EUR": 1.63}, "clicks": 16, "placement_name": "12552383_m.pazar3.mk_postBid_300x250", "date": "2018-04-21", "revenue": 1.63, "total_impressions": 338603, "placement_id": "12552383", "resold_impressions": 6716}, "('12552391_pazar3.mk_postBid_300x600', '2018-04-21')": {"platform": "adsense", "size": "300x600", "revenue_dict": {"USD": 0.0, "EUR": 0.0}, "clicks": 0, "placement_name": "12552391_pazar3.mk_postBid_300x600", "date": "2018-04-21", "revenue": 0.0, "total_impressions": 24, "placement_id": "12552391", "resold_impressions": 0}, "('12794614_shape.gr_homepage-ros_728x90', '2018-04-21')": {"platform": "adsense", "size": "728x90", "revenue_dict": {"USD": 0.024574, "EUR": 0.02}, "clicks": 0, "placement_name": "12794614_shape.gr_homepage-ros_728x90", "date": "2018-04-21", "revenue": 0.02, "total_impressions": 18254, "placement_id": "12794614", "resold_impressions": 3674}, "('12798974_btalah.com_ros_970x250', '2018-04-21')": {"platform": "adsense", "size": "970x250", "revenue_dict": {"USD": 0.0, "EUR": 0.0}, "clicks": 0, "placement_name": "12798974_btalah.com_ros_970x250", "date": "2018-04-21", "revenue": 0.0, "total_impressions": 2, "placement_id": "12798974", "resold_impressions": 0}, "('11142956_sarayanews.com_ros_300x250', '2018-04-21')": {"platform": "adsense", "size": "300x250", "revenue_dict": {"USD": 0.0, "EUR": 0.0}, "clicks": 0, "placement_name": "11142956_sarayanews.com_ros_300x250", "date": "2018-04-21", "revenue": 0.0, "total_impressions": 1, "placement_id": "11142956", "resold_impressions": 0}, "('12531398_savoirville.gr_homepage-1_300x250', '2018-04-21')": {"platform": "adsense", "size": "300x250", "revenue_dict": {"USD": 0.0, "EUR": 0.0}, "clicks": 36, "placement_name": "12531398_savoirville.gr_homepage-1_300x250", "date": "2018-04-21", "revenue": 0.0, "total_impressions": 204, "placement_id": "12531398", "resold_impressions": 203}, "('8828072_astrology.gr_XL-Homepage_940x80', '2018-04-21')": {"platform": "adsense", "size": "940x80", "revenue_dict": {"USD": 0.0, "EUR": 0.0}, "clicks": 0, "placement_name": "8828072_astrology.gr_XL-Homepage_940x80", "date": "2018-04-21", "revenue": 0.0, "total_impressions": 1, "placement_id": "8828072", "resold_impressions": 0}, "('Test_MSN_Remnant_300x250', '2018-04-21')": {"platform": "adsense", "size": "300x250", "revenue_dict": {"USD": 0.0, "EUR": 0.0}, "clicks": 0, "placement_name": "Test_MSN_Remnant_300x250", "date": "2018-04-21", "revenue": 0.0, "total_impressions": 1, "placement_id": 0, "resold_impressions": 0}, "('12780266_missbloom.gr_homepage-3_300x250', '2018-04-21')": {"platform": "adsense", "size": "300x250", "revenue_dict": {"USD": 0.0, "EUR": 0.0}, "clicks": 0, "placement_name": "12780266_missbloom.gr_homepage-3_300x250", "date": "2018-04-21", "revenue": 0.0, "total_impressions": 41, "placement_id": "12780266", "resold_impressions": 31}, "('12897545_localenetwork_ros_300x100', '2018-04-21')": {"platform": "adsense", "size": "300x100", "revenue_dict": {"USD": 0.012287, "EUR": 0.01}, "clicks": 1, "placement_name": "12897545_localenetwork_ros_300x100", "date": "2018-04-21", "revenue": 0.01, "total_impressions": 16685, "placement_id": "12897545", "resold_impressions": 2531}, "('12993217_themamagers.gr_homepage-ros_970x250', '2018-04-21')": {"platform": "adsense", "size": "970x250", "revenue_dict": {"USD": 0.024574, "EUR": 0.02}, "clicks": 0, "placement_name": "12993217_themamagers.gr_homepage-ros_970x250", "date": "2018-04-21", "revenue": 0.02, "total_impressions": 2648, "placement_id": "12993217", "resold_impressions": 1430}, "('12682752_m.observator.tv_ros-1_300x250', '2018-04-21')": {"platform": "adsense", "size": "300x250", "revenue_dict": {"USD": 0.430049, "EUR": 0.35}, "clicks": 4, "placement_name": "12682752_m.observator.tv_ros-1_300x250", "date": "2018-04-21", "revenue": 0.35, "total_impressions": 6595, "placement_id": "12682752", "resold_impressions": 5458}, "('12531411_savoirville.gr_ros-1_728x90', '2018-04-21')": {"platform": "adsense", "size": "728x90", "revenue_dict": {"USD": 0.221168, "EUR": 0.18}, "clicks": 3, "placement_name": "12531411_savoirville.gr_ros-1_728x90", "date": "2018-04-21", "revenue": 0.18, "total_impressions": 3825, "placement_id": "12531411", "resold_impressions": 3798}, "('12780276_missbloom.gr_articles-3_300x250', '2018-04-21')": {"platform": "adsense", "size": "300x250", "revenue_dict": {"USD": 0.0, "EUR": 0.0}, "clicks": 0, "placement_name": "12780276_missbloom.gr_articles-3_300x250", "date": "2018-04-21", "revenue": 0.0, "total_impressions": 917, "placement_id": "12780276", "resold_impressions": 575}, "('12723507_m.euforia.tv_homepage_300x250', '2018-04-21')": {"platform": "adsense", "size": "300x250", "revenue_dict": {"USD": 0.0, "EUR": 0.0}, "clicks": 1, "placement_name": "12723507_m.euforia.tv_homepage_300x250", "date": "2018-04-21", "revenue": 0.0, "total_impressions": 284, "placement_id": "12723507", "resold_impressions": 184}, "('12552388_pazar3.mk_postBid_300x250', '2018-04-21')": {"platform": "adsense", "size": "300x250", "revenue_dict": {"USD": 0.34404, "EUR": 0.28}, "clicks": 4, "placement_name": "12552388_pazar3.mk_postBid_300x250", "date": "2018-04-21", "revenue": 0.28, "total_impressions": 17468, "placement_id": "12552388", "resold_impressions": 430}, "('12351524_LocaleNetwork_ros_970x250', '2018-04-21')": {"platform": "adsense", "size": "970x250", "revenue_dict": {"USD": 0.0, "EUR": 0.0}, "clicks": 0, "placement_name": "12351524_LocaleNetwork_ros_970x250", "date": "2018-04-21", "revenue": 0.0, "total_impressions": 7866, "placement_id": "12351524", "resold_impressions": 212}, "('YL_300x250', '2018-04-21')": {"platform": "adsense", "size": "300x250", "revenue_dict": {"USD": 0.0, "EUR": 0.0}, "clicks": 0, "placement_name": "YL_300x250", "date": "2018-04-21", "revenue": 0.0, "total_impressions": 2, "placement_id": 0, "resold_impressions": 0}, "('12939499_missbloom.bg_homepage-ros-c-perf_300x250', '2018-04-21')": {"platform": "adsense", "size": "300x250", "revenue_dict": {"USD": 0.0, "EUR": 0.0}, "clicks": 0, "placement_name": "12939499_missbloom.bg_homepage-ros-c-perf_300x250", "date": "2018-04-21", "revenue": 0.0, "total_impressions": 5597, "placement_id": "12939499", "resold_impressions": 506}, "('12957387_m.a1.ro_withoutheaderbidding_300x250', '2018-04-21')": {"platform": "adsense", "size": "300x250", "revenue_dict": {"USD": 0.491485, "EUR": 0.4}, "clicks": 17, "placement_name": "12957387_m.a1.ro_withoutheaderbidding_300x250", "date": "2018-04-21", "revenue": 0.4, "total_impressions": 14580, "placement_id": "12957387", "resold_impressions": 10217}, "('12993214_themamagers.gr_homepage-ros_300x600', '2018-04-21')": {"platform": "adsense", "size": "300x600", "revenue_dict": {"USD": 0.024574, "EUR": 0.02}, "clicks": 7, "placement_name": "12993214_themamagers.gr_homepage-ros_300x600", "date": "2018-04-21", "revenue": 0.02, "total_impressions": 7724, "placement_id": "12993214", "resold_impressions": 2280}, "('12531409_savoirville.gr_ros-3_300x250', '2018-04-21')": {"platform": "adsense", "size": "300x250", "revenue_dict": {"USD": 0.454624, "EUR": 0.37}, "clicks": 5, "placement_name": "12531409_savoirville.gr_ros-3_300x250", "date": "2018-04-21", "revenue": 0.37, "total_impressions": 4181, "placement_id": "12531409", "resold_impressions": 2623}, "('12780269_missbloom.gr_homepage-3_300x600', '2018-04-21')": {"platform": "adsense", "size": "300x600", "revenue_dict": {"USD": 0.0, "EUR": 0.0}, "clicks": 0, "placement_name": "12780269_missbloom.gr_homepage-3_300x600", "date": "2018-04-21", "revenue": 0.0, "total_impressions": 20, "placement_id": "12780269", "resold_impressions": 11}, "('12780283_missbloom.gr_ros-bottom_970x250', '2018-04-21')": {"platform": "adsense", "size": "970x250", "revenue_dict": {"USD": 0.024574, "EUR": 0.02}, "clicks": 1, "placement_name": "12780283_missbloom.gr_ros-bottom_970x250", "date": "2018-04-21", "revenue": 0.02, "total_impressions": 8892, "placement_id": "12780283", "resold_impressions": 1873}, "('12531406_savoirville.gr_ros-2_300x250', '2018-04-21')": {"platform": "adsense", "size": "300x250", "revenue_dict": {"USD": 0.25803, "EUR": 0.21}, "clicks": 2, "placement_name": "12531406_savoirville.gr_ros-2_300x250", "date": "2018-04-21", "revenue": 0.21, "total_impressions": 4377, "placement_id": "12531406", "resold_impressions": 2636}, "('12780282_missbloom.gr_ros_970x250', '2018-04-21')": {"platform": "adsense", "size": "970x250", "revenue_dict": {"USD": 0.0, "EUR": 0.0}, "clicks": 0, "placement_name": "12780282_missbloom.gr_ros_970x250", "date": "2018-04-21", "revenue": 0.0, "total_impressions": 3136, "placement_id": "12780282", "resold_impressions": 254}, "('12001595_gazzetta.gr_adblock-1_300x250', '2018-04-21')": {"platform": "adsense", "size": "300x250", "revenue_dict": {"USD": 0.0, "EUR": 0.0}, "clicks": 0, "placement_name": "12001595_gazzetta.gr_adblock-1_300x250", "date": "2018-04-21", "revenue": 0.0, "total_impressions": 1, "placement_id": "12001595", "resold_impressions": 0}, "('12531399_savoirville.gr_homepage-2_300x250', '2018-04-21')": {"platform": "adsense", "size": "300x250", "revenue_dict": {"USD": 0.0, "EUR": 0.0}, "clicks": 0, "placement_name": "12531399_savoirville.gr_homepage-2_300x250", "date": "2018-04-21", "revenue": 0.0, "total_impressions": 214, "placement_id": "12531399", "resold_impressions": 212}, "('12780270_missbloom.gr_homepage_728x90', '2018-04-21')": {"platform": "adsense", "size": "728x90", "revenue_dict": {"USD": 0.0, "EUR": 0.0}, "clicks": 0, "placement_name": "12780270_missbloom.gr_homepage_728x90", "date": "2018-04-21", "revenue": 0.0, "total_impressions": 10, "placement_id": "12780270", "resold_impressions": 2}, "('12780264_missbloom.gr_homepage-1_300x250', '2018-04-21')": {"platform": "adsense", "size": "300x250", "revenue_dict": {"USD": 0.0, "EUR": 0.0}, "clicks": 0, "placement_name": "12780264_missbloom.gr_homepage-1_300x250", "date": "2018-04-21", "revenue": 0.0, "total_impressions": 1, "placement_id": "12780264", "resold_impressions": 1}, "('12780272_missbloom.gr_homepage_970x250', '2018-04-21')": {"platform": "adsense", "size": "970x250", "revenue_dict": {"USD": 0.835525, "EUR": 0.68}, "clicks": 4, "placement_name": "12780272_missbloom.gr_homepage_970x250", "date": "2018-04-21", "revenue": 0.68, "total_impressions": 492, "placement_id": "12780272", "resold_impressions": 327}, "('12682739_observator.tv_ros_728x90', '2018-04-21')": {"platform": "adsense", "size": "728x90", "revenue_dict": {"USD": 0.0, "EUR": 0.0}, "clicks": 0, "placement_name": "12682739_observator.tv_ros_728x90", "date": "2018-04-21", "revenue": 0.0, "total_impressions": 604, "placement_id": "12682739", "resold_impressions": 490}, "('12780274_missbloom.gr_ros-1_300x250', '2018-04-21')": {"platform": "adsense", "size": "300x250", "revenue_dict": {"USD": 0.184307, "EUR": 0.15}, "clicks": 3, "placement_name": "12780274_missbloom.gr_ros-1_300x250", "date": "2018-04-21", "revenue": 0.15, "total_impressions": 11510, "placement_id": "12780274", "resold_impressions": 6165}, "('12780281_missbloom.gr_ros-bottom_728x90', '2018-04-21')": {"platform": "adsense", "size": "728x90", "revenue_dict": {"USD": 0.0, "EUR": 0.0}, "clicks": 0, "placement_name": "12780281_missbloom.gr_ros-bottom_728x90", "date": "2018-04-21", "revenue": 0.0, "total_impressions": 1431, "placement_id": "12780281", "resold_impressions": 824}, "('12794608_shape.gr_homepage-ros_300x250', '2018-04-21')": {"platform": "adsense", "size": "300x250", "revenue_dict": {"USD": 0.024574, "EUR": 0.02}, "clicks": 0, "placement_name": "12794608_shape.gr_homepage-ros_300x250", "date": "2018-04-21", "revenue": 0.02, "total_impressions": 12965, "placement_id": "12794608", "resold_impressions": 6845}, "('12723499_m.antenastars.ro_ros-1_300x250', '2018-04-21')": {"platform": "adsense", "size": "300x250", "revenue_dict": {"USD": 0.0, "EUR": 0.0}, "clicks": 0, "placement_name": "12723499_m.antenastars.ro_ros-1_300x250", "date": "2018-04-21", "revenue": 0.0, "total_impressions": 847, "placement_id": "12723499", "resold_impressions": 672}, "('12957382_a1.ro_withheaderbidding_300x600', '2018-04-21')": {"platform": "adsense", "size": "300x600", "revenue_dict": {"USD": 0.0, "EUR": 0.0}, "clicks": 0, "placement_name": "12957382_a1.ro_withheaderbidding_300x600", "date": "2018-04-21", "revenue": 0.0, "total_impressions": 224, "placement_id": "12957382", "resold_impressions": 100}, "('12682691_m.a1.ro_ros-1_300x250', '2018-04-21')": {"platform": "adsense", "size": "300x250", "revenue_dict": {"USD": 0.012287, "EUR": 0.01}, "clicks": 0, "placement_name": "12682691_m.a1.ro_ros-1_300x250", "date": "2018-04-21", "revenue": 0.01, "total_impressions": 229, "placement_id": "12682691", "resold_impressions": 202}, "('10471779_pagenews.gr_ros-1_300x250', '2018-04-21')": {"platform": "adsense", "size": "300x250", "revenue_dict": {"USD": 0.0, "EUR": 0.0}, "clicks": 0, "placement_name": "10471779_pagenews.gr_ros-1_300x250", "date": "2018-04-21", "revenue": 0.0, "total_impressions": 1351, "placement_id": "10471779", "resold_impressions": 442}, "('12780275_missbloom.gr_articles-2_300x250', '2018-04-21')": {"platform": "adsense", "size": "300x250", "revenue_dict": {"USD": 0.0, "EUR": 0.0}, "clicks": 0, "placement_name": "12780275_missbloom.gr_articles-2_300x250", "date": "2018-04-21", "revenue": 0.0, "total_impressions": 111, "placement_id": "12780275", "resold_impressions": 35}, "('12210132_yupiii.gr_article-ros-B-n_620x60', '2018-04-21')": {"platform": "adsense", "size": "468x60", "revenue_dict": {"USD": 0.0, "EUR": 0.0}, "clicks": 0, "placement_name": "12210132_yupiii.gr_article-ros-B-n_620x60", "date": "2018-04-21", "revenue": 0.0, "total_impressions": 5371, "placement_id": "12210132", "resold_impressions": 1003}, "('12780265_missbloom.gr_homepage-2_300x250', '2018-04-21')": {"platform": "adsense", "size": "300x250", "revenue_dict": {"USD": 0.0, "EUR": 0.0}, "clicks": 0, "placement_name": "12780265_missbloom.gr_homepage-2_300x250", "date": "2018-04-21", "revenue": 0.0, "total_impressions": 23, "placement_id": "12780265", "resold_impressions": 11}, "('12552402_pazar3.mk_postBid_970x90', '2018-04-21')": {"platform": "adsense", "size": "970x90", "revenue_dict": {"USD": 0.0, "EUR": 0.0}, "clicks": 0, "placement_name": "12552402_pazar3.mk_postBid_970x90", "date": "2018-04-21", "revenue": 0.0, "total_impressions": 1, "placement_id": "12552402", "resold_impressions": 0}, "('11142959_sarayanews.com_ros-tmp_120x600', '2018-04-21')": {"platform": "adsense", "size": "120x600", "revenue_dict": {"USD": 0.0, "EUR": 0.0}, "clicks": 0, "placement_name": "11142959_sarayanews.com_ros-tmp_120x600", "date": "2018-04-21", "revenue": 0.0, "total_impressions": 1, "placement_id": "11142959", "resold_impressions": 0}, "('12210121_yupiii.gr_Home-button-new_300x150', '2018-04-21')": {"platform": "adsense", "size": "300x100", "revenue_dict": {"USD": 0.012287, "EUR": 0.01}, "clicks": 0, "placement_name": "12210121_yupiii.gr_Home-button-new_300x150", "date": "2018-04-21", "revenue": 0.01, "total_impressions": 8896, "placement_id": "12210121", "resold_impressions": 3713}, "('12957383_a1.ro_withoutheaderbidding_300x600', '2018-04-21')": {"platform": "adsense", "size": "300x600", "revenue_dict": {"USD": 0.0, "EUR": 0.0}, "clicks": 0, "placement_name": "12957383_a1.ro_withoutheaderbidding_300x600", "date": "2018-04-21", "revenue": 0.0, "total_impressions": 175, "placement_id": "12957383", "resold_impressions": 53}, "('12993213_themamagers.gr_homepage-ros_300x250', '2018-04-21')": {"platform": "adsense", "size": "300x250", "revenue_dict": {"USD": 0.012287, "EUR": 0.01}, "clicks": 12, "placement_name": "12993213_themamagers.gr_homepage-ros_300x250", "date": "2018-04-21", "revenue": 0.01, "total_impressions": 7472, "placement_id": "12993213", "resold_impressions": 1312}, "('12794613_shape.gr_homepage-ros_970x250', '2018-04-21')": {"platform": "adsense", "size": "970x250", "revenue_dict": {"USD": 0.049149, "EUR": 0.04}, "clicks": 0, "placement_name": "12794613_shape.gr_homepage-ros_970x250", "date": "2018-04-21", "revenue": 0.04, "total_impressions": 53260, "placement_id": "12794613", "resold_impressions": 5622}, "('12798965_btalah.com_ros_300x250', '2018-04-21')": {"platform": "adsense", "size": "300x250", "revenue_dict": {"USD": 0.0, "EUR": 0.0}, "clicks": 0, "placement_name": "12798965_btalah.com_ros_300x250", "date": "2018-04-21", "revenue": 0.0, "total_impressions": 1, "placement_id": "12798965", "resold_impressions": 0}, "('12531402_savoirville.gr_ros-1_300x250', '2018-04-21')": {"platform": "adsense", "size": "300x250", "revenue_dict": {"USD": 0.319465, "EUR": 0.26}, "clicks": 233, "placement_name": "12531402_savoirville.gr_ros-1_300x250", "date": "2018-04-21", "revenue": 0.26, "total_impressions": 4506, "placement_id": "12531402", "resold_impressions": 2927}, "('12993216_themamagers.gr_homepage-ros_728x90', '2018-04-21')": {"platform": "adsense", "size": "728x90", "revenue_dict": {"USD": 0.012287, "EUR": 0.01}, "clicks": 3, "placement_name": "12993216_themamagers.gr_homepage-ros_728x90", "date": "2018-04-21", "revenue": 0.01, "total_impressions": 7302, "placement_id": "12993216", "resold_impressions": 4895}, "('12780280_missbloom.gr_ros_728x90', '2018-04-21')": {"platform": "adsense", "size": "728x90", "revenue_dict": {"USD": 0.098297, "EUR": 0.08}, "clicks": 1, "placement_name": "12780280_missbloom.gr_ros_728x90", "date": "2018-04-21", "revenue": 0.08, "total_impressions": 11686, "placement_id": "12780280", "resold_impressions": 2613}, "('11142957_sarayanews.com_ros_728x90', '2018-04-21')": {"platform": "adsense", "size": "728x90", "revenue_dict": {"USD": 0.0, "EUR": 0.0}, "clicks": 0, "placement_name": "11142957_sarayanews.com_ros_728x90", "date": "2018-04-21", "revenue": 0.0, "total_impressions": 1, "placement_id": "11142957", "resold_impressions": 0}, "('12780278_missbloom.gr_articles-2_300x600', '2018-04-21')": {"platform": "adsense", "size": "300x600", "revenue_dict": {"USD": 0.0, "EUR": 0.0}, "clicks": 6, "placement_name": "12780278_missbloom.gr_articles-2_300x600", "date": "2018-04-21", "revenue": 0.0, "total_impressions": 438, "placement_id": "12780278", "resold_impressions": 272}, "('12794612_shape.gr_homepage-ros_300x600', '2018-04-21')": {"platform": "adsense", "size": "300x600", "revenue_dict": {"USD": 0.073723, "EUR": 0.06}, "clicks": 2, "placement_name": "12794612_shape.gr_homepage-ros_300x600", "date": "2018-04-21", "revenue": 0.06, "total_impressions": 15243, "placement_id": "12794612", "resold_impressions": 9058}, "('12780268_missbloom.gr_homepage-2_300x600', '2018-04-21')": {"platform": "adsense", "size": "300x600", "revenue_dict": {"USD": 0.0, "EUR": 0.0}, "clicks": 0, "placement_name": "12780268_missbloom.gr_homepage-2_300x600", "date": "2018-04-21", "revenue": 0.0, "total_impressions": 5, "placement_id": "12780268", "resold_impressions": 3}, "('12531401_savoirville.gr_homepage-3_300x250', '2018-04-21')": {"platform": "adsense", "size": "300x250", "revenue_dict": {"USD": 0.0, "EUR": 0.0}, "clicks": 0, "placement_name": "12531401_savoirville.gr_homepage-3_300x250", "date": "2018-04-21", "revenue": 0.0, "total_impressions": 11, "placement_id": "12531401", "resold_impressions": 11}, "('12210120_yupiii.gr_Home-buttonB-n_300x100', '2018-04-21')": {"platform": "adsense", "size": "300x100", "revenue_dict": {"USD": 0.0, "EUR": 0.0}, "clicks": 0, "placement_name": "12210120_yupiii.gr_Home-buttonB-n_300x100", "date": "2018-04-21", "revenue": 0.0, "total_impressions": 6466, "placement_id": "12210120", "resold_impressions": 1105}}
