{"('9525439_m.libertatea.ro_hp-categ-interarticle1-BTF_300x250', '2018-01-21')": {"adspaceid": "130273951", "revenue": 0.14, "revenue_dict": {"USD": 0.14, "EUR": 0.114554}, "placement_id": "9525439", "placement_name": "9525439_m.libertatea.ro_hp-categ-interarticle1-BTF_300x250", "platform": "smaato", "resold_impressions": 414, "date": "2018-01-21", "total_impressions": 33394}, "('11441380_xe.gr_business-results-2_300x250', '2018-01-21')": {"adspaceid": "130289705", "revenue": 0.01, "revenue_dict": {"USD": 0.01, "EUR": 0.008182}, "placement_id": "11441380", "placement_name": "11441380_xe.gr_business-results-2_300x250", "platform": "smaato", "resold_impressions": 115, "date": "2018-01-21", "total_impressions": 2034}, "('10554576_eurohoops.net_euroleague-ATF_300x250', '2018-01-21')": {"adspaceid": "130289683", "revenue": 0.0, "revenue_dict": {"USD": 0.0, "EUR": 0.0}, "placement_id": "10554576", "placement_name": "10554576_eurohoops.net_euroleague-ATF_300x250", "platform": "smaato", "resold_impressions": 2, "date": "2018-01-21", "total_impressions": 351}, "('11182540_star.gr_ros-2_300x250', '2018-01-21')": {"adspaceid": "130288707", "revenue": 0.01, "revenue_dict": {"USD": 0.01, "EUR": 0.008182}, "placement_id": "11182540", "placement_name": "11182540_star.gr_ros-2_300x250", "platform": "smaato", "resold_impressions": 92, "date": "2018-01-21", "total_impressions": 2610}, "('11182531_star.gr_homepage-3_300x250', '2018-01-21')": {"adspaceid": "130289432", "revenue": 0.0, "revenue_dict": {"USD": 0.0, "EUR": 0.0}, "placement_id": "11182531", "placement_name": "11182531_star.gr_homepage-3_300x250", "platform": "smaato", "resold_impressions": 23, "date": "2018-01-21", "total_impressions": 2675}, "('3894541_romaniatv.net_life_300x250', '2018-01-21')": {"adspaceid": "130282785", "revenue": 0.04, "revenue_dict": {"USD": 0.04, "EUR": 0.03273}, "placement_id": "3894541", "placement_name": "3894541_romaniatv.net_life_300x250", "platform": "smaato", "resold_impressions": 126, "date": "2018-01-21", "total_impressions": 13938}, "('11441369_xe.gr_property-results-2_300x600', '2018-01-21')": {"adspaceid": "130291000", "revenue": 0.03, "revenue_dict": {"USD": 0.03, "EUR": 0.024547}, "placement_id": "11441369", "placement_name": "11441369_xe.gr_property-results-2_300x600", "platform": "smaato", "resold_impressions": 256, "date": "2018-01-21", "total_impressions": 51080}, "('3841465_meteo.gr_cities_300x250', '2018-01-21')": {"adspaceid": "130289495", "revenue": 0.0, "revenue_dict": {"USD": 0.0, "EUR": 0.0}, "placement_id": "3841465", "placement_name": "3841465_meteo.gr_cities_300x250", "platform": "smaato", "resold_impressions": 3, "date": "2018-01-21", "total_impressions": 555}, "('9917139_newsauto.gr_article-bottom-1_300x250', '2018-01-21')": {"adspaceid": "130289657", "revenue": 0.22, "revenue_dict": {"USD": 0.22, "EUR": 0.180013}, "placement_id": "9917139", "placement_name": "9917139_newsauto.gr_article-bottom-1_300x250", "platform": "smaato", "resold_impressions": 5620, "date": "2018-01-21", "total_impressions": 15571}, "('11441384_xe.gr_automoto-home_300x600', '2018-01-21')": {"adspaceid": "130291009", "revenue": 0.0, "revenue_dict": {"USD": 0.0, "EUR": 0.0}, "placement_id": "11441384", "placement_name": "11441384_xe.gr_automoto-home_300x600", "platform": "smaato", "resold_impressions": 8, "date": "2018-01-21", "total_impressions": 702}, "('11141004_m.zutv.ro_ros_300x250', '2018-01-21')": {"adspaceid": "130273944", "revenue": 0.0, "revenue_dict": {"USD": 0.0, "EUR": 0.0}, "placement_id": "11141004", "placement_name": "11141004_m.zutv.ro_ros_300x250", "platform": "smaato", "resold_impressions": 0, "date": "2018-01-21", "total_impressions": 1}, "('10554571_eurohoops.net_home-BTF_300x250', '2018-01-21')": {"adspaceid": "130289685", "revenue": 0.01, "revenue_dict": {"USD": 0.01, "EUR": 0.008182}, "placement_id": "10554571", "placement_name": "10554571_eurohoops.net_home-BTF_300x250", "platform": "smaato", "resold_impressions": 28, "date": "2018-01-21", "total_impressions": 6548}, "('9905336_alphatv.gr_ros-3_300x250', '2018-01-21')": {"adspaceid": "130289474", "revenue": 0.04, "revenue_dict": {"USD": 0.04, "EUR": 0.03273}, "placement_id": "9905336", "placement_name": "9905336_alphatv.gr_ros-3_300x250", "platform": "smaato", "resold_impressions": 121, "date": "2018-01-21", "total_impressions": 12254}, "('6387213_m.elle.ro_allsite_300x250', '2018-01-21')": {"adspaceid": "130284311", "revenue": 0.11, "revenue_dict": {"USD": 0.11, "EUR": 0.090006}, "placement_id": "6387213", "placement_name": "6387213_m.elle.ro_allsite_300x250", "platform": "smaato", "resold_impressions": 331, "date": "2018-01-21", "total_impressions": 49699}, "('9791862_m.sfatulparintilor.ro_ros_300x250', '2018-01-21')": {"adspaceid": "130273956", "revenue": 0.06, "revenue_dict": {"USD": 0.06, "EUR": 0.049094}, "placement_id": "9791862", "placement_name": "9791862_m.sfatulparintilor.ro_ros_300x250", "platform": "smaato", "resold_impressions": 187, "date": "2018-01-21", "total_impressions": 15083}, "('7491929_m.mediafax.ro_ros-2_300x250', '2018-01-21')": {"adspaceid": "130275981", "revenue": 0.0, "revenue_dict": {"USD": 0.0, "EUR": 0.0}, "placement_id": "7491929", "placement_name": "7491929_m.mediafax.ro_ros-2_300x250", "platform": "smaato", "resold_impressions": 13, "date": "2018-01-21", "total_impressions": 10726}, "('7491935_m.csid.ro_ros-2_300x250', '2018-01-21')": {"adspaceid": "130275973", "revenue": 0.0, "revenue_dict": {"USD": 0.0, "EUR": 0.0}, "placement_id": "7491935", "placement_name": "7491935_m.csid.ro_ros-2_300x250", "platform": "smaato", "resold_impressions": 3, "date": "2018-01-21", "total_impressions": 2539}, "('7491677_m.zf.ro_ros-1_300x250', '2018-01-21')": {"adspaceid": "130273945", "revenue": 0.03, "revenue_dict": {"USD": 0.03, "EUR": 0.024547}, "placement_id": "7491677", "placement_name": "7491677_m.zf.ro_ros-1_300x250", "platform": "smaato", "resold_impressions": 103, "date": "2018-01-21", "total_impressions": 9531}, "('9052099_m.gandul.info_All-site-box-2_300x250', '2018-01-21')": {"adspaceid": "130275941", "revenue": 0.07, "revenue_dict": {"USD": 0.07, "EUR": 0.057277}, "placement_id": "9052099", "placement_name": "9052099_m.gandul.info_All-site-box-2_300x250", "platform": "smaato", "resold_impressions": 234, "date": "2018-01-21", "total_impressions": 11541}, "('4207423_sportfm.gr_soccer-top_300x250', '2018-01-21')": {"adspaceid": "130289674", "revenue": 0.31, "revenue_dict": {"USD": 0.31, "EUR": 0.253654}, "placement_id": "4207423", "placement_name": "4207423_sportfm.gr_soccer-top_300x250", "platform": "smaato", "resold_impressions": 2152, "date": "2018-01-21", "total_impressions": 61177}, "('11182555_star.gr_lifestyle-2_300x250', '2018-01-21')": {"adspaceid": "130289437", "revenue": 0.0, "revenue_dict": {"USD": 0.0, "EUR": 0.0}, "placement_id": "11182555", "placement_name": "11182555_star.gr_lifestyle-2_300x250", "platform": "smaato", "resold_impressions": 31, "date": "2018-01-21", "total_impressions": 662}, "('10889414_m.saaih.com_ros-1_300x250', '2018-01-21')": {"adspaceid": "130271188", "revenue": 0.0, "revenue_dict": {"USD": 0.0, "EUR": 0.0}, "placement_id": "10889414", "placement_name": "10889414_m.saaih.com_ros-1_300x250", "platform": "smaato", "resold_impressions": 6, "date": "2018-01-21", "total_impressions": 262}, "('11441381_xe.gr_business-ad-details_300x600', '2018-01-21')": {"adspaceid": "130291008", "revenue": 0.0, "revenue_dict": {"USD": 0.0, "EUR": 0.0}, "placement_id": "11441381", "placement_name": "11441381_xe.gr_business-ad-details_300x600", "platform": "smaato", "resold_impressions": 36, "date": "2018-01-21", "total_impressions": 13190}, "('7169907_m.prosport.ro_ros3_300x250', '2018-01-21')": {"adspaceid": "130275935", "revenue": 0.08, "revenue_dict": {"USD": 0.08, "EUR": 0.065459}, "placement_id": "7169907", "placement_name": "7169907_m.prosport.ro_ros3_300x250", "platform": "smaato", "resold_impressions": 242, "date": "2018-01-21", "total_impressions": 60927}, "('11441369_xe.gr_property-results-2_300x250', '2018-01-21')": {"adspaceid": "130289702", "revenue": 0.07, "revenue_dict": {"USD": 0.07, "EUR": 0.057277}, "placement_id": "11441369", "placement_name": "11441369_xe.gr_property-results-2_300x250", "platform": "smaato", "resold_impressions": 516, "date": "2018-01-21", "total_impressions": 12737}, "('7166205_m.jurnalul.ro_ros_300x250', '2018-01-21')": {"adspaceid": "130275987", "revenue": 0.09, "revenue_dict": {"USD": 0.09, "EUR": 0.073642}, "placement_id": "7166205", "placement_name": "7166205_m.jurnalul.ro_ros_300x250", "platform": "smaato", "resold_impressions": 285, "date": "2018-01-21", "total_impressions": 20555}, "('9923652_real.gr_homepage-2_300x250', '2018-01-21')": {"adspaceid": "130289669", "revenue": 0.12, "revenue_dict": {"USD": 0.12, "EUR": 0.098189}, "placement_id": "9923652", "placement_name": "9923652_real.gr_homepage-2_300x250", "platform": "smaato", "resold_impressions": 896, "date": "2018-01-21", "total_impressions": 43497}, "('9017397_m.go4it.ro_Box-2_300x250', '2018-01-21')": {"adspaceid": "130275982", "revenue": 0.01, "revenue_dict": {"USD": 0.01, "EUR": 0.008182}, "placement_id": "9017397", "placement_name": "9017397_m.go4it.ro_Box-2_300x250", "platform": "smaato", "resold_impressions": 20, "date": "2018-01-21", "total_impressions": 2399}, "('11348521_freegossip.gr_ros-2-perf_300x250', '2018-01-21')": {"adspaceid": "130289489", "revenue": 0.0, "revenue_dict": {"USD": 0.0, "EUR": 0.0}, "placement_id": "11348521", "placement_name": "11348521_freegossip.gr_ros-2-perf_300x250", "platform": "smaato", "resold_impressions": 0, "date": "2018-01-21", "total_impressions": 1}, "('11441433_xe.gr_stelexos-ad-details-1_300x250', '2018-01-21')": {"adspaceid": "130289730", "revenue": 0.06, "revenue_dict": {"USD": 0.06, "EUR": 0.049094}, "placement_id": "11441433", "placement_name": "11441433_xe.gr_stelexos-ad-details-1_300x250", "platform": "smaato", "resold_impressions": 530, "date": "2018-01-21", "total_impressions": 8061}, "('3962860_skai.gr_webtv_300x250', '2018-01-21')": {"adspaceid": "130289671", "revenue": 0.08, "revenue_dict": {"USD": 0.08, "EUR": 0.065459}, "placement_id": "3962860", "placement_name": "3962860_skai.gr_webtv_300x250", "platform": "smaato", "resold_impressions": 219, "date": "2018-01-21", "total_impressions": 167681}, "('11182549_star.gr_politics-economy-3_300x250', '2018-01-21')": {"adspaceid": "130289442", "revenue": 0.0, "revenue_dict": {"USD": 0.0, "EUR": 0.0}, "placement_id": "11182549", "placement_name": "11182549_star.gr_politics-economy-3_300x250", "platform": "smaato", "resold_impressions": 2, "date": "2018-01-21", "total_impressions": 65}, "('11182528_star.gr_homepage-1_300x250', '2018-01-21')": {"adspaceid": "130289439", "revenue": 0.0, "revenue_dict": {"USD": 0.0, "EUR": 0.0}, "placement_id": "11182528", "placement_name": "11182528_star.gr_homepage-1_300x250", "platform": "smaato", "resold_impressions": 6, "date": "2018-01-21", "total_impressions": 1369}, "('10554577_eurohoops.net_euroleague-ATF_300x250', '2018-01-21')": {"adspaceid": "130289675", "revenue": 0.0, "revenue_dict": {"USD": 0.0, "EUR": 0.0}, "placement_id": "10554577", "placement_name": "10554577_eurohoops.net_euroleague-ATF_300x250", "platform": "smaato", "resold_impressions": 2, "date": "2018-01-21", "total_impressions": 95}, "('11441379_xe.gr_business-results-1_300x600', '2018-01-21')": {"adspaceid": "130291006", "revenue": 0.01, "revenue_dict": {"USD": 0.01, "EUR": 0.008182}, "placement_id": "11441379", "placement_name": "11441379_xe.gr_business-results-1_300x600", "platform": "smaato", "resold_impressions": 97, "date": "2018-01-21", "total_impressions": 17552}, "('11182532_star.gr_homepage-4_300x250', '2018-01-21')": {"adspaceid": "130289436", "revenue": 0.01, "revenue_dict": {"USD": 0.01, "EUR": 0.008182}, "placement_id": "11182532", "placement_name": "11182532_star.gr_homepage-4_300x250", "platform": "smaato", "resold_impressions": 50, "date": "2018-01-21", "total_impressions": 3309}, "('9017446_m.promotor.ro_Box-2_300x250', '2018-01-21')": {"adspaceid": "130275983", "revenue": 0.0, "revenue_dict": {"USD": 0.0, "EUR": 0.0}, "placement_id": "9017446", "placement_name": "9017446_m.promotor.ro_Box-2_300x250", "platform": "smaato", "resold_impressions": 5, "date": "2018-01-21", "total_impressions": 8263}, "('3894559_m.romaniatv.net_allsite_300x250', '2018-01-21')": {"adspaceid": "130272503", "revenue": 0.01, "revenue_dict": {"USD": 0.01, "EUR": 0.008182}, "placement_id": "3894559", "placement_name": "3894559_m.romaniatv.net_allsite_300x250", "platform": "smaato", "resold_impressions": 19, "date": "2018-01-21", "total_impressions": 18407}, "('3841456_meteo.gr_homepage-2_300x250', '2018-01-21')": {"adspaceid": "130289498", "revenue": 0.07, "revenue_dict": {"USD": 0.07, "EUR": 0.057277}, "placement_id": "3841456", "placement_name": "3841456_meteo.gr_homepage-2_300x250", "platform": "smaato", "resold_impressions": 168, "date": "2018-01-21", "total_impressions": 18588}, "('9052098_m.gandul.info_All-site-box-1_300x250', '2018-01-21')": {"adspaceid": "130275942", "revenue": 0.06, "revenue_dict": {"USD": 0.06, "EUR": 0.049094}, "placement_id": "9052098", "placement_name": "9052098_m.gandul.info_All-site-box-1_300x250", "platform": "smaato", "resold_impressions": 188, "date": "2018-01-21", "total_impressions": 7689}, "('7491932_m.csid.ro_ros-1_300x250', '2018-01-21')": {"adspaceid": "130275972", "revenue": 0.0, "revenue_dict": {"USD": 0.0, "EUR": 0.0}, "placement_id": "7491932", "placement_name": "7491932_m.csid.ro_ros-1_300x250", "platform": "smaato", "resold_impressions": 12, "date": "2018-01-21", "total_impressions": 6116}, "('11441386_xe.gr_automoto-results-2_300x600', '2018-01-21')": {"adspaceid": "130291011", "revenue": 0.0, "revenue_dict": {"USD": 0.0, "EUR": 0.0}, "placement_id": "11441386", "placement_name": "11441386_xe.gr_automoto-results-2_300x600", "platform": "smaato", "resold_impressions": 7, "date": "2018-01-21", "total_impressions": 2401}, "('9030502_eparena.com_Medium-Rectangle_300x250', '2018-01-21')": {"adspaceid": "130282484", "revenue": 0.0, "revenue_dict": {"USD": 0.0, "EUR": 0.0}, "placement_id": "9030502", "placement_name": "9030502_eparena.com_Medium-Rectangle_300x250", "platform": "smaato", "resold_impressions": 0, "date": "2018-01-21", "total_impressions": 46}, "('9923655_real.gr_homepage-4_300x250', '2018-01-21')": {"adspaceid": "130289670", "revenue": 0.03, "revenue_dict": {"USD": 0.03, "EUR": 0.024547}, "placement_id": "9923655", "placement_name": "9923655_real.gr_homepage-4_300x250", "platform": "smaato", "resold_impressions": 156, "date": "2018-01-21", "total_impressions": 31346}, "('9720266_real.gr_homepage_300x250', '2018-01-21')": {"adspaceid": "130274624", "revenue": 0.0, "revenue_dict": {"USD": 0.0, "EUR": 0.0}, "placement_id": "9720266", "placement_name": "9720266_real.gr_homepage_300x250", "platform": "smaato", "resold_impressions": 0, "date": "2018-01-21", "total_impressions": 1}, "('11182539_star.gr_ros-1_300x250', '2018-01-21')": {"adspaceid": "130288706", "revenue": 0.01, "revenue_dict": {"USD": 0.01, "EUR": 0.008182}, "placement_id": "11182539", "placement_name": "11182539_star.gr_ros-1_300x250", "platform": "smaato", "resold_impressions": 47, "date": "2018-01-21", "total_impressions": 1687}, "('11441379_xe.gr_business-results-1_300x250', '2018-01-21')": {"adspaceid": "130289732", "revenue": 0.03, "revenue_dict": {"USD": 0.03, "EUR": 0.024547}, "placement_id": "11441379", "placement_name": "11441379_xe.gr_business-results-1_300x250", "platform": "smaato", "resold_impressions": 266, "date": "2018-01-21", "total_impressions": 4425}, "('11441385_xe.gr_automoto-results-1_300x600', '2018-01-21')": {"adspaceid": "130291010", "revenue": 0.0, "revenue_dict": {"USD": 0.0, "EUR": 0.0}, "placement_id": "11441385", "placement_name": "11441385_xe.gr_automoto-results-1_300x600", "platform": "smaato", "resold_impressions": 28, "date": "2018-01-21", "total_impressions": 3578}, "('7491680_m.zf.ro_ros-2_300x250', '2018-01-21')": {"adspaceid": "130273946", "revenue": 0.06, "revenue_dict": {"USD": 0.06, "EUR": 0.049094}, "placement_id": "7491680", "placement_name": "7491680_m.zf.ro_ros-2_300x250", "platform": "smaato", "resold_impressions": 186, "date": "2018-01-21", "total_impressions": 9225}, "('11286112_mindenkilapja.hu_ROS_300x250', '2018-01-21')": {"adspaceid": "130281105", "revenue": 0.0, "revenue_dict": {"USD": 0.0, "EUR": 0.0}, "placement_id": "11286112", "placement_name": "11286112_mindenkilapja.hu_ROS_300x250", "platform": "smaato", "resold_impressions": 40, "date": "2018-01-21", "total_impressions": 85}, "('11441433_xe.gr_stelexos-ad-details-1_300x600', '2018-01-21')": {"adspaceid": "130291017", "revenue": 0.02, "revenue_dict": {"USD": 0.02, "EUR": 0.016365}, "placement_id": "11441433", "placement_name": "11441433_xe.gr_stelexos-ad-details-1_300x600", "platform": "smaato", "resold_impressions": 151, "date": "2018-01-21", "total_impressions": 32504}, "('11441368_xe.gr_property-results-1_300x250', '2018-01-21')": {"adspaceid": "130289703", "revenue": 0.04, "revenue_dict": {"USD": 0.04, "EUR": 0.03273}, "placement_id": "11441368", "placement_name": "11441368_xe.gr_property-results-1_300x250", "platform": "smaato", "resold_impressions": 232, "date": "2018-01-21", "total_impressions": 1203}, "('11182548_star.gr_politics-economy-2_300x250', '2018-01-21')": {"adspaceid": "130289441", "revenue": 0.0, "revenue_dict": {"USD": 0.0, "EUR": 0.0}, "placement_id": "11182548", "placement_name": "11182548_star.gr_politics-economy-2_300x250", "platform": "smaato", "resold_impressions": 0, "date": "2018-01-21", "total_impressions": 59}, "('9905337_alphatv.gr_ros-4_300x250', '2018-01-21')": {"adspaceid": "130289469", "revenue": 0.03, "revenue_dict": {"USD": 0.03, "EUR": 0.024547}, "placement_id": "9905337", "placement_name": "9905337_alphatv.gr_ros-4_300x250", "platform": "smaato", "resold_impressions": 82, "date": "2018-01-21", "total_impressions": 9801}, "('11071848_m.observator.tv_homepage_300x250', '2018-01-21')": {"adspaceid": "130275979", "revenue": 0.0, "revenue_dict": {"USD": 0.0, "EUR": 0.0}, "placement_id": "11071848", "placement_name": "11071848_m.observator.tv_homepage_300x250", "platform": "smaato", "resold_impressions": 4, "date": "2018-01-21", "total_impressions": 1389}, "('11441392_xe.gr_stelexos-results-2_300x600', '2018-01-21')": {"adspaceid": "130291015", "revenue": 0.02, "revenue_dict": {"USD": 0.02, "EUR": 0.016365}, "placement_id": "11441392", "placement_name": "11441392_xe.gr_stelexos-results-2_300x600", "platform": "smaato", "resold_impressions": 111, "date": "2018-01-21", "total_impressions": 13299}, "('3894269_m.economica.net_allsite_300x250', '2018-01-21')": {"adspaceid": "130275974", "revenue": 0.0, "revenue_dict": {"USD": 0.0, "EUR": 0.0}, "placement_id": "3894269", "placement_name": "3894269_m.economica.net_allsite_300x250", "platform": "smaato", "resold_impressions": 1, "date": "2018-01-21", "total_impressions": 1179}, "('9720268_real.gr_ros_300x250', '2018-01-21')": {"adspaceid": "130274625", "revenue": 0.19, "revenue_dict": {"USD": 0.19, "EUR": 0.155466}, "placement_id": "9720268", "placement_name": "9720268_real.gr_ros_300x250", "platform": "smaato", "resold_impressions": 1410, "date": "2018-01-21", "total_impressions": 8345}, "('7169904_m.prosport.ro_ros1_300x250', '2018-01-21')": {"adspaceid": "130275936", "revenue": 0.14, "revenue_dict": {"USD": 0.14, "EUR": 0.114554}, "placement_id": "7169904", "placement_name": "7169904_m.prosport.ro_ros1_300x250", "platform": "smaato", "resold_impressions": 413, "date": "2018-01-21", "total_impressions": 16264}, "('5576507_m.reyada.com_Mobile_300x250', '2018-01-21')": {"adspaceid": "130275958", "revenue": 0.0, "revenue_dict": {"USD": 0.0, "EUR": 0.0}, "placement_id": "5576507", "placement_name": "5576507_m.reyada.com_Mobile_300x250", "platform": "smaato", "resold_impressions": 19, "date": "2018-01-21", "total_impressions": 100}, "('11409757_insider.gr_ros_300x250', '2018-01-21')": {"adspaceid": "130289445", "revenue": 0.0, "revenue_dict": {"USD": 0.0, "EUR": 0.0}, "placement_id": "11409757", "placement_name": "11409757_insider.gr_ros_300x250", "platform": "smaato", "resold_impressions": 0, "date": "2018-01-21", "total_impressions": 432}, "('9525460_m.libertatea.ro_hp-categ-interarticle3-BTF_300x250', '2018-01-21')": {"adspaceid": "130273948", "revenue": 0.67, "revenue_dict": {"USD": 0.67, "EUR": 0.548221}, "placement_id": "9525460", "placement_name": "9525460_m.libertatea.ro_hp-categ-interarticle3-BTF_300x250", "platform": "smaato", "resold_impressions": 1893, "date": "2018-01-21", "total_impressions": 182947}, "('11441392_xe.gr_stelexos-results-2_300x250', '2018-01-21')": {"adspaceid": "130289729", "revenue": 0.03, "revenue_dict": {"USD": 0.03, "EUR": 0.024547}, "placement_id": "11441392", "placement_name": "11441392_xe.gr_stelexos-results-2_300x250", "platform": "smaato", "resold_impressions": 270, "date": "2018-01-21", "total_impressions": 3791}, "('9906187_newsauto.gr_ros-2_300x250', '2018-01-21')": {"adspaceid": "130289668", "revenue": 0.12, "revenue_dict": {"USD": 0.12, "EUR": 0.098189}, "placement_id": "9906187", "placement_name": "9906187_newsauto.gr_ros-2_300x250", "platform": "smaato", "resold_impressions": 2889, "date": "2018-01-21", "total_impressions": 8950}, "('11441380_xe.gr_business-results-2_300x600', '2018-01-21')": {"adspaceid": "130291007", "revenue": 0.0, "revenue_dict": {"USD": 0.0, "EUR": 0.0}, "placement_id": "11441380", "placement_name": "11441380_xe.gr_business-results-2_300x600", "platform": "smaato", "resold_impressions": 31, "date": "2018-01-21", "total_impressions": 15316}, "('9525477_m.libertatea.ro_content-intext-BTF_300x250', '2018-01-21')": {"adspaceid": "130273949", "revenue": 0.46, "revenue_dict": {"USD": 0.46, "EUR": 0.37639}, "placement_id": "9525477", "placement_name": "9525477_m.libertatea.ro_content-intext-BTF_300x250", "platform": "smaato", "resold_impressions": 1402, "date": "2018-01-21", "total_impressions": 127274}, "('11441387_xe.gr_automoto-ad-details_300x600', '2018-01-21')": {"adspaceid": "130291012", "revenue": 0.0, "revenue_dict": {"USD": 0.0, "EUR": 0.0}, "placement_id": "11441387", "placement_name": "11441387_xe.gr_automoto-ad-details_300x600", "platform": "smaato", "resold_impressions": 3, "date": "2018-01-21", "total_impressions": 1372}, "('11182541_star.gr_ros-3_300x250', '2018-01-21')": {"adspaceid": "130288708", "revenue": 0.02, "revenue_dict": {"USD": 0.02, "EUR": 0.016365}, "placement_id": "11182541", "placement_name": "11182541_star.gr_ros-3_300x250", "platform": "smaato", "resold_impressions": 155, "date": "2018-01-21", "total_impressions": 3345}, "('7491781_m.businessmagazin.ro_ros-3_300x250', '2018-01-21')": {"adspaceid": "130275967", "revenue": 0.01, "revenue_dict": {"USD": 0.01, "EUR": 0.008182}, "placement_id": "7491781", "placement_name": "7491781_m.businessmagazin.ro_ros-3_300x250", "platform": "smaato", "resold_impressions": 20, "date": "2018-01-21", "total_impressions": 7101}, "('11409049_m.b1.ro_ros_300x250', '2018-01-21')": {"adspaceid": "130288439", "revenue": 0.13, "revenue_dict": {"USD": 0.13, "EUR": 0.106371}, "placement_id": "11409049", "placement_name": "11409049_m.b1.ro_ros_300x250", "platform": "smaato", "resold_impressions": 349, "date": "2018-01-21", "total_impressions": 41897}, "('10895217_m.kmkz.ro_ros-2_300x250', '2018-01-21')": {"adspaceid": "130275945", "revenue": 0.05, "revenue_dict": {"USD": 0.05, "EUR": 0.040912}, "placement_id": "10895217", "placement_name": "10895217_m.kmkz.ro_ros-2_300x250", "platform": "smaato", "resold_impressions": 166, "date": "2018-01-21", "total_impressions": 11895}, "('9052100_m.gandul.info_All-site-box-3_300x250', '2018-01-21')": {"adspaceid": "130275940", "revenue": 0.07, "revenue_dict": {"USD": 0.07, "EUR": 0.057277}, "placement_id": "9052100", "placement_name": "9052100_m.gandul.info_All-site-box-3_300x250", "platform": "smaato", "resold_impressions": 232, "date": "2018-01-21", "total_impressions": 7919}, "('11441371_xe.gr_property-ad-details-1_300x250', '2018-01-21')": {"adspaceid": "130289704", "revenue": 0.04, "revenue_dict": {"USD": 0.04, "EUR": 0.03273}, "placement_id": "11441371", "placement_name": "11441371_xe.gr_property-ad-details-1_300x250", "platform": "smaato", "resold_impressions": 319, "date": "2018-01-21", "total_impressions": 8866}, "('11441372_xe.gr_property-ad-details-2_300x250', '2018-01-21')": {"adspaceid": "130289686", "revenue": 0.04, "revenue_dict": {"USD": 0.04, "EUR": 0.03273}, "placement_id": "11441372", "placement_name": "11441372_xe.gr_property-ad-details-2_300x250", "platform": "smaato", "resold_impressions": 313, "date": "2018-01-21", "total_impressions": 9483}, "('7491770_m.businessmagazin.ro_ros-2_300x250', '2018-01-21')": {"adspaceid": "130275966", "revenue": 0.01, "revenue_dict": {"USD": 0.01, "EUR": 0.008182}, "placement_id": "7491770", "placement_name": "7491770_m.businessmagazin.ro_ros-2_300x250", "platform": "smaato", "resold_impressions": 49, "date": "2018-01-21", "total_impressions": 5492}, "('7491842_m.mediafax.ro_ros-1_300x250', '2018-01-21')": {"adspaceid": "130275939", "revenue": 0.01, "revenue_dict": {"USD": 0.01, "EUR": 0.008182}, "placement_id": "7491842", "placement_name": "7491842_m.mediafax.ro_ros-1_300x250", "platform": "smaato", "resold_impressions": 43, "date": "2018-01-21", "total_impressions": 26264}, "('5973531_m.avantaje.ro_allsite_300x250', '2018-01-21')": {"adspaceid": "130275931", "revenue": 0.16, "revenue_dict": {"USD": 0.16, "EUR": 0.130918}, "placement_id": "5973531", "placement_name": "5973531_m.avantaje.ro_allsite_300x250", "platform": "smaato", "resold_impressions": 485, "date": "2018-01-21", "total_impressions": 44163}, "('11140981_spynews.ro_ros-2_300x250', '2018-01-21')": {"adspaceid": "130289877", "revenue": 0.45, "revenue_dict": {"USD": 0.45, "EUR": 0.368208}, "placement_id": "11140981", "placement_name": "11140981_spynews.ro_ros-2_300x250", "platform": "smaato", "resold_impressions": 1381, "date": "2018-01-21", "total_impressions": 104642}, "('11441372_xe.gr_property-ad-details-2_300x600', '2018-01-21')": {"adspaceid": "130291005", "revenue": 0.02, "revenue_dict": {"USD": 0.02, "EUR": 0.016365}, "placement_id": "11441372", "placement_name": "11441372_xe.gr_property-ad-details-2_300x600", "platform": "smaato", "resold_impressions": 156, "date": "2018-01-21", "total_impressions": 37802}, "('11500669_insider.gr_ros-2-mobile_300x250', '2018-01-21')": {"adspaceid": "130289215", "revenue": 0.0, "revenue_dict": {"USD": 0.0, "EUR": 0.0}, "placement_id": "11500669", "placement_name": "11500669_insider.gr_ros-2-mobile_300x250", "platform": "smaato", "resold_impressions": 2, "date": "2018-01-21", "total_impressions": 339}, "('3858539_m.unica.ro_ros_300x250', '2018-01-21')": {"adspaceid": "130275932", "revenue": 0.01, "revenue_dict": {"USD": 0.01, "EUR": 0.008182}, "placement_id": "3858539", "placement_name": "3858539_m.unica.ro_ros_300x250", "platform": "smaato", "resold_impressions": 28, "date": "2018-01-21", "total_impressions": 16251}, "('10889411_m.saaih.com_ros-2_300x250', '2018-01-21')": {"adspaceid": "130271187", "revenue": 0.01, "revenue_dict": {"USD": 0.01, "EUR": 0.008182}, "placement_id": "10889411", "placement_name": "10889411_m.saaih.com_ros-2_300x250", "platform": "smaato", "resold_impressions": 9, "date": "2018-01-21", "total_impressions": 426}, "('11604830_insider.gr_ros-new_300x250', '2018-01-21')": {"adspaceid": "130289443", "revenue": 0.02, "revenue_dict": {"USD": 0.02, "EUR": 0.016365}, "placement_id": "11604830", "placement_name": "11604830_insider.gr_ros-new_300x250", "platform": "smaato", "resold_impressions": 58, "date": "2018-01-21", "total_impressions": 7172}, "('11441371_xe.gr_property-ad-details-1_300x600', '2018-01-21')": {"adspaceid": "130291001", "revenue": 0.02, "revenue_dict": {"USD": 0.02, "EUR": 0.016365}, "placement_id": "11441371", "placement_name": "11441371_xe.gr_property-ad-details-1_300x600", "platform": "smaato", "resold_impressions": 156, "date": "2018-01-21", "total_impressions": 33678}, "('4207409_sportfm.gr_soccer-middle_300x250', '2018-01-21')": {"adspaceid": "130289672", "revenue": 0.21, "revenue_dict": {"USD": 0.21, "EUR": 0.17183}, "placement_id": "4207409", "placement_name": "4207409_sportfm.gr_soccer-middle_300x250", "platform": "smaato", "resold_impressions": 1395, "date": "2018-01-21", "total_impressions": 64428}, "('9525451_m.libertatea.ro_hp-categ-interarticle2-BTF_300x250', '2018-01-21')": {"adspaceid": "130273950", "revenue": 0.0, "revenue_dict": {"USD": 0.0, "EUR": 0.0}, "placement_id": "9525451", "placement_name": "9525451_m.libertatea.ro_hp-categ-interarticle2-BTF_300x250", "platform": "smaato", "resold_impressions": 0, "date": "2018-01-21", "total_impressions": 1}, "('11291773_m.prosport.ro_vast_1x1', '2018-01-21')": {"adspaceid": "130270610", "revenue": 0.0, "revenue_dict": {"USD": 0.0, "EUR": 0.0}, "placement_id": "11291773", "placement_name": "11291773_m.prosport.ro_vast_1x1", "platform": "smaato", "resold_impressions": 0, "date": "2018-01-21", "total_impressions": 5}}
