{"('12499926_xe.gr_WithHeaderBidding_300x600', '2018-01-21')": {"resold_impressions": 1810, "revenue": 0.818141, "platform": "criteohb", "placement_name": "12499926_xe.gr_WithHeaderBidding_300x600", "total_impressions": 1810, "clicks": 7, "date": "2018-01-21", "revenue_dict": {"EUR": 0.818141, "USD": 0.999879}, "placement_id": "12499926"}, "('12552413_mojtrg.rs_postBid_728x90', '2018-01-21')": {"resold_impressions": 255, "revenue": 0.12167, "platform": "criteohb", "placement_name": "12552413_mojtrg.rs_postBid_728x90", "total_impressions": 255, "clicks": 0, "date": "2018-01-21", "revenue_dict": {"EUR": 0.12167, "USD": 0.148697}, "placement_id": "12552413"}, "('12552372_merrjep.al_postBid_300x600', '2018-01-21')": {"resold_impressions": 3782, "revenue": 1.555641, "platform": "criteohb", "placement_name": "12552372_merrjep.al_postBid_300x600", "total_impressions": 3782, "clicks": 87, "date": "2018-01-21", "revenue_dict": {"EUR": 1.555641, "USD": 1.901204}, "placement_id": "12552372"}, "('12552388_pazar3.mk_postBid_300x250', '2018-01-21')": {"resold_impressions": 256, "revenue": 0.098272, "platform": "criteohb", "placement_name": "12552388_pazar3.mk_postBid_300x250", "total_impressions": 256, "clicks": 1, "date": "2018-01-21", "revenue_dict": {"EUR": 0.098272, "USD": 0.120102}, "placement_id": "12552388"}, "('12552352_merrjep.com_postBid_970x90', '2018-01-21')": {"resold_impressions": 305, "revenue": 0.164496, "platform": "criteohb", "placement_name": "12552352_merrjep.com_postBid_970x90", "total_impressions": 305, "clicks": 10, "date": "2018-01-21", "revenue_dict": {"EUR": 0.164496, "USD": 0.201036}, "placement_id": "12552352"}, "('12552381_merrjep.al_postBid_970x90', '2018-01-21')": {"resold_impressions": 265, "revenue": 0.129537, "platform": "criteohb", "placement_name": "12552381_merrjep.al_postBid_970x90", "total_impressions": 265, "clicks": 5, "date": "2018-01-21", "revenue_dict": {"EUR": 0.129537, "USD": 0.158312}, "placement_id": "12552381"}, "('12552383_m.pazar3.mk_postBid_300x250', '2018-01-21')": {"resold_impressions": 7774, "revenue": 2.777884, "platform": "criteohb", "placement_name": "12552383_m.pazar3.mk_postBid_300x250", "total_impressions": 7774, "clicks": 124, "date": "2018-01-21", "revenue_dict": {"EUR": 2.777884, "USD": 3.39495}, "placement_id": "12552383"}, "('12552398_pazar3.mk_postBid_970x250', '2018-01-21')": {"resold_impressions": 1484, "revenue": 0.594456, "platform": "criteohb", "placement_name": "12552398_pazar3.mk_postBid_970x250", "total_impressions": 1484, "clicks": 13, "date": "2018-01-21", "revenue_dict": {"EUR": 0.594456, "USD": 0.726506}, "placement_id": "12552398"}, "('12552304_m.merrjep.com_postBid_300x250', '2018-01-21')": {"resold_impressions": 19199, "revenue": 7.763257, "platform": "criteohb", "placement_name": "12552304_m.merrjep.com_postBid_300x250", "total_impressions": 19199, "clicks": 323, "date": "2018-01-21", "revenue_dict": {"EUR": 7.763257, "USD": 9.487751}, "placement_id": "12552304"}, "('12552375_merrjep.al_postBid_970x250', '2018-01-21')": {"resold_impressions": 2181, "revenue": 0.854374, "platform": "criteohb", "placement_name": "12552375_merrjep.al_postBid_970x250", "total_impressions": 2181, "clicks": 31, "date": "2018-01-21", "revenue_dict": {"EUR": 0.854374, "USD": 1.044161}, "placement_id": "12552375"}, "('12552406_mojtrg.rs_postBid_300x250', '2018-01-21')": {"resold_impressions": 918, "revenue": 0.345835, "platform": "criteohb", "placement_name": "12552406_mojtrg.rs_postBid_300x250", "total_impressions": 918, "clicks": 5, "date": "2018-01-21", "revenue_dict": {"EUR": 0.345835, "USD": 0.422657}, "placement_id": "12552406"}, "('12552419_mojtrg.rs_postBid_970x90', '2018-01-21')": {"resold_impressions": 13, "revenue": 0.03374, "platform": "criteohb", "placement_name": "12552419_mojtrg.rs_postBid_970x90", "total_impressions": 13, "clicks": 0, "date": "2018-01-21", "revenue_dict": {"EUR": 0.03374, "USD": 0.041235}, "placement_id": "12552419"}, "('12552416_mojtrg.rs_postBid_970x250', '2018-01-21')": {"resold_impressions": 54, "revenue": 0.076331, "platform": "criteohb", "placement_name": "12552416_mojtrg.rs_postBid_970x250", "total_impressions": 54, "clicks": 1, "date": "2018-01-21", "revenue_dict": {"EUR": 0.076331, "USD": 0.093287}, "placement_id": "12552416"}, "('12552351_merrjep.com_postBid_728x90', '2018-01-21')": {"resold_impressions": 1122, "revenue": 0.630537, "platform": "criteohb", "placement_name": "12552351_merrjep.com_postBid_728x90", "total_impressions": 1122, "clicks": 9, "date": "2018-01-21", "revenue_dict": {"EUR": 0.630537, "USD": 0.770602}, "placement_id": "12552351"}, "('12552357_merrjep.com_postBid_970x250', '2018-01-21')": {"resold_impressions": 2195, "revenue": 1.096233, "platform": "criteohb", "placement_name": "12552357_merrjep.com_postBid_970x250", "total_impressions": 2195, "clicks": 13, "date": "2018-01-21", "revenue_dict": {"EUR": 1.096233, "USD": 1.339745}, "placement_id": "12552357"}, "('12552391_pazar3.mk_postBid_300x600', '2018-01-21')": {"resold_impressions": 4191, "revenue": 1.712914, "platform": "criteohb", "placement_name": "12552391_pazar3.mk_postBid_300x600", "total_impressions": 4191, "clicks": 58, "date": "2018-01-21", "revenue_dict": {"EUR": 1.712914, "USD": 2.093413}, "placement_id": "12552391"}, "('12552410_mojtrg.rs_postBid_300x600', '2018-01-21')": {"resold_impressions": 518, "revenue": 0.262959, "platform": "criteohb", "placement_name": "12552410_mojtrg.rs_postBid_300x600", "total_impressions": 518, "clicks": 7, "date": "2018-01-21", "revenue_dict": {"EUR": 0.262959, "USD": 0.321371}, "placement_id": "12552410"}, "('12552402_pazar3.mk_postBid_970x90', '2018-01-21')": {"resold_impressions": 155, "revenue": 0.058712, "platform": "criteohb", "placement_name": "12552402_pazar3.mk_postBid_970x90", "total_impressions": 155, "clicks": 4, "date": "2018-01-21", "revenue_dict": {"EUR": 0.058712, "USD": 0.071754}, "placement_id": "12552402"}, "('12552270_m.mojtrg.rs_postBid_300x250', '2018-01-21')": {"resold_impressions": 734, "revenue": 0.270398, "platform": "criteohb", "placement_name": "12552270_m.mojtrg.rs_postBid_300x250", "total_impressions": 734, "clicks": 22, "date": "2018-01-21", "revenue_dict": {"EUR": 0.270398, "USD": 0.330463}, "placement_id": "12552270"}, "('12552348_merrjep.com_postBid_300x600', '2018-01-21')": {"resold_impressions": 4021, "revenue": 2.057816, "platform": "criteohb", "placement_name": "12552348_merrjep.com_postBid_300x600", "total_impressions": 4021, "clicks": 34, "date": "2018-01-21", "revenue_dict": {"EUR": 2.057816, "USD": 2.51493}, "placement_id": "12552348"}, "('12552363_m.merrjep.al_postBid_300x250', '2018-01-21')": {"resold_impressions": 26094, "revenue": 11.062573, "platform": "criteohb", "placement_name": "12552363_m.merrjep.al_postBid_300x250", "total_impressions": 26094, "clicks": 623, "date": "2018-01-21", "revenue_dict": {"EUR": 11.062573, "USD": 13.519961}, "placement_id": "12552363"}, "('12552367_merrjep.al_postBid_728x90', '2018-01-21')": {"resold_impressions": 1, "revenue": 0.00088, "platform": "criteohb", "placement_name": "12552367_merrjep.al_postBid_728x90", "total_impressions": 1, "clicks": 0, "date": "2018-01-21", "revenue_dict": {"EUR": 0.00088, "USD": 0.001075}, "placement_id": "12552367"}, "('10851933_meteo.gr_WithHeaderBidding-2_300x250', '2018-01-21')": {"resold_impressions": 2058, "revenue": 1.172489, "platform": "criteohb", "placement_name": "10851933_meteo.gr_WithHeaderBidding-2_300x250", "total_impressions": 2058, "clicks": 17, "date": "2018-01-21", "revenue_dict": {"EUR": 1.172489, "USD": 1.43294}, "placement_id": "10851933"}}
