{"('3841343_m.alphatv.gr_mobile_300x250', '2016-12-05')": {"revenue": 0.030148, "date": "2016-12-05", "placement_id": "3841343", "platform": "facebook", "placement_name": "3841343_m.alphatv.gr_mobile_300x250", "total_impressions": 1936, "resold_impressions": 264, "revenue_dict": {"EUR": 0.028113, "USD": 0.030148}}, "('4068005_m.spynews.ro_allsite_300x250', '2016-12-05')": {"revenue": 1.400641, "date": "2016-12-05", "placement_id": "4068005", "platform": "facebook", "placement_name": "4068005_m.spynews.ro_allsite_300x250", "total_impressions": 83, "resold_impressions": 5, "revenue_dict": {"EUR": 1.306098, "USD": 1.400641}}, "('5600778_m.antena3.ro_allsite_300x250', '2016-12-05')": {"revenue": 0.0, "date": "2016-12-05", "placement_id": "5600778", "platform": "facebook", "placement_name": "5600778_m.antena3.ro_allsite_300x250", "total_impressions": 6, "resold_impressions": 0, "revenue_dict": {"EUR": 0.0, "USD": 0.0}}, "('4896771_m.gsp.ro_allsite_300x250', '2016-12-05')": {"revenue": 1.748014, "date": "2016-12-05", "placement_id": "4896771", "platform": "facebook", "placement_name": "4896771_m.gsp.ro_allsite_300x250", "total_impressions": 6, "resold_impressions": 0, "revenue_dict": {"EUR": 1.630023, "USD": 1.748014}}, "('5665857_m.kanald.ro_allsite_300x250', '2016-12-05')": {"revenue": 0.0, "date": "2016-12-05", "placement_id": "5665857", "platform": "facebook", "placement_name": "5665857_m.kanald.ro_allsite_300x250", "total_impressions": 81, "resold_impressions": 17, "revenue_dict": {"EUR": 0.0, "USD": 0.0}}}
