{"('12531406_savoirville.gr_ros-2_300x250', '2018-01-20')": {"size": "300x250", "platform": "adsense", "clicks": 0, "date": "2018-01-20", "revenue": 0.07, "total_impressions": 4463, "resold_impressions": 2469, "revenue_dict": {"EUR": 0.07, "USD": 0.085528}, "placement_name": "12531406_savoirville.gr_ros-2_300x250", "placement_id": "12531406"}, "('12531399_savoirville.gr_homepage-2_300x250', '2018-01-20')": {"size": "300x250", "platform": "adsense", "clicks": 1, "date": "2018-01-20", "revenue": 0.04, "total_impressions": 183, "resold_impressions": 174, "revenue_dict": {"EUR": 0.04, "USD": 0.048873}, "placement_name": "12531399_savoirville.gr_homepage-2_300x250", "placement_id": "12531399"}, "('Test_MSN_Remnant_728x90', '2018-01-20')": {"size": "728x90", "platform": "adsense", "clicks": 0, "date": "2018-01-20", "revenue": 0.0, "total_impressions": 1, "resold_impressions": 0, "revenue_dict": {"EUR": 0.0, "USD": 0.0}, "placement_name": "Test_MSN_Remnant_728x90", "placement_id": 0}, "('12531411_savoirville.gr_ros-1_728x90', '2018-01-20')": {"size": "728x90", "platform": "adsense", "clicks": 1, "date": "2018-01-20", "revenue": 0.02, "total_impressions": 4639, "resold_impressions": 4122, "revenue_dict": {"EUR": 0.02, "USD": 0.024436}, "placement_name": "12531411_savoirville.gr_ros-1_728x90", "placement_id": "12531411"}, "('10011495_alwakeelnews.com_ros_970x250', '2018-01-20')": {"size": "970x250", "platform": "adsense", "clicks": 0, "date": "2018-01-20", "revenue": 0.0, "total_impressions": 1, "resold_impressions": 0, "revenue_dict": {"EUR": 0.0, "USD": 0.0}, "placement_name": "10011495_alwakeelnews.com_ros_970x250", "placement_id": "10011495"}, "('12531396_savoirville.gr_homepage-2_728x90', '2018-01-20')": {"size": "728x90", "platform": "adsense", "clicks": 0, "date": "2018-01-20", "revenue": 0.0, "total_impressions": 174, "resold_impressions": 153, "revenue_dict": {"EUR": 0.0, "USD": 0.0}, "placement_name": "12531396_savoirville.gr_homepage-2_728x90", "placement_id": "12531396"}, "('TheFrog_300x250', '2018-01-20')": {"size": "300x250", "platform": "adsense", "clicks": 0, "date": "2018-01-20", "revenue": 0.0, "total_impressions": 1, "resold_impressions": 0, "revenue_dict": {"EUR": 0.0, "USD": 0.0}, "placement_name": "TheFrog_300x250", "placement_id": 0}, "('12531401_savoirville.gr_homepage-3_300x250', '2018-01-20')": {"size": "300x250", "platform": "adsense", "clicks": 1, "date": "2018-01-20", "revenue": 0.02, "total_impressions": 181, "resold_impressions": 173, "revenue_dict": {"EUR": 0.02, "USD": 0.024436}, "placement_name": "12531401_savoirville.gr_homepage-3_300x250", "placement_id": "12531401"}, "('12531388_savoirville.gr_homepage-1_728x90', '2018-01-20')": {"size": "728x90", "platform": "adsense", "clicks": 0, "date": "2018-01-20", "revenue": 0.0, "total_impressions": 176, "resold_impressions": 174, "revenue_dict": {"EUR": 0.0, "USD": 0.0}, "placement_name": "12531388_savoirville.gr_homepage-1_728x90", "placement_id": "12531388"}, "('12351524_LocaleNetwork_ros_970x250', '2018-01-20')": {"size": "970x250", "platform": "adsense", "clicks": 0, "date": "2018-01-20", "revenue": 0.0, "total_impressions": 938, "resold_impressions": 730, "revenue_dict": {"EUR": 0.0, "USD": 0.0}, "placement_name": "12351524_LocaleNetwork_ros_970x250", "placement_id": "12351524"}, "('10129071_en.mzadqatar.com@en_ros-mobile_320x50', '2018-01-20')": {"size": "320x50", "platform": "adsense", "clicks": 0, "date": "2018-01-20", "revenue": 0.0, "total_impressions": 219881, "resold_impressions": 15, "revenue_dict": {"EUR": 0.0, "USD": 0.0}, "placement_name": "10129071_en.mzadqatar.com@en_ros-mobile_320x50", "placement_id": "10129071"}, "('12531402_savoirville.gr_ros-1_300x250', '2018-01-20')": {"size": "300x250", "platform": "adsense", "clicks": 1, "date": "2018-01-20", "revenue": 0.05, "total_impressions": 4567, "resold_impressions": 2663, "revenue_dict": {"EUR": 0.05, "USD": 0.061091}, "placement_name": "12531402_savoirville.gr_ros-1_300x250", "placement_id": "12531402"}, "('10715382_eurohoops.net_ros_728x90', '2018-01-20')": {"size": "728x90", "platform": "adsense", "clicks": 0, "date": "2018-01-20", "revenue": 0.0, "total_impressions": 148, "resold_impressions": 73, "revenue_dict": {"EUR": 0.0, "USD": 0.0}, "placement_name": "10715382_eurohoops.net_ros_728x90", "placement_id": "10715382"}, "('10471779_pagenews.gr_ros-1_300x250', '2018-01-20')": {"size": "300x250", "platform": "adsense", "clicks": 0, "date": "2018-01-20", "revenue": 0.0, "total_impressions": 3540, "resold_impressions": 789, "revenue_dict": {"EUR": 0.0, "USD": 0.0}, "placement_name": "10471779_pagenews.gr_ros-1_300x250", "placement_id": "10471779"}, "('12531398_savoirville.gr_homepage-1_300x250', '2018-01-20')": {"size": "300x250", "platform": "adsense", "clicks": 0, "date": "2018-01-20", "revenue": 0.0, "total_impressions": 181, "resold_impressions": 170, "revenue_dict": {"EUR": 0.0, "USD": 0.0}, "placement_name": "12531398_savoirville.gr_homepage-1_300x250", "placement_id": "12531398"}, "('12484008_LocaleNetwork_ros_970x90', '2018-01-20')": {"size": "970x90", "platform": "adsense", "clicks": 5, "date": "2018-01-20", "revenue": 0.08, "total_impressions": 2630, "resold_impressions": 2316, "revenue_dict": {"EUR": 0.08, "USD": 0.097746}, "placement_name": "12484008_LocaleNetwork_ros_970x90", "placement_id": "12484008"}, "('12531409_savoirville.gr_ros-3_300x250', '2018-01-20')": {"size": "300x250", "platform": "adsense", "clicks": 2, "date": "2018-01-20", "revenue": 0.21, "total_impressions": 4343, "resold_impressions": 2335, "revenue_dict": {"EUR": 0.21, "USD": 0.256583}, "placement_name": "12531409_savoirville.gr_ros-3_300x250", "placement_id": "12531409"}, "('Test_MSN_Remnant_300x250', '2018-01-20')": {"size": "300x250", "platform": "adsense", "clicks": 0, "date": "2018-01-20", "revenue": 0.0, "total_impressions": 1, "resold_impressions": 0, "revenue_dict": {"EUR": 0.0, "USD": 0.0}, "placement_name": "Test_MSN_Remnant_300x250", "placement_id": 0}, "('11142959_sarayanews.com_ros-tmp_120x600', '2018-01-20')": {"size": "120x600", "platform": "adsense", "clicks": 0, "date": "2018-01-20", "revenue": 0.0, "total_impressions": 1, "resold_impressions": 0, "revenue_dict": {"EUR": 0.0, "USD": 0.0}, "placement_name": "11142959_sarayanews.com_ros-tmp_120x600", "placement_id": "11142959"}, "('Houselife Adsense 300x250', '2018-01-20')": {"size": "300x250", "platform": "adsense", "clicks": 0, "date": "2018-01-20", "revenue": 0.0, "total_impressions": 1, "resold_impressions": 1, "revenue_dict": {"EUR": 0.0, "USD": 0.0}, "placement_name": "Houselife Adsense 300x250", "placement_id": 0}, "('YL_300x250', '2018-01-20')": {"size": "300x250", "platform": "adsense", "clicks": 0, "date": "2018-01-20", "revenue": 0.0, "total_impressions": 2, "resold_impressions": 0, "revenue_dict": {"EUR": 0.0, "USD": 0.0}, "placement_name": "YL_300x250", "placement_id": 0}}
