{"('3841343_m.alphatv.gr_mobile_300x250', '2016-12-06')": {"total_impressions": 139, "revenue": 0.030148, "date": "2016-12-06", "placement_id": "3841343", "resold_impressions": 3, "revenue_dict": {"USD": 0.030148, "EUR": 0.028086}, "placement_name": "3841343_m.alphatv.gr_mobile_300x250", "platform": "facebook"}, "('5665857_m.kanald.ro_allsite_300x250', '2016-12-06')": {"total_impressions": 55, "revenue": 0.0, "date": "2016-12-06", "placement_id": "5665857", "resold_impressions": 13, "revenue_dict": {"USD": 0.0, "EUR": 0.0}, "placement_name": "5665857_m.kanald.ro_allsite_300x250", "platform": "facebook"}, "('4068005_m.spynews.ro_allsite_300x250', '2016-12-06')": {"total_impressions": 63, "revenue": 0.0, "date": "2016-12-06", "placement_id": "4068005", "resold_impressions": 7, "revenue_dict": {"USD": 0.0, "EUR": 0.0}, "placement_name": "4068005_m.spynews.ro_allsite_300x250", "platform": "facebook"}, "('5600778_m.antena3.ro_allsite_300x250', '2016-12-06')": {"total_impressions": 6, "revenue": 0.0, "date": "2016-12-06", "placement_id": "5600778", "resold_impressions": 0, "revenue_dict": {"USD": 0.0, "EUR": 0.0}, "placement_name": "5600778_m.antena3.ro_allsite_300x250", "platform": "facebook"}, "('4896771_m.gsp.ro_allsite_300x250', '2016-12-06')": {"total_impressions": 1, "revenue": 0.0, "date": "2016-12-06", "placement_id": "4896771", "resold_impressions": 0, "revenue_dict": {"USD": 0.0, "EUR": 0.0}, "placement_name": "4896771_m.gsp.ro_allsite_300x250", "platform": "facebook"}}
