{"('12552304_m.merrjep.com_postBid_300x250', '2018-01-20')": {"placement_id": "12552304", "date": "2018-01-20", "resold_impressions": 16913, "total_impressions": 16913, "revenue": 7.056876, "revenue_dict": {"EUR": 7.056876, "USD": 8.622244}, "placement_name": "12552304_m.merrjep.com_postBid_300x250", "platform": "criteohb", "clicks": 294}, "('12552410_mojtrg.rs_postBid_300x600', '2018-01-20')": {"placement_id": "12552410", "date": "2018-01-20", "resold_impressions": 433, "total_impressions": 433, "revenue": 0.214539, "revenue_dict": {"EUR": 0.214539, "USD": 0.262128}, "placement_name": "12552410_mojtrg.rs_postBid_300x600", "platform": "criteohb", "clicks": 1}, "('12499926_xe.gr_WithHeaderBidding_300x600', '2018-01-20')": {"placement_id": "12499926", "date": "2018-01-20", "resold_impressions": 1643, "total_impressions": 1643, "revenue": 0.795298, "revenue_dict": {"EUR": 0.795298, "USD": 0.971712}, "placement_name": "12499926_xe.gr_WithHeaderBidding_300x600", "platform": "criteohb", "clicks": 10}, "('12552372_merrjep.al_postBid_300x600', '2018-01-20')": {"placement_id": "12552372", "date": "2018-01-20", "resold_impressions": 3831, "total_impressions": 3831, "revenue": 1.840171, "revenue_dict": {"EUR": 1.840171, "USD": 2.248361}, "placement_name": "12552372_merrjep.al_postBid_300x600", "platform": "criteohb", "clicks": 84}, "('10851933_meteo.gr_WithHeaderBidding-2_300x250', '2018-01-20')": {"placement_id": "10851933", "date": "2018-01-20", "resold_impressions": 1731, "total_impressions": 1731, "revenue": 1.050938, "revenue_dict": {"EUR": 1.050938, "USD": 1.284059}, "placement_name": "10851933_meteo.gr_WithHeaderBidding-2_300x250", "platform": "criteohb", "clicks": 16}, "('12552383_m.pazar3.mk_postBid_300x250', '2018-01-20')": {"placement_id": "12552383", "date": "2018-01-20", "resold_impressions": 7758, "total_impressions": 7758, "revenue": 3.193606, "revenue_dict": {"EUR": 3.193606, "USD": 3.902017}, "placement_name": "12552383_m.pazar3.mk_postBid_300x250", "platform": "criteohb", "clicks": 117}, "('12552388_pazar3.mk_postBid_300x250', '2018-01-20')": {"placement_id": "12552388", "date": "2018-01-20", "resold_impressions": 274, "total_impressions": 274, "revenue": 0.09919, "revenue_dict": {"EUR": 0.09919, "USD": 0.121192}, "placement_name": "12552388_pazar3.mk_postBid_300x250", "platform": "criteohb", "clicks": 0}, "('12552270_m.mojtrg.rs_postBid_300x250', '2018-01-20')": {"placement_id": "12552270", "date": "2018-01-20", "resold_impressions": 586, "total_impressions": 586, "revenue": 0.32109, "revenue_dict": {"EUR": 0.32109, "USD": 0.392315}, "placement_name": "12552270_m.mojtrg.rs_postBid_300x250", "platform": "criteohb", "clicks": 12}, "('12552351_merrjep.com_postBid_728x90', '2018-01-20')": {"placement_id": "12552351", "date": "2018-01-20", "resold_impressions": 1255, "total_impressions": 1255, "revenue": 0.641405, "revenue_dict": {"EUR": 0.641405, "USD": 0.783683}, "placement_name": "12552351_merrjep.com_postBid_728x90", "platform": "criteohb", "clicks": 6}, "('12552348_merrjep.com_postBid_300x600', '2018-01-20')": {"placement_id": "12552348", "date": "2018-01-20", "resold_impressions": 4734, "total_impressions": 4734, "revenue": 2.425344, "revenue_dict": {"EUR": 2.425344, "USD": 2.963338}, "placement_name": "12552348_merrjep.com_postBid_300x600", "platform": "criteohb", "clicks": 43}, "('12552363_m.merrjep.al_postBid_300x250', '2018-01-20')": {"placement_id": "12552363", "date": "2018-01-20", "resold_impressions": 24390, "total_impressions": 24390, "revenue": 10.846368, "revenue_dict": {"EUR": 10.846368, "USD": 13.252328}, "placement_name": "12552363_m.merrjep.al_postBid_300x250", "platform": "criteohb", "clicks": 555}, "('12552416_mojtrg.rs_postBid_970x250', '2018-01-20')": {"placement_id": "12552416", "date": "2018-01-20", "resold_impressions": 76, "total_impressions": 76, "revenue": 0.031269, "revenue_dict": {"EUR": 0.031269, "USD": 0.038205}, "placement_name": "12552416_mojtrg.rs_postBid_970x250", "platform": "criteohb", "clicks": 0}, "('12552419_mojtrg.rs_postBid_970x90', '2018-01-20')": {"placement_id": "12552419", "date": "2018-01-20", "resold_impressions": 22, "total_impressions": 22, "revenue": 0.035496, "revenue_dict": {"EUR": 0.035496, "USD": 0.04337}, "placement_name": "12552419_mojtrg.rs_postBid_970x90", "platform": "criteohb", "clicks": 0}, "('12552406_mojtrg.rs_postBid_300x250', '2018-01-20')": {"placement_id": "12552406", "date": "2018-01-20", "resold_impressions": 810, "total_impressions": 810, "revenue": 0.358061, "revenue_dict": {"EUR": 0.358061, "USD": 0.437487}, "placement_name": "12552406_mojtrg.rs_postBid_300x250", "platform": "criteohb", "clicks": 4}, "('12552357_merrjep.com_postBid_970x250', '2018-01-20')": {"placement_id": "12552357", "date": "2018-01-20", "resold_impressions": 2653, "total_impressions": 2653, "revenue": 1.373236, "revenue_dict": {"EUR": 1.373236, "USD": 1.67785}, "placement_name": "12552357_merrjep.com_postBid_970x250", "platform": "criteohb", "clicks": 19}, "('12552413_mojtrg.rs_postBid_728x90', '2018-01-20')": {"placement_id": "12552413", "date": "2018-01-20", "resold_impressions": 167, "total_impressions": 167, "revenue": 0.069548, "revenue_dict": {"EUR": 0.069548, "USD": 0.084975}, "placement_name": "12552413_mojtrg.rs_postBid_728x90", "platform": "criteohb", "clicks": 0}, "('12552352_merrjep.com_postBid_970x90', '2018-01-20')": {"placement_id": "12552352", "date": "2018-01-20", "resold_impressions": 428, "total_impressions": 428, "revenue": 0.222717, "revenue_dict": {"EUR": 0.222717, "USD": 0.27212}, "placement_name": "12552352_merrjep.com_postBid_970x90", "platform": "criteohb", "clicks": 3}, "('12552367_merrjep.al_postBid_728x90', '2018-01-20')": {"placement_id": "12552367", "date": "2018-01-20", "resold_impressions": 0, "total_impressions": 0, "revenue": 0.0, "revenue_dict": {"EUR": 0.0, "USD": 0.0}, "placement_name": "12552367_merrjep.al_postBid_728x90", "platform": "criteohb", "clicks": 0}, "('12552391_pazar3.mk_postBid_300x600', '2018-01-20')": {"placement_id": "12552391", "date": "2018-01-20", "resold_impressions": 4121, "total_impressions": 4121, "revenue": 1.608009, "revenue_dict": {"EUR": 1.608009, "USD": 1.9647}, "placement_name": "12552391_pazar3.mk_postBid_300x600", "platform": "criteohb", "clicks": 38}, "('12552375_merrjep.al_postBid_970x250', '2018-01-20')": {"placement_id": "12552375", "date": "2018-01-20", "resold_impressions": 2155, "total_impressions": 2155, "revenue": 1.045802, "revenue_dict": {"EUR": 1.045802, "USD": 1.277784}, "placement_name": "12552375_merrjep.al_postBid_970x250", "platform": "criteohb", "clicks": 13}, "('12552402_pazar3.mk_postBid_970x90', '2018-01-20')": {"placement_id": "12552402", "date": "2018-01-20", "resold_impressions": 141, "total_impressions": 141, "revenue": 0.054063, "revenue_dict": {"EUR": 0.054063, "USD": 0.066055}, "placement_name": "12552402_pazar3.mk_postBid_970x90", "platform": "criteohb", "clicks": 1}, "('12552398_pazar3.mk_postBid_970x250', '2018-01-20')": {"placement_id": "12552398", "date": "2018-01-20", "resold_impressions": 1748, "total_impressions": 1748, "revenue": 0.727809, "revenue_dict": {"EUR": 0.727809, "USD": 0.889253}, "placement_name": "12552398_pazar3.mk_postBid_970x250", "platform": "criteohb", "clicks": 8}, "('12552381_merrjep.al_postBid_970x90', '2018-01-20')": {"placement_id": "12552381", "date": "2018-01-20", "resold_impressions": 363, "total_impressions": 363, "revenue": 0.170569, "revenue_dict": {"EUR": 0.170569, "USD": 0.208405}, "placement_name": "12552381_merrjep.al_postBid_970x90", "platform": "criteohb", "clicks": 13}}
